Archive member included to satisfy reference by file (symbol)

c:/progra~1/jetbra~1/gcc-ar~1/bin/../lib/gcc/arm-none-eabi/8.3.1/thumb/v7e-m/nofp\libgcc.a(_arm_addsubdf3.o)
                              CMakeFiles/TestLCDi2c.elf.dir/Core/Src/mg811.c.obj (__aeabi_dsub)
c:/progra~1/jetbra~1/gcc-ar~1/bin/../lib/gcc/arm-none-eabi/8.3.1/thumb/v7e-m/nofp\libgcc.a(_arm_muldivdf3.o)
                              CMakeFiles/TestLCDi2c.elf.dir/Core/Src/mg811.c.obj (__aeabi_dmul)
c:/progra~1/jetbra~1/gcc-ar~1/bin/../lib/gcc/arm-none-eabi/8.3.1/thumb/v7e-m/nofp\libgcc.a(_arm_truncdfsf2.o)
                              CMakeFiles/TestLCDi2c.elf.dir/Core/Src/DHT.c.obj (__aeabi_d2f)
c:/progra~1/jetbra~1/gcc-ar~1/bin/../lib/gcc/arm-none-eabi/8.3.1/thumb/v7e-m/nofp\libgcc.a(_aeabi_uldivmod.o)
                              CMakeFiles/TestLCDi2c.elf.dir/Drivers/STM32F4xx_HAL_Driver/Src/stm32f4xx_hal_rcc.c.obj (__aeabi_uldivmod)
c:/progra~1/jetbra~1/gcc-ar~1/bin/../lib/gcc/arm-none-eabi/8.3.1/thumb/v7e-m/nofp\libgcc.a(_udivmoddi4.o)
                              c:/progra~1/jetbra~1/gcc-ar~1/bin/../lib/gcc/arm-none-eabi/8.3.1/thumb/v7e-m/nofp\libgcc.a(_aeabi_uldivmod.o) (__udivmoddi4)
c:/progra~1/jetbra~1/gcc-ar~1/bin/../lib/gcc/arm-none-eabi/8.3.1/thumb/v7e-m/nofp\libgcc.a(_dvmd_tls.o)
                              c:/progra~1/jetbra~1/gcc-ar~1/bin/../lib/gcc/arm-none-eabi/8.3.1/thumb/v7e-m/nofp\libgcc.a(_aeabi_uldivmod.o) (__aeabi_ldiv0)
c:/progra~1/jetbra~1/gcc-ar~1/bin/../lib/gcc/arm-none-eabi/8.3.1/../../../../arm-none-eabi/lib/thumb/v7e-m/nofp\libg.a(lib_a-errno.o)
                              CMakeFiles/TestLCDi2c.elf.dir/Core/Src/syscalls.c.obj (__errno)
c:/progra~1/jetbra~1/gcc-ar~1/bin/../lib/gcc/arm-none-eabi/8.3.1/../../../../arm-none-eabi/lib/thumb/v7e-m/nofp\libg.a(lib_a-exit.o)
                              c:/progra~1/jetbra~1/gcc-ar~1/bin/../lib/gcc/arm-none-eabi/8.3.1/../../../../arm-none-eabi/lib/thumb/v7e-m/nofp/crt0.o (exit)
c:/progra~1/jetbra~1/gcc-ar~1/bin/../lib/gcc/arm-none-eabi/8.3.1/../../../../arm-none-eabi/lib/thumb/v7e-m/nofp\libg.a(lib_a-impure.o)
                              c:/progra~1/jetbra~1/gcc-ar~1/bin/../lib/gcc/arm-none-eabi/8.3.1/../../../../arm-none-eabi/lib/thumb/v7e-m/nofp\libg.a(lib_a-exit.o) (_global_impure_ptr)
c:/progra~1/jetbra~1/gcc-ar~1/bin/../lib/gcc/arm-none-eabi/8.3.1/../../../../arm-none-eabi/lib/thumb/v7e-m/nofp\libg.a(lib_a-init.o)
                              c:/progra~1/jetbra~1/gcc-ar~1/bin/../lib/gcc/arm-none-eabi/8.3.1/../../../../arm-none-eabi/lib/thumb/v7e-m/nofp/crt0.o (__libc_init_array)
c:/progra~1/jetbra~1/gcc-ar~1/bin/../lib/gcc/arm-none-eabi/8.3.1/../../../../arm-none-eabi/lib/thumb/v7e-m/nofp\libg.a(lib_a-memset.o)
                              c:/progra~1/jetbra~1/gcc-ar~1/bin/../lib/gcc/arm-none-eabi/8.3.1/../../../../arm-none-eabi/lib/thumb/v7e-m/nofp/crt0.o (memset)
c:/progra~1/jetbra~1/gcc-ar~1/bin/../lib/gcc/arm-none-eabi/8.3.1/../../../../arm-none-eabi/lib/thumb/v7e-m/nofp\libg.a(lib_a-strlen.o)
                              CMakeFiles/TestLCDi2c.elf.dir/Core/Src/lcd16x2_i2c.c.obj (strlen)
c:/progra~1/jetbra~1/gcc-ar~1/bin/../lib/gcc/arm-none-eabi/8.3.1/../../../../arm-none-eabi/lib/thumb/v7e-m/nofp\libg.a(lib_a-vsprintf.o)
                              CMakeFiles/TestLCDi2c.elf.dir/Core/Src/lcd16x2_i2c.c.obj (vsprintf)
c:/progra~1/jetbra~1/gcc-ar~1/bin/../lib/gcc/arm-none-eabi/8.3.1/../../../../arm-none-eabi/lib/thumb/v7e-m/nofp\libg.a(lib_a-__call_atexit.o)
                              c:/progra~1/jetbra~1/gcc-ar~1/bin/../lib/gcc/arm-none-eabi/8.3.1/../../../../arm-none-eabi/lib/thumb/v7e-m/nofp\libg.a(lib_a-exit.o) (__call_exitprocs)
c:/progra~1/jetbra~1/gcc-ar~1/bin/../lib/gcc/arm-none-eabi/8.3.1/../../../../arm-none-eabi/lib/thumb/v7e-m/nofp\libg.a(lib_a-atexit.o)
                              c:/progra~1/jetbra~1/gcc-ar~1/bin/../lib/gcc/arm-none-eabi/8.3.1/../../../../arm-none-eabi/lib/thumb/v7e-m/nofp\libg.a(lib_a-__call_atexit.o) (atexit)
c:/progra~1/jetbra~1/gcc-ar~1/bin/../lib/gcc/arm-none-eabi/8.3.1/../../../../arm-none-eabi/lib/thumb/v7e-m/nofp\libg.a(lib_a-fini.o)
                              c:/progra~1/jetbra~1/gcc-ar~1/bin/../lib/gcc/arm-none-eabi/8.3.1/../../../../arm-none-eabi/lib/thumb/v7e-m/nofp\libg.a(lib_a-__call_atexit.o) (__libc_fini_array)
c:/progra~1/jetbra~1/gcc-ar~1/bin/../lib/gcc/arm-none-eabi/8.3.1/../../../../arm-none-eabi/lib/thumb/v7e-m/nofp\libg.a(lib_a-lock.o)
                              c:/progra~1/jetbra~1/gcc-ar~1/bin/../lib/gcc/arm-none-eabi/8.3.1/../../../../arm-none-eabi/lib/thumb/v7e-m/nofp\libg.a(lib_a-__call_atexit.o) (__retarget_lock_acquire_recursive)
c:/progra~1/jetbra~1/gcc-ar~1/bin/../lib/gcc/arm-none-eabi/8.3.1/../../../../arm-none-eabi/lib/thumb/v7e-m/nofp\libg.a(lib_a-svfprintf.o)
[...]
Memory Configuration

Name             Origin             Length             Attributes
RAM              0x20000000         0x00020000         xrw
FLASH            0x08000000         0x00080000         xr
*default*        0x00000000         0xffffffff

Linker script and memory map

LOAD c:/progra~1/jetbra~1/gcc-ar~1/bin/../lib/gcc/arm-none-eabi/8.3.1/thumb/v7e-m/nofp/crti.o
LOAD c:/progra~1/jetbra~1/gcc-ar~1/bin/../lib/gcc/arm-none-eabi/8.3.1/thumb/v7e-m/nofp/crtbegin.o
LOAD c:/progra~1/jetbra~1/gcc-ar~1/bin/../lib/gcc/arm-none-eabi/8.3.1/../../../../arm-none-eabi/lib/thumb/v7e-m/nofp/crt0.o
LOAD CMakeFiles/TestLCDi2c.elf.dir/Core/Src/DHT.c.obj
LOAD CMakeFiles/TestLCDi2c.elf.dir/Core/Src/Timer_Delay.c.obj
LOAD CMakeFiles/TestLCDi2c.elf.dir/Core/Src/lcd16x2_i2c.c.obj
LOAD CMakeFiles/TestLCDi2c.elf.dir/Core/Src/main.c.obj
LOAD CMakeFiles/TestLCDi2c.elf.dir/Core/Src/mg811.c.obj
LOAD CMakeFiles/TestLCDi2c.elf.dir/Core/Src/stm32f4xx_hal_msp.c.obj
LOAD CMakeFiles/TestLCDi2c.elf.dir/Core/Src/stm32f4xx_it.c.obj
LOAD CMakeFiles/TestLCDi2c.elf.dir/Core/Src/syscalls.c.obj
LOAD CMakeFiles/TestLCDi2c.elf.dir/Core/Src/sysmem.c.obj
LOAD CMakeFiles/TestLCDi2c.elf.dir/Core/Src/system_stm32f4xx.c.obj
LOAD CMakeFiles/TestLCDi2c.elf.dir/Core/Startup/startup_stm32f411vetx.s.obj
LOAD CMakeFiles/TestLCDi2c.elf.dir/Drivers/STM32F4xx_HAL_Driver/Src/stm32f4xx_hal.c.obj
LOAD CMakeFiles/TestLCDi2c.elf.dir/Drivers/STM32F4xx_HAL_Driver/Src/stm32f4xx_hal_adc.c.obj
LOAD CMakeFiles/TestLCDi2c.elf.dir/Drivers/STM32F4xx_HAL_Driver/Src/stm32f4xx_hal_adc_ex.c.obj
LOAD CMakeFiles/TestLCDi2c.elf.dir/Drivers/STM32F4xx_HAL_Driver/Src/stm32f4xx_hal_cortex.c.obj
LOAD CMakeFiles/TestLCDi2c.elf.dir/Drivers/STM32F4xx_HAL_Driver/Src/stm32f4xx_hal_dma.c.obj
LOAD CMakeFiles/TestLCDi2c.elf.dir/Drivers/STM32F4xx_HAL_Driver/Src/stm32f4xx_hal_dma_ex.c.obj
LOAD CMakeFiles/TestLCDi2c.elf.dir/Drivers/STM32F4xx_HAL_Driver/Src/stm32f4xx_hal_exti.c.obj
LOAD CMakeFiles/TestLCDi2c.elf.dir/Drivers/STM32F4xx_HAL_Driver/Src/stm32f4xx_hal_flash.c.obj
LOAD CMakeFiles/TestLCDi2c.elf.dir/Drivers/STM32F4xx_HAL_Driver/Src/stm32f4xx_hal_flash_ex.c.obj
LOAD CMakeFiles/TestLCDi2c.elf.dir/Drivers/STM32F4xx_HAL_Driver/Src/stm32f4xx_hal_flash_ramfunc.c.obj
LOAD CMakeFiles/TestLCDi2c.elf.dir/Drivers/STM32F4xx_HAL_Driver/Src/stm32f4xx_hal_gpio.c.obj
LOAD CMakeFiles/TestLCDi2c.elf.dir/Drivers/STM32F4xx_HAL_Driver/Src/stm32f4xx_hal_i2c.c.obj
LOAD CMakeFiles/TestLCDi2c.elf.dir/Drivers/STM32F4xx_HAL_Driver/Src/stm32f4xx_hal_i2c_ex.c.obj
LOAD CMakeFiles/TestLCDi2c.elf.dir/Drivers/STM32F4xx_HAL_Driver/Src/stm32f4xx_hal_pwr.c.obj
LOAD CMakeFiles/TestLCDi2c.elf.dir/Drivers/STM32F4xx_HAL_Driver/Src/stm32f4xx_hal_pwr_ex.c.obj
LOAD CMakeFiles/TestLCDi2c.elf.dir/Drivers/STM32F4xx_HAL_Driver/Src/stm32f4xx_hal_rcc.c.obj
LOAD CMakeFiles/TestLCDi2c.elf.dir/Drivers/STM32F4xx_HAL_Driver/Src/stm32f4xx_hal_rcc_ex.c.obj
LOAD CMakeFiles/TestLCDi2c.elf.dir/Drivers/STM32F4xx_HAL_Driver/Src/stm32f4xx_hal_tim.c.obj
LOAD CMakeFiles/TestLCDi2c.elf.dir/Drivers/STM32F4xx_HAL_Driver/Src/stm32f4xx_hal_tim_ex.c.obj
START GROUP
LOAD c:/progra~1/jetbra~1/gcc-ar~1/bin/../lib/gcc/arm-none-eabi/8.3.1/thumb/v7e-m/nofp\libgcc.a
LOAD c:/progra~1/jetbra~1/gcc-ar~1/bin/../lib/gcc/arm-none-eabi/8.3.1/../../../../arm-none-eabi/lib/thumb/v7e-m/nofp\libg.a
LOAD c:/progra~1/jetbra~1/gcc-ar~1/bin/../lib/gcc/arm-none-eabi/8.3.1/../../../../arm-none-eabi/lib/thumb/v7e-m/nofp\libc.a
END GROUP
LOAD c:/progra~1/jetbra~1/gcc-ar~1/bin/../lib/gcc/arm-none-eabi/8.3.1/thumb/v7e-m/nofp/crtend.o
LOAD c:/progra~1/jetbra~1/gcc-ar~1/bin/../lib/gcc/arm-none-eabi/8.3.1/thumb/v7e-m/nofp/crtn.o
                0x20020000                _estack = (ORIGIN (RAM) + LENGTH (RAM))
                0x00000200                _Min_Heap_Size = 0x200
                0x00000400                _Min_Stack_Size = 0x400

.isr_vector     0x08000000      0x198
                0x08000000                . = ALIGN (0x4)
 *(.isr_vector)
 .isr_vector    0x08000000      0x198 CMakeFiles/TestLCDi2c.elf.dir/Core/Startup/startup_stm32f411vetx.s.obj
                0x08000000                g_pfnVectors
                0x08000198                . = ALIGN (0x4)

.text           0x080001c0     0x8494
                0x080001c0                . = ALIGN (0x4)
 *(.text)
 .text          0x080001c0       0x40 c:/progra~1/jetbra~1/gcc-ar~1/bin/../lib/gcc/arm-none-eabi/8.3.1/thumb/v7e-m/nofp/crtbegin.o
 .text          0x08000200      0x378 c:/progra~1/jetbra~1/gcc-ar~1/bin/../lib/gcc/arm-none-eabi/8.3.1/thumb/v7e-m/nofp\libgcc.a(_arm_addsubdf3.o)
                0x08000200                __aeabi_drsub
                0x08000208                __aeabi_dsub
                0x08000208                __subdf3
                0x0800020c                __aeabi_dadd
                0x0800020c                __adddf3
                0x08000484                __floatunsidf
                0x08000484                __aeabi_ui2d
                0x080004a4                __floatsidf
                0x080004a4                __aeabi_i2d
                0x080004c8                __aeabi_f2d
                0x080004c8                __extendsfdf2
                0x0800050c                __floatundidf
                0x0800050c                __aeabi_ul2d
                0x0800051c                __floatdidf
                0x0800051c                __aeabi_l2d
 .text          0x08000578      0x424 c:/progra~1/jetbra~1/gcc-ar~1/bin/../lib/gcc/arm-none-eabi/8.3.1/thumb/v7e-m/nofp\libgcc.a(_arm_muldivdf3.o)
                0x08000578                __aeabi_dmul
                0x08000578                __muldf3
                0x080007cc                __divdf3
                0x080007cc                __aeabi_ddiv
 .text          0x0800099c       0xa0 c:/progra~1/jetbra~1/gcc-ar~1/bin/../lib/gcc/arm-none-eabi/8.3.1/thumb/v7e-m/nofp\libgcc.a(_arm_truncdfsf2.o)
                0x0800099c                __truncdfsf2
                0x0800099c                __aeabi_d2f
 .text          0x08000a3c       0x30 c:/progra~1/jetbra~1/gcc-ar~1/bin/../lib/gcc/arm-none-eabi/8.3.1/thumb/v7e-m/nofp\libgcc.a(_aeabi_uldivmod.o)
                0x08000a3c                __aeabi_uldivmod
 .text          0x08000a6c      0x2d0 c:/progra~1/jetbra~1/gcc-ar~1/bin/../lib/gcc/arm-none-eabi/8.3.1/thumb/v7e-m/nofp\libgcc.a(_udivmoddi4.o)
                0x08000a6c                __udivmoddi4
 .text          0x08000d3c        0x4 c:/progra~1/jetbra~1/gcc-ar~1/bin/../lib/gcc/arm-none-eabi/8.3.1/thumb/v7e-m/nofp\libgcc.a(_dvmd_tls.o)
                0x08000d3c                __aeabi_idiv0
                0x08000d3c                __aeabi_ldiv0
 .text          0x08000d40       0xdc c:/progra~1/jetbra~1/gcc-ar~1/bin/../lib/gcc/arm-none-eabi/8.3.1/../../../../arm-none-eabi/lib/thumb/v7e-m/nofp\libg.a(lib_a-strlen.o)
                0x08000d40                strlen
 *fill*         0x08000e1c        0x4 
 .text          0x08000e20       0xa0 c:/progra~1/jetbra~1/gcc-ar~1/bin/../lib/gcc/arm-none-eabi/8.3.1/../../../../arm-none-eabi/lib/thumb/v7e-m/nofp\libg.a(lib_a-memchr.o)
                0x08000e20                memchr
 .text          0x08000ec0      0x134 c:/progra~1/jetbra~1/gcc-ar~1/bin/../lib/gcc/arm-none-eabi/8.3.1/../../../../arm-none-eabi/lib/thumb/v7e-m/nofp\libg.a(lib_a-memcpy.o)
                0x08000ec0                memcpy
 .text          0x08000ff4      0x110 c:/progra~1/jetbra~1/gcc-ar~1/bin/../lib/gcc/arm-none-eabi/8.3.1/thumb/v7e-m/nofp\libgcc.a(_arm_cmpdf2.o)
                0x08000ff4                __gtdf2
                0x08000ff4                __gedf2
                0x08000ffc                __ltdf2
                0x08000ffc                __ledf2
                0x08001004                __nedf2
                0x08001004                __eqdf2
                0x08001004                __cmpdf2
                0x08001080                __aeabi_cdrcmple
                0x08001090                __aeabi_cdcmpeq
                0x08001090                __aeabi_cdcmple
                0x080010a0                __aeabi_dcmpeq
                0x080010b4                __aeabi_dcmplt
                0x080010c8                __aeabi_dcmple
                0x080010dc                __aeabi_dcmpge
                0x080010f0                __aeabi_dcmpgt
 .text          0x08001104       0x2c c:/progra~1/jetbra~1/gcc-ar~1/bin/../lib/gcc/arm-none-eabi/8.3.1/thumb/v7e-m/nofp\libgcc.a(_arm_unorddf2.o)
                0x08001104                __unorddf2
                0x08001104                __aeabi_dcmpun
 .text          0x08001130       0x50 c:/progra~1/jetbra~1/gcc-ar~1/bin/../lib/gcc/arm-none-eabi/8.3.1/thumb/v7e-m/nofp\libgcc.a(_arm_fixdfsi.o)
                0x08001130                __aeabi_d2iz
                0x08001130                __fixdfsi
 *(.text*)
 .text.Set_Pin_Output
                0x08001180       0x1e CMakeFiles/TestLCDi2c.elf.dir/Core/Src/DHT.c.obj
                0x08001180                Set_Pin_Output
 .text.Set_Pin_Input
                0x0800119e       0x1c CMakeFiles/TestLCDi2c.elf.dir/Core/Src/DHT.c.obj
                0x0800119e                Set_Pin_Input
 *fill*         0x080011ba        0x2 
 .text.DHT_Start
                0x080011bc       0x34 CMakeFiles/TestLCDi2c.elf.dir/Core/Src/DHT.c.obj
                0x080011bc                DHT_Start
 .text.DHT_Check_Response
                0x080011f0       0x3c CMakeFiles/TestLCDi2c.elf.dir/Core/Src/DHT.c.obj
                0x080011f0                DHT_Check_Response
 .text.DHT_Read
                0x0800122c       0x5c CMakeFiles/TestLCDi2c.elf.dir/Core/Src/DHT.c.obj
                0x0800122c                DHT_Read
 .text.DHT_GetData
                0x08001288       0xb0 CMakeFiles/TestLCDi2c.elf.dir/Core/Src/DHT.c.obj
                0x08001288                DHT_GetData
 .text.TimerDelay_Init
                0x08001338       0x90 CMakeFiles/TestLCDi2c.elf.dir/Core/Src/Timer_Delay.c.obj
                0x08001338                TimerDelay_Init
 .text.delay_us
                0x080013c8       0x28 CMakeFiles/TestLCDi2c.elf.dir/Core/Src/Timer_Delay.c.obj
                0x080013c8                delay_us
 .text.lcd16x2_i2c_sendCommand
                0x080013f0       0x50 CMakeFiles/TestLCDi2c.elf.dir/Core/Src/lcd16x2_i2c.c.obj
 .text.lcd16x2_i2c_sendData
                0x08001440       0x50 CMakeFiles/TestLCDi2c.elf.dir/Core/Src/lcd16x2_i2c.c.obj
 .text.lcd16x2_i2c_init
                0x08001490       0xc0 CMakeFiles/TestLCDi2c.elf.dir/Core/Src/lcd16x2_i2c.c.obj
                0x08001490                lcd16x2_i2c_init
 .text.lcd16x2_i2c_setCursor
                0x08001550       0x1c CMakeFiles/TestLCDi2c.elf.dir/Core/Src/lcd16x2_i2c.c.obj
                0x08001550                lcd16x2_i2c_setCursor
 .text.lcd16x2_i2c_clear
                0x0800156c       0x10 CMakeFiles/TestLCDi2c.elf.dir/Core/Src/lcd16x2_i2c.c.obj
                0x0800156c                lcd16x2_i2c_clear
 .text.lcd16x2_i2c_printf
                0x0800157c       0x40 CMakeFiles/TestLCDi2c.elf.dir/Core/Src/lcd16x2_i2c.c.obj
                0x0800157c                lcd16x2_i2c_printf
 .text.MX_GPIO_Init
                0x080015bc       0xa4 CMakeFiles/TestLCDi2c.elf.dir/Core/Src/main.c.obj
 .text.MX_I2C1_Init
                0x08001660       0x34 CMakeFiles/TestLCDi2c.elf.dir/Core/Src/main.c.obj
 .text.MX_TIM3_Init
                0x08001694       0x54 CMakeFiles/TestLCDi2c.elf.dir/Core/Src/main.c.obj
 .text.MX_ADC1_Init
                0x080016e8       0x58 CMakeFiles/TestLCDi2c.elf.dir/Core/Src/main.c.obj
 .text.Display_Temp
                0x08001740       0x24 CMakeFiles/TestLCDi2c.elf.dir/Core/Src/main.c.obj
                0x08001740                Display_Temp
 .text.Display_Hum
                0x08001764       0x2c CMakeFiles/TestLCDi2c.elf.dir/Core/Src/main.c.obj
                0x08001764                Display_Hum
 .text.Display_CO2
                0x08001790       0x1c CMakeFiles/TestLCDi2c.elf.dir/Core/Src/main.c.obj
                0x08001790                Display_CO2
 .text.SystemClock_Config
                0x080017ac       0x8c CMakeFiles/TestLCDi2c.elf.dir/Core/Src/main.c.obj
                0x080017ac                SystemClock_Config
 .text.main     0x08001838       0xc8 CMakeFiles/TestLCDi2c.elf.dir/Core/Src/main.c.obj
                0x08001838                main
 .text.Error_Handler
                0x08001900        0x2 CMakeFiles/TestLCDi2c.elf.dir/Core/Src/main.c.obj
                0x08001900                Error_Handler
 *fill*         0x08001902        0x2 
 .text.HAL_ADC_ConvCpltCallback
                0x08001904       0x18 CMakeFiles/TestLCDi2c.elf.dir/Core/Src/mg811.c.obj
                0x08001904                HAL_ADC_ConvCpltCallback
 .text.readPin  0x0800191c       0x14 CMakeFiles/TestLCDi2c.elf.dir/Core/Src/mg811.c.obj
                0x0800191c                readPin
 .text.MG811_Read
                0x08001930       0xf0 CMakeFiles/TestLCDi2c.elf.dir/Core/Src/mg811.c.obj
                0x08001930                MG811_Read
 .text.MG811_Calibrate
                0x08001a20       0x2c CMakeFiles/TestLCDi2c.elf.dir/Core/Src/mg811.c.obj
                0x08001a20                MG811_Calibrate
 *fill*         0x08001a4c        0x4 
 .text.MG811_Init
                0x08001a50       0x2c CMakeFiles/TestLCDi2c.elf.dir/Core/Src/mg811.c.obj
                0x08001a50                MG811_Init
 .text.HAL_MspInit
                0x08001a7c       0x40 CMakeFiles/TestLCDi2c.elf.dir/Core/Src/stm32f4xx_hal_msp.c.obj
                0x08001a7c                HAL_MspInit
 .text.HAL_ADC_MspInit
                0x08001abc       0x78 CMakeFiles/TestLCDi2c.elf.dir/Core/Src/stm32f4xx_hal_msp.c.obj
                0x08001abc                HAL_ADC_MspInit
 .text.HAL_I2C_MspInit
                0x08001b34       0x70 CMakeFiles/TestLCDi2c.elf.dir/Core/Src/stm32f4xx_hal_msp.c.obj
                0x08001b34                HAL_I2C_MspInit
 .text.HAL_TIM_Base_MspInit
                0x08001ba4       0x30 CMakeFiles/TestLCDi2c.elf.dir/Core/Src/stm32f4xx_hal_msp.c.obj
                0x08001ba4                HAL_TIM_Base_MspInit
 .text.NMI_Handler
                0x08001bd4        0x2 CMakeFiles/TestLCDi2c.elf.dir/Core/Src/stm32f4xx_it.c.obj
                0x08001bd4                NMI_Handler
 .text.HardFault_Handler
                0x08001bd6        0x2 CMakeFiles/TestLCDi2c.elf.dir/Core/Src/stm32f4xx_it.c.obj
                0x08001bd6                HardFault_Handler
 .text.MemManage_Handler
                0x08001bd8        0x2 CMakeFiles/TestLCDi2c.elf.dir/Core/Src/stm32f4xx_it.c.obj
                0x08001bd8                MemManage_Handler
 .text.BusFault_Handler
                0x08001bda        0x2 CMakeFiles/TestLCDi2c.elf.dir/Core/Src/stm32f4xx_it.c.obj
                0x08001bda                BusFault_Handler
 .text.UsageFault_Handler
                0x08001bdc        0x2 CMakeFiles/TestLCDi2c.elf.dir/Core/Src/stm32f4xx_it.c.obj
                0x08001bdc                UsageFault_Handler
 .text.SVC_Handler
                0x08001bde        0x2 CMakeFiles/TestLCDi2c.elf.dir/Core/Src/stm32f4xx_it.c.obj
                0x08001bde                SVC_Handler
 .text.DebugMon_Handler
                0x08001be0        0x2 CMakeFiles/TestLCDi2c.elf.dir/Core/Src/stm32f4xx_it.c.obj
                0x08001be0                DebugMon_Handler
 .text.PendSV_Handler
                0x08001be2        0x2 CMakeFiles/TestLCDi2c.elf.dir/Core/Src/stm32f4xx_it.c.obj
                0x08001be2                PendSV_Handler
 .text.SysTick_Handler
                0x08001be4        0x8 CMakeFiles/TestLCDi2c.elf.dir/Core/Src/stm32f4xx_it.c.obj
                0x08001be4                SysTick_Handler
 .text.ADC_IRQHandler
                0x08001bec       0x10 CMakeFiles/TestLCDi2c.elf.dir/Core/Src/stm32f4xx_it.c.obj
                0x08001bec                ADC_IRQHandler
 .text._sbrk    0x08001bfc       0x48 CMakeFiles/TestLCDi2c.elf.dir/Core/Src/sysmem.c.obj
                0x08001bfc                _sbrk
 .text.SystemInit
                0x08001c44       0x10 CMakeFiles/TestLCDi2c.elf.dir/Core/Src/system_stm32f4xx.c.obj
                0x08001c44                SystemInit
 .text.Reset_Handler
                0x08001c54       0x50 CMakeFiles/TestLCDi2c.elf.dir/Core/Startup/startup_stm32f411vetx.s.obj
                0x08001c54                Reset_Handler
 .text.Default_Handler
                0x08001ca4        0x2 CMakeFiles/TestLCDi2c.elf.dir/Core/Startup/startup_stm32f411vetx.s.obj
                0x08001ca4                RTC_Alarm_IRQHandler
                0x08001ca4                EXTI2_IRQHandler
                0x08001ca4                SPI4_IRQHandler
                0x08001ca4                TIM1_CC_IRQHandler
                0x08001ca4                DMA2_Stream5_IRQHandler
                0x08001ca4                DMA1_Stream5_IRQHandler
                0x08001ca4                PVD_IRQHandler
                0x08001ca4                SDIO_IRQHandler
                0x08001ca4                TAMP_STAMP_IRQHandler
                0x08001ca4                EXTI3_IRQHandler
                0x08001ca4                TIM1_UP_TIM10_IRQHandler
                0x08001ca4                I2C3_ER_IRQHandler
                0x08001ca4                EXTI0_IRQHandler
                0x08001ca4                I2C2_EV_IRQHandler
                0x08001ca4                DMA1_Stream2_IRQHandler
                0x08001ca4                FPU_IRQHandler
                0x08001ca4                DMA2_Stream2_IRQHandler
                0x08001ca4                SPI1_IRQHandler
                0x08001ca4                TIM1_BRK_TIM9_IRQHandler
                0x08001ca4                DMA2_Stream3_IRQHandler
                0x08001ca4                USART6_IRQHandler
                0x08001ca4                DMA2_Stream0_IRQHandler
                0x08001ca4                TIM4_IRQHandler
                0x08001ca4                I2C1_EV_IRQHandler
                0x08001ca4                DMA1_Stream6_IRQHandler
                0x08001ca4                DMA1_Stream1_IRQHandler
                0x08001ca4                TIM3_IRQHandler
                0x08001ca4                RCC_IRQHandler
                0x08001ca4                Default_Handler
                0x08001ca4                EXTI15_10_IRQHandler
                0x08001ca4                DMA1_Stream7_IRQHandler
                0x08001ca4                SPI5_IRQHandler
                0x08001ca4                TIM5_IRQHandler
                0x08001ca4                DMA2_Stream7_IRQHandler
                0x08001ca4                I2C3_EV_IRQHandler
                0x08001ca4                EXTI9_5_IRQHandler
                0x08001ca4                RTC_WKUP_IRQHandler
                0x08001ca4                SPI2_IRQHandler
                0x08001ca4                DMA1_Stream0_IRQHandler
                0x08001ca4                EXTI4_IRQHandler
                0x08001ca4                WWDG_IRQHandler
                0x08001ca4                TIM2_IRQHandler
                0x08001ca4                OTG_FS_WKUP_IRQHandler
                0x08001ca4                TIM1_TRG_COM_TIM11_IRQHandler
                0x08001ca4                EXTI1_IRQHandler
                0x08001ca4                USART2_IRQHandler
                0x08001ca4                I2C2_ER_IRQHandler
                0x08001ca4                DMA2_Stream1_IRQHandler
                0x08001ca4                FLASH_IRQHandler
                0x08001ca4                DMA2_Stream4_IRQHandler
                0x08001ca4                USART1_IRQHandler
                0x08001ca4                OTG_FS_IRQHandler
                0x08001ca4                SPI3_IRQHandler
                0x08001ca4                DMA1_Stream4_IRQHandler
                0x08001ca4                I2C1_ER_IRQHandler
                0x08001ca4                DMA2_Stream6_IRQHandler
                0x08001ca4                DMA1_Stream3_IRQHandler
 *fill*         0x08001ca6        0x2 
 .text.HAL_InitTick
                0x08001ca8       0x4c CMakeFiles/TestLCDi2c.elf.dir/Drivers/STM32F4xx_HAL_Driver/Src/stm32f4xx_hal.c.obj
                0x08001ca8                HAL_InitTick
 .text.HAL_Init
                0x08001cf4       0x34 CMakeFiles/TestLCDi2c.elf.dir/Drivers/STM32F4xx_HAL_Driver/Src/stm32f4xx_hal.c.obj
                0x08001cf4                HAL_Init
 .text.HAL_IncTick
                0x08001d28       0x18 CMakeFiles/TestLCDi2c.elf.dir/Drivers/STM32F4xx_HAL_Driver/Src/stm32f4xx_hal.c.obj
                0x08001d28                HAL_IncTick
 .text.HAL_GetTick
                0x08001d40        0xc CMakeFiles/TestLCDi2c.elf.dir/Drivers/STM32F4xx_HAL_Driver/Src/stm32f4xx_hal.c.obj
                0x08001d40                HAL_GetTick
 .text.HAL_Delay
                0x08001d4c       0x28 CMakeFiles/TestLCDi2c.elf.dir/Drivers/STM32F4xx_HAL_Driver/Src/stm32f4xx_hal.c.obj
                0x08001d4c                HAL_Delay
 .text.ADC_Init
                0x08001d74      0x134 CMakeFiles/TestLCDi2c.elf.dir/Drivers/STM32F4xx_HAL_Driver/Src/stm32f4xx_hal_adc.c.obj
 .text.HAL_ADC_Init
                0x08001ea8       0x56 CMakeFiles/TestLCDi2c.elf.dir/Drivers/STM32F4xx_HAL_Driver/Src/stm32f4xx_hal_adc.c.obj
                0x08001ea8                HAL_ADC_Init
 *fill*         0x08001efe        0x2 
 .text.HAL_ADC_Start_IT
                0x08001f00      0x108 CMakeFiles/TestLCDi2c.elf.dir/Drivers/STM32F4xx_HAL_Driver/Src/stm32f4xx_hal_adc.c.obj
                0x08001f00                HAL_ADC_Start_IT
 .text.HAL_ADC_GetValue
                0x08002008        0x6 CMakeFiles/TestLCDi2c.elf.dir/Drivers/STM32F4xx_HAL_Driver/Src/stm32f4xx_hal_adc.c.obj
                0x08002008                HAL_ADC_GetValue
 .text.HAL_ADC_LevelOutOfWindowCallback
                0x0800200e        0x2 CMakeFiles/TestLCDi2c.elf.dir/Drivers/STM32F4xx_HAL_Driver/Src/stm32f4xx_hal_adc.c.obj
                0x0800200e                HAL_ADC_LevelOutOfWindowCallback
 .text.HAL_ADC_ErrorCallback
                0x08002010        0x2 CMakeFiles/TestLCDi2c.elf.dir/Drivers/STM32F4xx_HAL_Driver/Src/stm32f4xx_hal_adc.c.obj
                0x08002010                HAL_ADC_ErrorCallback
 .text.HAL_ADC_IRQHandler
                0x08002012      0x14e CMakeFiles/TestLCDi2c.elf.dir/Drivers/STM32F4xx_HAL_Driver/Src/stm32f4xx_hal_adc.c.obj
                0x08002012                HAL_ADC_IRQHandler
 .text.HAL_ADC_ConfigChannel
                0x08002160      0x1a4 CMakeFiles/TestLCDi2c.elf.dir/Drivers/STM32F4xx_HAL_Driver/Src/stm32f4xx_hal_adc.c.obj
                0x08002160                HAL_ADC_ConfigChannel
 .text.HAL_ADCEx_InjectedConvCpltCallback
                0x08002304        0x2 CMakeFiles/TestLCDi2c.elf.dir/Drivers/STM32F4xx_HAL_Driver/Src/stm32f4xx_hal_adc_ex.c.obj
                0x08002304                HAL_ADCEx_InjectedConvCpltCallback
 *fill*         0x08002306        0x2 
 .text.HAL_NVIC_SetPriorityGrouping
                0x08002308       0x24 CMakeFiles/TestLCDi2c.elf.dir/Drivers/STM32F4xx_HAL_Driver/Src/stm32f4xx_hal_cortex.c.obj
                0x08002308                HAL_NVIC_SetPriorityGrouping
 .text.HAL_NVIC_SetPriority
                0x0800232c       0x68 CMakeFiles/TestLCDi2c.elf.dir/Drivers/STM32F4xx_HAL_Driver/Src/stm32f4xx_hal_cortex.c.obj
                0x0800232c                HAL_NVIC_SetPriority
 .text.HAL_NVIC_EnableIRQ
                0x08002394       0x1c CMakeFiles/TestLCDi2c.elf.dir/Drivers/STM32F4xx_HAL_Driver/Src/stm32f4xx_hal_cortex.c.obj
                0x08002394                HAL_NVIC_EnableIRQ
 .text.HAL_SYSTICK_Config
                0x080023b0       0x2c CMakeFiles/TestLCDi2c.elf.dir/Drivers/STM32F4xx_HAL_Driver/Src/stm32f4xx_hal_cortex.c.obj
                0x080023b0                HAL_SYSTICK_Config
 .text.HAL_GPIO_Init
                0x080023dc      0x1a4 CMakeFiles/TestLCDi2c.elf.dir/Drivers/STM32F4xx_HAL_Driver/Src/stm32f4xx_hal_gpio.c.obj
                0x080023dc                HAL_GPIO_Init
 .text.HAL_GPIO_ReadPin
                0x08002580        0xe CMakeFiles/TestLCDi2c.elf.dir/Drivers/STM32F4xx_HAL_Driver/Src/stm32f4xx_hal_gpio.c.obj
                0x08002580                HAL_GPIO_ReadPin
 .text.HAL_GPIO_WritePin
                0x0800258e        0xc CMakeFiles/TestLCDi2c.elf.dir/Drivers/STM32F4xx_HAL_Driver/Src/stm32f4xx_hal_gpio.c.obj
                0x0800258e                HAL_GPIO_WritePin
 .text.I2C_IsAcknowledgeFailed
                0x0800259a       0x32 CMakeFiles/TestLCDi2c.elf.dir/Drivers/STM32F4xx_HAL_Driver/Src/stm32f4xx_hal_i2c.c.obj
 .text.I2C_WaitOnFlagUntilTimeout
                0x080025cc       0x70 CMakeFiles/TestLCDi2c.elf.dir/Drivers/STM32F4xx_HAL_Driver/Src/stm32f4xx_hal_i2c.c.obj
 .text.I2C_WaitOnMasterAddressFlagUntilTimeout
                0x0800263c       0xa4 CMakeFiles/TestLCDi2c.elf.dir/Drivers/STM32F4xx_HAL_Driver/Src/stm32f4xx_hal_i2c.c.obj
 .text.I2C_MasterRequestWrite
                0x080026e0       0xb8 CMakeFiles/TestLCDi2c.elf.dir/Drivers/STM32F4xx_HAL_Driver/Src/stm32f4xx_hal_i2c.c.obj
 .text.I2C_WaitOnTXEFlagUntilTimeout
                0x08002798       0x54 CMakeFiles/TestLCDi2c.elf.dir/Drivers/STM32F4xx_HAL_Driver/Src/stm32f4xx_hal_i2c.c.obj
 .text.I2C_WaitOnBTFFlagUntilTimeout
                0x080027ec       0x54 CMakeFiles/TestLCDi2c.elf.dir/Drivers/STM32F4xx_HAL_Driver/Src/stm32f4xx_hal_i2c.c.obj
 .text.HAL_I2C_Init
                0x08002840      0x1b8 CMakeFiles/TestLCDi2c.elf.dir/Drivers/STM32F4xx_HAL_Driver/Src/stm32f4xx_hal_i2c.c.obj
                0x08002840                HAL_I2C_Init
 .text.HAL_I2C_Master_Transmit
                0x080029f8      0x170 CMakeFiles/TestLCDi2c.elf.dir/Drivers/STM32F4xx_HAL_Driver/Src/stm32f4xx_hal_i2c.c.obj
                0x080029f8                HAL_I2C_Master_Transmit
 .text.HAL_I2C_IsDeviceReady
                0x08002b68      0x194 CMakeFiles/TestLCDi2c.elf.dir/Drivers/STM32F4xx_HAL_Driver/Src/stm32f4xx_hal_i2c.c.obj
                0x08002b68                HAL_I2C_IsDeviceReady
 .text.HAL_RCC_OscConfig
                0x08002cfc      0x3ec CMakeFiles/TestLCDi2c.elf.dir/Drivers/STM32F4xx_HAL_Driver/Src/stm32f4xx_hal_rcc.c.obj
                0x08002cfc                HAL_RCC_OscConfig
 .text.HAL_RCC_GetSysClockFreq
                0x080030e8       0xd4 CMakeFiles/TestLCDi2c.elf.dir/Drivers/STM32F4xx_HAL_Driver/Src/stm32f4xx_hal_rcc.c.obj
                0x080030e8                HAL_RCC_GetSysClockFreq
 .text.HAL_RCC_ClockConfig
                0x080031bc      0x160 CMakeFiles/TestLCDi2c.elf.dir/Drivers/STM32F4xx_HAL_Driver/Src/stm32f4xx_hal_rcc.c.obj
                0x080031bc                HAL_RCC_ClockConfig
 .text.HAL_RCC_GetHCLKFreq
                0x0800331c        0xc CMakeFiles/TestLCDi2c.elf.dir/Drivers/STM32F4xx_HAL_Driver/Src/stm32f4xx_hal_rcc.c.obj
                0x0800331c                HAL_RCC_GetHCLKFreq
 .text.HAL_RCC_GetPCLK1Freq
                0x08003328       0x20 CMakeFiles/TestLCDi2c.elf.dir/Drivers/STM32F4xx_HAL_Driver/Src/stm32f4xx_hal_rcc.c.obj
                0x08003328                HAL_RCC_GetPCLK1Freq
 .text.TIM_TI1_ConfigInputStage
                0x08003348       0x24 CMakeFiles/TestLCDi2c.elf.dir/Drivers/STM32F4xx_HAL_Driver/Src/stm32f4xx_hal_tim.c.obj
 .text.TIM_TI2_ConfigInputStage
                0x0800336c       0x26 CMakeFiles/TestLCDi2c.elf.dir/Drivers/STM32F4xx_HAL_Driver/Src/stm32f4xx_hal_tim.c.obj
 .text.TIM_ITRx_SetConfig
                0x08003392       0x10 CMakeFiles/TestLCDi2c.elf.dir/Drivers/STM32F4xx_HAL_Driver/Src/stm32f4xx_hal_tim.c.obj
 .text.HAL_TIM_Base_Start
                0x080033a2       0x24 CMakeFiles/TestLCDi2c.elf.dir/Drivers/STM32F4xx_HAL_Driver/Src/stm32f4xx_hal_tim.c.obj
                0x080033a2                HAL_TIM_Base_Start
 *fill*         0x080033c6        0x2 
 .text.TIM_Base_SetConfig
                0x080033c8       0x9c CMakeFiles/TestLCDi2c.elf.dir/Drivers/STM32F4xx_HAL_Driver/Src/stm32f4xx_hal_tim.c.obj
                0x080033c8                TIM_Base_SetConfig
 .text.HAL_TIM_Base_Init
                0x08003464       0x34 CMakeFiles/TestLCDi2c.elf.dir/Drivers/STM32F4xx_HAL_Driver/Src/stm32f4xx_hal_tim.c.obj
                0x08003464                HAL_TIM_Base_Init
 .text.TIM_ETR_SetConfig
                0x08003498       0x16 CMakeFiles/TestLCDi2c.elf.dir/Drivers/STM32F4xx_HAL_Driver/Src/stm32f4xx_hal_tim.c.obj
                0x08003498                TIM_ETR_SetConfig
 .text.HAL_TIM_ConfigClockSource
                0x080034ae       0xdc CMakeFiles/TestLCDi2c.elf.dir/Drivers/STM32F4xx_HAL_Driver/Src/stm32f4xx_hal_tim.c.obj
                0x080034ae                HAL_TIM_ConfigClockSource
 *fill*         0x0800358a        0x2 
 .text.HAL_TIMEx_MasterConfigSynchronization
                0x0800358c       0x78 CMakeFiles/TestLCDi2c.elf.dir/Drivers/STM32F4xx_HAL_Driver/Src/stm32f4xx_hal_tim_ex.c.obj
                0x0800358c                HAL_TIMEx_MasterConfigSynchronization
 .text.__errno  0x08003604        0xc c:/progra~1/jetbra~1/gcc-ar~1/bin/../lib/gcc/arm-none-eabi/8.3.1/../../../../arm-none-eabi/lib/thumb/v7e-m/nofp\libg.a(lib_a-errno.o)
                0x08003604                __errno
 .text.__libc_init_array
                0x08003610       0x48 c:/progra~1/jetbra~1/gcc-ar~1/bin/../lib/gcc/arm-none-eabi/8.3.1/../../../../arm-none-eabi/lib/thumb/v7e-m/nofp\libg.a(lib_a-init.o)
                0x08003610                __libc_init_array
 .text.memset   0x08003658       0xa0 c:/progra~1/jetbra~1/gcc-ar~1/bin/../lib/gcc/arm-none-eabi/8.3.1/../../../../arm-none-eabi/lib/thumb/v7e-m/nofp\libg.a(lib_a-memset.o)
                0x08003658                memset
 .text._vsprintf_r
                0x080036f8       0x28 c:/progra~1/jetbra~1/gcc-ar~1/bin/../lib/gcc/arm-none-eabi/8.3.1/../../../../arm-none-eabi/lib/thumb/v7e-m/nofp\libg.a(lib_a-vsprintf.o)
                0x080036f8                _vsprintf_r
 .text.vsprintf
                0x08003720       0x18 c:/progra~1/jetbra~1/gcc-ar~1/bin/../lib/gcc/arm-none-eabi/8.3.1/../../../../arm-none-eabi/lib/thumb/v7e-m/nofp\libg.a(lib_a-vsprintf.o)
                0x08003720                vsprintf
 .text.startup.register_fini
                0x08003738       0x14 c:/progra~1/jetbra~1/gcc-ar~1/bin/../lib/gcc/arm-none-eabi/8.3.1/../../../../arm-none-eabi/lib/thumb/v7e-m/nofp\libg.a(lib_a-__call_atexit.o)
 .text.atexit   0x0800374c        0xc c:/progra~1/jetbra~1/gcc-ar~1/bin/../lib/gcc/arm-none-eabi/8.3.1/../../../../arm-none-eabi/lib/thumb/v7e-m/nofp\libg.a(lib_a-atexit.o)
                0x0800374c                atexit
 .text.__libc_fini_array
                0x08003758       0x34 c:/progra~1/jetbra~1/gcc-ar~1/bin/../lib/gcc/arm-none-eabi/8.3.1/../../../../arm-none-eabi/lib/thumb/v7e-m/nofp\libg.a(lib_a-fini.o)
                0x08003758                __libc_fini_array
 .text.__retarget_lock_acquire_recursive
                0x0800378c        0x4 c:/progra~1/jetbra~1/gcc-ar~1/bin/../lib/gcc/arm-none-eabi/8.3.1/../../../../arm-none-eabi/lib/thumb/v7e-m/nofp\libg.a(lib_a-lock.o)
                0x0800378c                __retarget_lock_acquire_recursive
 .text.__retarget_lock_release_recursive
                0x08003790        0x4 c:/progra~1/jetbra~1/gcc-ar~1/bin/../lib/gcc/arm-none-eabi/8.3.1/../../../../arm-none-eabi/lib/thumb/v7e-m/nofp\libg.a(lib_a-lock.o)
                0x08003790                __retarget_lock_release_recursive
 .text._svfprintf_r
                0x08003794     0x19e0 c:/progra~1/jetbra~1/gcc-ar~1/bin/../lib/gcc/arm-none-eabi/8.3.1/../../../../arm-none-eabi/lib/thumb/v7e-m/nofp\libg.a(lib_a-svfprintf.o)
                0x08003794                _svfprintf_r
 .text.__register_exitproc
                0x08005174       0x88 c:/progra~1/jetbra~1/gcc-ar~1/bin/../lib/gcc/arm-none-eabi/8.3.1/../../../../arm-none-eabi/lib/thumb/v7e-m/nofp\libg.a(lib_a-__atexit.o)
                0x08005174                __register_exitproc
 .text.quorem   0x080051fc      0x124 c:/progra~1/jetbra~1/gcc-ar~1/bin/../lib/gcc/arm-none-eabi/8.3.1/../../../../arm-none-eabi/lib/thumb/v7e-m/nofp\libg.a(lib_a-dtoa.o)
 .text._dtoa_r  0x08005320      0xe60 c:/progra~1/jetbra~1/gcc-ar~1/bin/../lib/gcc/arm-none-eabi/8.3.1/../../../../arm-none-eabi/lib/thumb/v7e-m/nofp\libg.a(lib_a-dtoa.o)
                0x08005320                _dtoa_r
 .text._malloc_trim_r
                0x08006180       0xa0 c:/progra~1/jetbra~1/gcc-ar~1/bin/../lib/gcc/arm-none-eabi/8.3.1/../../../../arm-none-eabi/lib/thumb/v7e-m/nofp\libg.a(lib_a-freer.o)
                0x08006180                _malloc_trim_r
 .text._free_r  0x08006220      0x1f4 c:/progra~1/jetbra~1/gcc-ar~1/bin/../lib/gcc/arm-none-eabi/8.3.1/../../../../arm-none-eabi/lib/thumb/v7e-m/nofp\libg.a(lib_a-freer.o)
                0x08006220                _free_r
 .text._localeconv_r
                0x08006414        0x8 c:/progra~1/jetbra~1/gcc-ar~1/bin/../lib/gcc/arm-none-eabi/8.3.1/../../../../arm-none-eabi/lib/thumb/v7e-m/nofp\libg.a(lib_a-localeconv.o)
                0x08006414                _localeconv_r
 .text._malloc_r
                0x0800641c      0x570 c:/progra~1/jetbra~1/gcc-ar~1/bin/../lib/gcc/arm-none-eabi/8.3.1/../../../../arm-none-eabi/lib/thumb/v7e-m/nofp\libg.a(lib_a-mallocr.o)
                0x0800641c                _malloc_r
 .text.__malloc_lock
                0x0800698c        0xc c:/progra~1/jetbra~1/gcc-ar~1/bin/../lib/gcc/arm-none-eabi/8.3.1/../../../../arm-none-eabi/lib/thumb/v7e-m/nofp\libg.a(lib_a-mlock.o)
                0x0800698c                __malloc_lock
 .text.__malloc_unlock
                0x08006998        0xc c:/progra~1/jetbra~1/gcc-ar~1/bin/../lib/gcc/arm-none-eabi/8.3.1/../../../../arm-none-eabi/lib/thumb/v7e-m/nofp\libg.a(lib_a-mlock.o)
                0x08006998                __malloc_unlock
 .text._Balloc  0x080069a4       0x4c c:/progra~1/jetbra~1/gcc-ar~1/bin/../lib/gcc/arm-none-eabi/8.3.1/../../../../arm-none-eabi/lib/thumb/v7e-m/nofp\libg.a(lib_a-mprec.o)
                0x080069a4                _Balloc
 .text._Bfree   0x080069f0       0x14 c:/progra~1/jetbra~1/gcc-ar~1/bin/../lib/gcc/arm-none-eabi/8.3.1/../../../../arm-none-eabi/lib/thumb/v7e-m/nofp\libg.a(lib_a-mprec.o)
                0x080069f0                _Bfree
 .text.__multadd
                0x08006a04       0x8c c:/progra~1/jetbra~1/gcc-ar~1/bin/../lib/gcc/arm-none-eabi/8.3.1/../../../../arm-none-eabi/lib/thumb/v7e-m/nofp\libg.a(lib_a-mprec.o)
                0x08006a04                __multadd
 .text.__hi0bits
                0x08006a90       0x40 c:/progra~1/jetbra~1/gcc-ar~1/bin/../lib/gcc/arm-none-eabi/8.3.1/../../../../arm-none-eabi/lib/thumb/v7e-m/nofp\libg.a(lib_a-mprec.o)
                0x08006a90                __hi0bits
 .text.__lo0bits
                0x08006ad0       0x60 c:/progra~1/jetbra~1/gcc-ar~1/bin/../lib/gcc/arm-none-eabi/8.3.1/../../../../arm-none-eabi/lib/thumb/v7e-m/nofp\libg.a(lib_a-mprec.o)
                0x08006ad0                __lo0bits
 .text.__i2b    0x08006b30       0x14 c:/progra~1/jetbra~1/gcc-ar~1/bin/../lib/gcc/arm-none-eabi/8.3.1/../../../../arm-none-eabi/lib/thumb/v7e-m/nofp\libg.a(lib_a-mprec.o)
                0x08006b30                __i2b
 .text.__multiply
                0x08006b44      0x130 c:/progra~1/jetbra~1/gcc-ar~1/bin/../lib/gcc/arm-none-eabi/8.3.1/../../../../arm-none-eabi/lib/thumb/v7e-m/nofp\libg.a(lib_a-mprec.o)
                0x08006b44                __multiply
 .text.__pow5mult
                0x08006c74       0xa0 c:/progra~1/jetbra~1/gcc-ar~1/bin/../lib/gcc/arm-none-eabi/8.3.1/../../../../arm-none-eabi/lib/thumb/v7e-m/nofp\libg.a(lib_a-mprec.o)
                0x08006c74                __pow5mult
 .text.__lshift
                0x08006d14       0xb4 c:/progra~1/jetbra~1/gcc-ar~1/bin/../lib/gcc/arm-none-eabi/8.3.1/../../../../arm-none-eabi/lib/thumb/v7e-m/nofp\libg.a(lib_a-mprec.o)
                0x08006d14                __lshift
 .text.__mcmp   0x08006dc8       0x38 c:/progra~1/jetbra~1/gcc-ar~1/bin/../lib/gcc/arm-none-eabi/8.3.1/../../../../arm-none-eabi/lib/thumb/v7e-m/nofp\libg.a(lib_a-mprec.o)
                0x08006dc8                __mcmp
 .text.__mdiff  0x08006e00       0xf8 c:/progra~1/jetbra~1/gcc-ar~1/bin/../lib/gcc/arm-none-eabi/8.3.1/../../../../arm-none-eabi/lib/thumb/v7e-m/nofp\libg.a(lib_a-mprec.o)
                0x08006e00                __mdiff
 .text.__d2b    0x08006ef8       0xac c:/progra~1/jetbra~1/gcc-ar~1/bin/../lib/gcc/arm-none-eabi/8.3.1/../../../../arm-none-eabi/lib/thumb/v7e-m/nofp\libg.a(lib_a-mprec.o)
                0x08006ef8                __d2b
 .text.frexp    0x08006fa4       0x70 c:/progra~1/jetbra~1/gcc-ar~1/bin/../lib/gcc/arm-none-eabi/8.3.1/../../../../arm-none-eabi/lib/thumb/v7e-m/nofp\libg.a(lib_a-s_frexp.o)
                0x08006fa4                frexp
 .text._sbrk_r  0x08007014       0x24 c:/progra~1/jetbra~1/gcc-ar~1/bin/../lib/gcc/arm-none-eabi/8.3.1/../../../../arm-none-eabi/lib/thumb/v7e-m/nofp\libg.a(lib_a-sbrkr.o)
                0x08007014                _sbrk_r
 .text.strncpy  0x08007038       0x74 c:/progra~1/jetbra~1/gcc-ar~1/bin/../lib/gcc/arm-none-eabi/8.3.1/../../../../arm-none-eabi/lib/thumb/v7e-m/nofp\libg.a(lib_a-strncpy.o)
                0x08007038                strncpy
 .text.__ssprint_r
                0x080070ac       0xf8 c:/progra~1/jetbra~1/gcc-ar~1/bin/../lib/gcc/arm-none-eabi/8.3.1/../../../../arm-none-eabi/lib/thumb/v7e-m/nofp\libg.a(lib_a-svfiprintf.o)
                0x080070ac                __ssprint_r
 .text._calloc_r
                0x080071a4       0x60 c:/progra~1/jetbra~1/gcc-ar~1/bin/../lib/gcc/arm-none-eabi/8.3.1/../../../../arm-none-eabi/lib/thumb/v7e-m/nofp\libg.a(lib_a-callocr.o)
                0x080071a4                _calloc_r
 .text.__ascii_mbtowc
                0x08007204       0x2c c:/progra~1/jetbra~1/gcc-ar~1/bin/../lib/gcc/arm-none-eabi/8.3.1/../../../../arm-none-eabi/lib/thumb/v7e-m/nofp\libg.a(lib_a-mbtowc_r.o)
                0x08007204                __ascii_mbtowc
 .text.memmove  0x08007230       0xd0 c:/progra~1/jetbra~1/gcc-ar~1/bin/../lib/gcc/arm-none-eabi/8.3.1/../../../../arm-none-eabi/lib/thumb/v7e-m/nofp\libg.a(lib_a-memmove.o)
                0x08007230                memmove
 .text._realloc_r
                0x08007300      0x36c c:/progra~1/jetbra~1/gcc-ar~1/bin/../lib/gcc/arm-none-eabi/8.3.1/../../../../arm-none-eabi/lib/thumb/v7e-m/nofp\libg.a(lib_a-reallocr.o)
                0x08007300                _realloc_r
 .text.__ascii_wctomb
                0x0800766c       0x1c c:/progra~1/jetbra~1/gcc-ar~1/bin/../lib/gcc/arm-none-eabi/8.3.1/../../../../arm-none-eabi/lib/thumb/v7e-m/nofp\libg.a(lib_a-wctomb_r.o)
                0x0800766c                __ascii_wctomb
 .text.pow      0x08007688      0x17c c:/progra~1/jetbra~1/gcc-ar~1/bin/../lib/gcc/arm-none-eabi/8.3.1/../../../../arm-none-eabi/lib/thumb/v7e-m/nofp\libm.a(lib_a-w_pow.o)
                0x08007688                pow
 *fill*         0x08007804        0x4 
 .text.__ieee754_pow
                0x08007808      0xa8c c:/progra~1/jetbra~1/gcc-ar~1/bin/../lib/gcc/arm-none-eabi/8.3.1/../../../../arm-none-eabi/lib/thumb/v7e-m/nofp\libm.a(lib_a-e_pow.o)
                0x08007808                __ieee754_pow
 .text.__ieee754_sqrt
                0x08008294      0x17c c:/progra~1/jetbra~1/gcc-ar~1/bin/../lib/gcc/arm-none-eabi/8.3.1/../../../../arm-none-eabi/lib/thumb/v7e-m/nofp\libm.a(lib_a-e_sqrt.o)
                0x08008294                __ieee754_sqrt
 .text.fabs     0x08008410        0x8 c:/progra~1/jetbra~1/gcc-ar~1/bin/../lib/gcc/arm-none-eabi/8.3.1/../../../../arm-none-eabi/lib/thumb/v7e-m/nofp\libm.a(lib_a-s_fabs.o)
                0x08008410                fabs
 .text.finite   0x08008418        0xc c:/progra~1/jetbra~1/gcc-ar~1/bin/../lib/gcc/arm-none-eabi/8.3.1/../../../../arm-none-eabi/lib/thumb/v7e-m/nofp\libm.a(lib_a-s_finite.o)
                0x08008418                finite
 .text.nan      0x08008424        0xc c:/progra~1/jetbra~1/gcc-ar~1/bin/../lib/gcc/arm-none-eabi/8.3.1/../../../../arm-none-eabi/lib/thumb/v7e-m/nofp\libm.a(lib_a-s_nan.o)
                0x08008424                nan
 .text.rint     0x08008430      0x118 c:/progra~1/jetbra~1/gcc-ar~1/bin/../lib/gcc/arm-none-eabi/8.3.1/../../../../arm-none-eabi/lib/thumb/v7e-m/nofp\libm.a(lib_a-s_rint.o)
                0x08008430                rint
 .text.scalbn   0x08008548       0xf4 c:/progra~1/jetbra~1/gcc-ar~1/bin/../lib/gcc/arm-none-eabi/8.3.1/../../../../arm-none-eabi/lib/thumb/v7e-m/nofp\libm.a(lib_a-s_scalbn.o)
                0x08008548                scalbn
 *(.glue_7)
 .glue_7        0x0800863c        0x0 linker stubs
 *(.glue_7t)
 .glue_7t       0x0800863c        0x0 linker stubs
 *(.eh_frame)
 .eh_frame      0x0800863c        0x0 c:/progra~1/jetbra~1/gcc-ar~1/bin/../lib/gcc/arm-none-eabi/8.3.1/thumb/v7e-m/nofp/crtbegin.o
 *(.init)
 .init          0x0800863c        0x4 c:/progra~1/jetbra~1/gcc-ar~1/bin/../lib/gcc/arm-none-eabi/8.3.1/thumb/v7e-m/nofp/crti.o
                0x0800863c                _init
 .init          0x08008640        0x8 c:/progra~1/jetbra~1/gcc-ar~1/bin/../lib/gcc/arm-none-eabi/8.3.1/thumb/v7e-m/nofp/crtn.o
 *(.fini)
 .fini          0x08008648        0x4 c:/progra~1/jetbra~1/gcc-ar~1/bin/../lib/gcc/arm-none-eabi/8.3.1/thumb/v7e-m/nofp/crti.o
                0x08008648                _fini
 .fini          0x0800864c        0x8 c:/progra~1/jetbra~1/gcc-ar~1/bin/../lib/gcc/arm-none-eabi/8.3.1/thumb/v7e-m/nofp/crtn.o
                0x08008654                . = ALIGN (0x4)
                0x08008654                _etext = .

.vfp11_veneer   0x08008654        0x0
 .vfp11_veneer  0x08008654        0x0 linker stubs

.v4_bx          0x08008654        0x0
 .v4_bx         0x08008654        0x0 linker stubs

.iplt           0x08008654        0x0
 .iplt          0x08008654        0x0 c:/progra~1/jetbra~1/gcc-ar~1/bin/../lib/gcc/arm-none-eabi/8.3.1/thumb/v7e-m/nofp/crtbegin.o

.rodata         0x08008658      0x2f8
                0x08008658                . = ALIGN (0x4)
 *(.rodata)
 *(.rodata*)
 .rodata.Display_CO2.str1.4
                0x08008658       0x10 CMakeFiles/TestLCDi2c.elf.dir/Core/Src/main.c.obj
 .rodata.Display_Hum.str1.4
                0x08008668       0x11 CMakeFiles/TestLCDi2c.elf.dir/Core/Src/main.c.obj
 *fill*         0x08008679        0x3 
 .rodata.Display_Temp.str1.4
                0x0800867c       0x11 CMakeFiles/TestLCDi2c.elf.dir/Core/Src/main.c.obj
 *fill*         0x0800868d        0x3 
 .rodata.main.str1.4
                0x08008690       0x10 CMakeFiles/TestLCDi2c.elf.dir/Core/Src/main.c.obj
 .rodata.AHBPrescTable
                0x080086a0       0x10 CMakeFiles/TestLCDi2c.elf.dir/Core/Src/system_stm32f4xx.c.obj
                0x080086a0                AHBPrescTable
 .rodata.APBPrescTable
                0x080086b0        0x8 CMakeFiles/TestLCDi2c.elf.dir/Core/Src/system_stm32f4xx.c.obj
                0x080086b0                APBPrescTable
 .rodata._global_impure_ptr
                0x080086b8        0x4 c:/progra~1/jetbra~1/gcc-ar~1/bin/../lib/gcc/arm-none-eabi/8.3.1/../../../../arm-none-eabi/lib/thumb/v7e-m/nofp\libg.a(lib_a-impure.o)
                0x080086b8                _global_impure_ptr
 .rodata._svfprintf_r.str1.4
                0x080086bc       0x42 c:/progra~1/jetbra~1/gcc-ar~1/bin/../lib/gcc/arm-none-eabi/8.3.1/../../../../arm-none-eabi/lib/thumb/v7e-m/nofp\libg.a(lib_a-svfprintf.o)
 *fill*         0x080086fe        0x2 
 .rodata.blanks.7355
                0x08008700       0x10 c:/progra~1/jetbra~1/gcc-ar~1/bin/../lib/gcc/arm-none-eabi/8.3.1/../../../../arm-none-eabi/lib/thumb/v7e-m/nofp\libg.a(lib_a-svfprintf.o)
 .rodata.zeroes.7356
                0x08008710       0x10 c:/progra~1/jetbra~1/gcc-ar~1/bin/../lib/gcc/arm-none-eabi/8.3.1/../../../../arm-none-eabi/lib/thumb/v7e-m/nofp\libg.a(lib_a-svfprintf.o)
 .rodata._dtoa_r.str1.4
                0x08008720        0xd c:/progra~1/jetbra~1/gcc-ar~1/bin/../lib/gcc/arm-none-eabi/8.3.1/../../../../arm-none-eabi/lib/thumb/v7e-m/nofp\libg.a(lib_a-dtoa.o)
                                 0x12 (size before relaxing)
 *fill*         0x0800872d        0x3 
 .rodata.__mprec_bigtens
                0x08008730       0x28 c:/progra~1/jetbra~1/gcc-ar~1/bin/../lib/gcc/arm-none-eabi/8.3.1/../../../../arm-none-eabi/lib/thumb/v7e-m/nofp\libg.a(lib_a-mprec.o)
                0x08008730                __mprec_bigtens
 .rodata.__mprec_tens
                0x08008758       0xc8 c:/progra~1/jetbra~1/gcc-ar~1/bin/../lib/gcc/arm-none-eabi/8.3.1/../../../../arm-none-eabi/lib/thumb/v7e-m/nofp\libg.a(lib_a-mprec.o)
                0x08008758                __mprec_tens
 .rodata.p05.6125
                0x08008820        0xc c:/progra~1/jetbra~1/gcc-ar~1/bin/../lib/gcc/arm-none-eabi/8.3.1/../../../../arm-none-eabi/lib/thumb/v7e-m/nofp\libg.a(lib_a-mprec.o)
 .rodata._setlocale_r.str1.4
                0x0800882c        0xa c:/progra~1/jetbra~1/gcc-ar~1/bin/../lib/gcc/arm-none-eabi/8.3.1/../../../../arm-none-eabi/lib/thumb/v7e-m/nofp\libg.a(lib_a-locale.o)
                                  0xd (size before relaxing)
 *fill*         0x08008836        0x2 
 .rodata.str1.4
                0x08008838        0x4 c:/progra~1/jetbra~1/gcc-ar~1/bin/../lib/gcc/arm-none-eabi/8.3.1/../../../../arm-none-eabi/lib/thumb/v7e-m/nofp\libg.a(lib_a-locale.o)
                                  0x2 (size before relaxing)
 .rodata._ctype_
                0x0800883c      0x101 c:/progra~1/jetbra~1/gcc-ar~1/bin/../lib/gcc/arm-none-eabi/8.3.1/../../../../arm-none-eabi/lib/thumb/v7e-m/nofp\libg.a(lib_a-ctype_.o)
                0x0800883c                _ctype_
 .rodata.__ieee754_pow.str1.4
                0x0800893d        0x1 c:/progra~1/jetbra~1/gcc-ar~1/bin/../lib/gcc/arm-none-eabi/8.3.1/../../../../arm-none-eabi/lib/thumb/v7e-m/nofp\libm.a(lib_a-e_pow.o)
 *fill*         0x0800893d        0x3 
 .rodata.TWO52  0x08008940       0x10 c:/progra~1/jetbra~1/gcc-ar~1/bin/../lib/gcc/arm-none-eabi/8.3.1/../../../../arm-none-eabi/lib/thumb/v7e-m/nofp\libm.a(lib_a-s_rint.o)
                0x08008950                . = ALIGN (0x4)

.ARM.extab      0x08008950        0x0
                0x08008950                . = ALIGN (0x4)
 *(.ARM.extab* .gnu.linkonce.armextab.*)
                0x08008950                . = ALIGN (0x4)

.ARM            0x08008950        0x8
                0x08008950                . = ALIGN (0x4)
                0x08008950                __exidx_start = .
 *(.ARM.exidx*)
 .ARM.exidx     0x08008950        0x8 c:/progra~1/jetbra~1/gcc-ar~1/bin/../lib/gcc/arm-none-eabi/8.3.1/thumb/v7e-m/nofp\libgcc.a(_udivmoddi4.o)
                0x08008958                __exidx_end = .
                0x08008958                . = ALIGN (0x4)

.rel.dyn        0x08008958        0x0
 .rel.iplt      0x08008958        0x0 c:/progra~1/jetbra~1/gcc-ar~1/bin/../lib/gcc/arm-none-eabi/8.3.1/thumb/v7e-m/nofp/crtbegin.o

.preinit_array  0x08008958        0x0
                0x08008958                . = ALIGN (0x4)
                0x08008958                PROVIDE (__preinit_array_start = .)
 *(.preinit_array*)
                0x08008958                PROVIDE (__preinit_array_end = .)
                0x08008958                . = ALIGN (0x4)

.init_array     0x08008958        0x8
                0x08008958                . = ALIGN (0x4)
                0x08008958                PROVIDE (__init_array_start = .)
 *(SORT_BY_NAME(.init_array.*))
 .init_array.00000
                0x08008958        0x4 c:/progra~1/jetbra~1/gcc-ar~1/bin/../lib/gcc/arm-none-eabi/8.3.1/../../../../arm-none-eabi/lib/thumb/v7e-m/nofp\libg.a(lib_a-__call_atexit.o)
 *(.init_array*)
 .init_array    0x0800895c        0x4 c:/progra~1/jetbra~1/gcc-ar~1/bin/../lib/gcc/arm-none-eabi/8.3.1/thumb/v7e-m/nofp/crtbegin.o
                0x08008960                PROVIDE (__init_array_end = .)
                0x08008960                . = ALIGN (0x4)

.fini_array     0x08008960        0x4
                0x08008960                . = ALIGN (0x4)
                0x08008960                PROVIDE (__fini_array_start = .)
 *(SORT_BY_NAME(.fini_array.*))
 *(.fini_array*)
 .fini_array    0x08008960        0x4 c:/progra~1/jetbra~1/gcc-ar~1/bin/../lib/gcc/arm-none-eabi/8.3.1/thumb/v7e-m/nofp/crtbegin.o
                0x08008964                PROVIDE (__fini_array_end = .)
                0x08008964                . = ALIGN (0x4)
                0x08008964                _sidata = LOADADDR (.data)

.data           0x20000000      0x9bc load address 0x08008964
                0x20000000                . = ALIGN (0x4)
                0x20000000                _sdata = .
 *(.data)
 *(.data*)
 .data.SystemCoreClock
                0x20000000        0x4 CMakeFiles/TestLCDi2c.elf.dir/Core/Src/system_stm32f4xx.c.obj
                0x20000000                SystemCoreClock
 .data.uwTickFreq
                0x20000004        0x1 CMakeFiles/TestLCDi2c.elf.dir/Drivers/STM32F4xx_HAL_Driver/Src/stm32f4xx_hal.c.obj
                0x20000004                uwTickFreq
 *fill*         0x20000005        0x3 
 .data.uwTickPrio
                0x20000008        0x4 CMakeFiles/TestLCDi2c.elf.dir/Drivers/STM32F4xx_HAL_Driver/Src/stm32f4xx_hal.c.obj
                0x20000008                uwTickPrio
 .data._impure_ptr
                0x2000000c        0x4 c:/progra~1/jetbra~1/gcc-ar~1/bin/../lib/gcc/arm-none-eabi/8.3.1/../../../../arm-none-eabi/lib/thumb/v7e-m/nofp\libg.a(lib_a-impure.o)
                0x2000000c                _impure_ptr
 .data.impure_data
                0x20000010      0x428 c:/progra~1/jetbra~1/gcc-ar~1/bin/../lib/gcc/arm-none-eabi/8.3.1/../../../../arm-none-eabi/lib/thumb/v7e-m/nofp\libg.a(lib_a-impure.o)
 .data.__atexit_recursive_mutex
                0x20000438        0x4 c:/progra~1/jetbra~1/gcc-ar~1/bin/../lib/gcc/arm-none-eabi/8.3.1/../../../../arm-none-eabi/lib/thumb/v7e-m/nofp\libg.a(lib_a-__call_atexit.o)
                0x20000438                __atexit_recursive_mutex
 .data.__malloc_av_
                0x2000043c      0x408 c:/progra~1/jetbra~1/gcc-ar~1/bin/../lib/gcc/arm-none-eabi/8.3.1/../../../../arm-none-eabi/lib/thumb/v7e-m/nofp\libg.a(lib_a-mallocr.o)
                0x2000043c                __malloc_av_
 .data.__malloc_sbrk_base
                0x20000844        0x4 c:/progra~1/jetbra~1/gcc-ar~1/bin/../lib/gcc/arm-none-eabi/8.3.1/../../../../arm-none-eabi/lib/thumb/v7e-m/nofp\libg.a(lib_a-mallocr.o)
                0x20000844                __malloc_sbrk_base
 .data.__malloc_trim_threshold
                0x20000848        0x4 c:/progra~1/jetbra~1/gcc-ar~1/bin/../lib/gcc/arm-none-eabi/8.3.1/../../../../arm-none-eabi/lib/thumb/v7e-m/nofp\libg.a(lib_a-mallocr.o)
                0x20000848                __malloc_trim_threshold
 .data.__global_locale
                0x2000084c      0x16c c:/progra~1/jetbra~1/gcc-ar~1/bin/../lib/gcc/arm-none-eabi/8.3.1/../../../../arm-none-eabi/lib/thumb/v7e-m/nofp\libg.a(lib_a-locale.o)
                0x2000084c                __global_locale
 .data.__fdlib_version
                0x200009b8        0x1 c:/progra~1/jetbra~1/gcc-ar~1/bin/../lib/gcc/arm-none-eabi/8.3.1/../../../../arm-none-eabi/lib/thumb/v7e-m/nofp\libm.a(lib_a-s_lib_ver.o)
                0x200009b8                __fdlib_version
                0x200009bc                . = ALIGN (0x4)
 *fill*         0x200009b9        0x3 
                0x200009bc                _edata = .

.igot.plt       0x200009bc        0x0 load address 0x08009320
 .igot.plt      0x200009bc        0x0 c:/progra~1/jetbra~1/gcc-ar~1/bin/../lib/gcc/arm-none-eabi/8.3.1/thumb/v7e-m/nofp/crtbegin.o
                0x200009bc                . = ALIGN (0x4)

.bss            0x200009c0      0x1e4 load address 0x08009320
                0x200009c0                _sbss = .
                0x200009c0                __bss_start__ = _sbss
 *(.bss)
 .bss           0x200009c0       0x1c c:/progra~1/jetbra~1/gcc-ar~1/bin/../lib/gcc/arm-none-eabi/8.3.1/thumb/v7e-m/nofp/crtbegin.o
 *(.bss*)
 .bss.Presence  0x200009dc        0x1 CMakeFiles/TestLCDi2c.elf.dir/Core/Src/DHT.c.obj
                0x200009dc                Presence
 .bss.Rh_byte1  0x200009dd        0x1 CMakeFiles/TestLCDi2c.elf.dir/Core/Src/DHT.c.obj
                0x200009dd                Rh_byte1
 .bss.Rh_byte2  0x200009de        0x1 CMakeFiles/TestLCDi2c.elf.dir/Core/Src/DHT.c.obj
                0x200009de                Rh_byte2
 *fill*         0x200009df        0x1 
 .bss.SUM       0x200009e0        0x2 CMakeFiles/TestLCDi2c.elf.dir/Core/Src/DHT.c.obj
                0x200009e0                SUM
 .bss.Temp_byte1
                0x200009e2        0x1 CMakeFiles/TestLCDi2c.elf.dir/Core/Src/DHT.c.obj
                0x200009e2                Temp_byte1
 .bss.Temp_byte2
                0x200009e3        0x1 CMakeFiles/TestLCDi2c.elf.dir/Core/Src/DHT.c.obj
                0x200009e3                Temp_byte2
 .bss.HTIMx     0x200009e4       0x40 CMakeFiles/TestLCDi2c.elf.dir/Core/Src/Timer_Delay.c.obj
 .bss.gu32_ticks
                0x20000a24        0x4 CMakeFiles/TestLCDi2c.elf.dir/Core/Src/Timer_Delay.c.obj
 .bss.LCD_I2C_SLAVE_ADDRESS
                0x20000a28        0x1 CMakeFiles/TestLCDi2c.elf.dir/Core/Src/lcd16x2_i2c.c.obj
 *fill*         0x20000a29        0x3 
 .bss.lcd16x2_i2cHandle
                0x20000a2c        0x4 CMakeFiles/TestLCDi2c.elf.dir/Core/Src/lcd16x2_i2c.c.obj
 .bss.DHT22     0x20000a30        0x8 CMakeFiles/TestLCDi2c.elf.dir/Core/Src/main.c.obj
                0x20000a30                DHT22
 .bss.MG811_CO2Sensor
                0x20000a38       0x28 CMakeFiles/TestLCDi2c.elf.dir/Core/Src/main.c.obj
                0x20000a38                MG811_CO2Sensor
 .bss.hadc1     0x20000a60       0x48 CMakeFiles/TestLCDi2c.elf.dir/Core/Src/main.c.obj
                0x20000a60                hadc1
 .bss.hi2c1     0x20000aa8       0x54 CMakeFiles/TestLCDi2c.elf.dir/Core/Src/main.c.obj
                0x20000aa8                hi2c1
 .bss.htim3     0x20000afc       0x40 CMakeFiles/TestLCDi2c.elf.dir/Core/Src/main.c.obj
                0x20000afc                htim3
 .bss.adc_value
                0x20000b3c        0x2 CMakeFiles/TestLCDi2c.elf.dir/Core/Src/mg811.c.obj
                0x20000b3c                adc_value
 *fill*         0x20000b3e        0x2 
 .bss.__sbrk_heap_end
                0x20000b40        0x4 CMakeFiles/TestLCDi2c.elf.dir/Core/Src/sysmem.c.obj
 .bss.uwTick    0x20000b44        0x4 CMakeFiles/TestLCDi2c.elf.dir/Drivers/STM32F4xx_HAL_Driver/Src/stm32f4xx_hal.c.obj
                0x20000b44                uwTick
 .bss.__malloc_current_mallinfo
                0x20000b48       0x28 c:/progra~1/jetbra~1/gcc-ar~1/bin/../lib/gcc/arm-none-eabi/8.3.1/../../../../arm-none-eabi/lib/thumb/v7e-m/nofp\libg.a(lib_a-mallocr.o)
                0x20000b48                __malloc_current_mallinfo
 .bss.__malloc_max_sbrked_mem
                0x20000b70        0x4 c:/progra~1/jetbra~1/gcc-ar~1/bin/../lib/gcc/arm-none-eabi/8.3.1/../../../../arm-none-eabi/lib/thumb/v7e-m/nofp\libg.a(lib_a-mallocr.o)
                0x20000b70                __malloc_max_sbrked_mem
 .bss.__malloc_max_total_mem
                0x20000b74        0x4 c:/progra~1/jetbra~1/gcc-ar~1/bin/../lib/gcc/arm-none-eabi/8.3.1/../../../../arm-none-eabi/lib/thumb/v7e-m/nofp\libg.a(lib_a-mallocr.o)
                0x20000b74                __malloc_max_total_mem
 .bss.__malloc_top_pad
                0x20000b78        0x4 c:/progra~1/jetbra~1/gcc-ar~1/bin/../lib/gcc/arm-none-eabi/8.3.1/../../../../arm-none-eabi/lib/thumb/v7e-m/nofp\libg.a(lib_a-mallocr.o)
                0x20000b78                __malloc_top_pad
 *(COMMON)
 COMMON         0x20000b7c       0x21 c:/progra~1/jetbra~1/gcc-ar~1/bin/../lib/gcc/arm-none-eabi/8.3.1/../../../../arm-none-eabi/lib/thumb/v7e-m/nofp\libg.a(lib_a-lock.o)
                0x20000b7c                __lock___atexit_recursive_mutex
                0x20000b80                __lock___arc4random_mutex
                0x20000b84                __lock___env_recursive_mutex
                0x20000b88                __lock___sinit_recursive_mutex
                0x20000b8c                __lock___malloc_recursive_mutex
                0x20000b90                __lock___at_quick_exit_mutex
                0x20000b94                __lock___dd_hash_mutex
                0x20000b98                __lock___tz_mutex
                0x20000b9c                __lock___sfp_recursive_mutex
 *fill*         0x20000b9d        0x3 
 COMMON         0x20000ba0        0x4 c:/progra~1/jetbra~1/gcc-ar~1/bin/../lib/gcc/arm-none-eabi/8.3.1/../../../../arm-none-eabi/lib/thumb/v7e-m/nofp\libg.a(lib_a-reent.o)
                0x20000ba0                errno
                0x20000ba4                . = ALIGN (0x4)
                0x20000ba4                _ebss = .
                0x20000ba4                __bss_end__ = _ebss

._user_heap_stack
                0x20000ba4      0x604 load address 0x08009320
                0x20000ba8                . = ALIGN (0x8)
 *fill*         0x20000ba4        0x4 
                [!provide]                PROVIDE (end = .)
                0x20000ba8                PROVIDE (_end = .)
                0x20000da8                . = (. + _Min_Heap_Size)
 *fill*         0x20000ba8      0x200 
                0x200011a8                . = (. + _Min_Stack_Size)
 *fill*         0x20000da8      0x400 
                0x200011a8                . = ALIGN (0x8)

/DISCARD/
 libc.a(*)
 libm.a(*)
 libgcc.a(*)

.ARM.attributes
                0x00000000       0x2a
 *(.ARM.attributes)
 .ARM.attributes
                0x00000000       0x1e c:/progra~1/jetbra~1/gcc-ar~1/bin/../lib/gcc/arm-none-eabi/8.3.1/thumb/v7e-m/nofp/crti.o
 .ARM.attributes
                0x0000001e       0x2e c:/progra~1/jetbra~1/gcc-ar~1/bin/../lib/gcc/arm-none-eabi/8.3.1/thumb/v7e-m/nofp/crtbegin.o
 .ARM.attributes
                0x0000004c       0x2e CMakeFiles/TestLCDi2c.elf.dir/Core/Src/DHT.c.obj
 .ARM.attributes
                0x0000007a       0x2e CMakeFiles/TestLCDi2c.elf.dir/Core/Src/Timer_Delay.c.obj
 .ARM.attributes
                0x000000a8       0x2e CMakeFiles/TestLCDi2c.elf.dir/Core/Src/lcd16x2_i2c.c.obj
 .ARM.attributes
                0x000000d6       0x2e CMakeFiles/TestLCDi2c.elf.dir/Core/Src/main.c.obj
 .ARM.attributes
                0x00000104       0x2e CMakeFiles/TestLCDi2c.elf.dir/Core/Src/mg811.c.obj
 .ARM.attributes
                0x00000132       0x2e CMakeFiles/TestLCDi2c.elf.dir/Core/Src/stm32f4xx_hal_msp.c.obj
 .ARM.attributes
                0x00000160       0x2e CMakeFiles/TestLCDi2c.elf.dir/Core/Src/stm32f4xx_it.c.obj
 .ARM.attributes
                0x0000018e       0x2e CMakeFiles/TestLCDi2c.elf.dir/Core/Src/sysmem.c.obj
 .ARM.attributes
                0x000001bc       0x2e CMakeFiles/TestLCDi2c.elf.dir/Core/Src/system_stm32f4xx.c.obj
 .ARM.attributes
                0x000001ea       0x21 CMakeFiles/TestLCDi2c.elf.dir/Core/Startup/startup_stm32f411vetx.s.obj
 .ARM.attributes
                0x0000020b       0x2e CMakeFiles/TestLCDi2c.elf.dir/Drivers/STM32F4xx_HAL_Driver/Src/stm32f4xx_hal.c.obj
 .ARM.attributes
                0x00000239       0x2e CMakeFiles/TestLCDi2c.elf.dir/Drivers/STM32F4xx_HAL_Driver/Src/stm32f4xx_hal_adc.c.obj
 .ARM.attributes
                0x00000267       0x2e CMakeFiles/TestLCDi2c.elf.dir/Drivers/STM32F4xx_HAL_Driver/Src/stm32f4xx_hal_adc_ex.c.obj
 .ARM.attributes
                0x00000295       0x2e CMakeFiles/TestLCDi2c.elf.dir/Drivers/STM32F4xx_HAL_Driver/Src/stm32f4xx_hal_cortex.c.obj
 .ARM.attributes
                0x000002c3       0x2e CMakeFiles/TestLCDi2c.elf.dir/Drivers/STM32F4xx_HAL_Driver/Src/stm32f4xx_hal_gpio.c.obj
 .ARM.attributes
                0x000002f1       0x2e CMakeFiles/TestLCDi2c.elf.dir/Drivers/STM32F4xx_HAL_Driver/Src/stm32f4xx_hal_i2c.c.obj
 .ARM.attributes
                0x0000031f       0x2e CMakeFiles/TestLCDi2c.elf.dir/Drivers/STM32F4xx_HAL_Driver/Src/stm32f4xx_hal_rcc.c.obj
 .ARM.attributes
                0x0000034d       0x2e CMakeFiles/TestLCDi2c.elf.dir/Drivers/STM32F4xx_HAL_Driver/Src/stm32f4xx_hal_tim.c.obj
 .ARM.attributes
                0x0000037b       0x2e CMakeFiles/TestLCDi2c.elf.dir/Drivers/STM32F4xx_HAL_Driver/Src/stm32f4xx_hal_tim_ex.c.obj
 .ARM.attributes
                0x000003a9       0x1e c:/progra~1/jetbra~1/gcc-ar~1/bin/../lib/gcc/arm-none-eabi/8.3.1/thumb/v7e-m/nofp\libgcc.a(_arm_addsubdf3.o)
 .ARM.attributes
                0x000003c7       0x1e c:/progra~1/jetbra~1/gcc-ar~1/bin/../lib/gcc/arm-none-eabi/8.3.1/thumb/v7e-m/nofp\libgcc.a(_arm_muldivdf3.o)
 .ARM.attributes
                0x000003e5       0x1e c:/progra~1/jetbra~1/gcc-ar~1/bin/../lib/gcc/arm-none-eabi/8.3.1/thumb/v7e-m/nofp\libgcc.a(_arm_truncdfsf2.o)
 .ARM.attributes
                0x00000403       0x1e c:/progra~1/jetbra~1/gcc-ar~1/bin/../lib/gcc/arm-none-eabi/8.3.1/thumb/v7e-m/nofp\libgcc.a(_aeabi_uldivmod.o)
 .ARM.attributes
                0x00000421       0x2e c:/progra~1/jetbra~1/gcc-ar~1/bin/../lib/gcc/arm-none-eabi/8.3.1/thumb/v7e-m/nofp\libgcc.a(_udivmoddi4.o)
 .ARM.attributes
                0x0000044f       0x1e c:/progra~1/jetbra~1/gcc-ar~1/bin/../lib/gcc/arm-none-eabi/8.3.1/thumb/v7e-m/nofp\libgcc.a(_dvmd_tls.o)
 .ARM.attributes
                0x0000046d       0x2e c:/progra~1/jetbra~1/gcc-ar~1/bin/../lib/gcc/arm-none-eabi/8.3.1/../../../../arm-none-eabi/lib/thumb/v7e-m/nofp\libg.a(lib_a-errno.o)
 .ARM.attributes
                0x0000049b       0x2e c:/progra~1/jetbra~1/gcc-ar~1/bin/../lib/gcc/arm-none-eabi/8.3.1/../../../../arm-none-eabi/lib/thumb/v7e-m/nofp\libg.a(lib_a-impure.o)
 .ARM.attributes
                0x000004c9       0x2e c:/progra~1/jetbra~1/gcc-ar~1/bin/../lib/gcc/arm-none-eabi/8.3.1/../../../../arm-none-eabi/lib/thumb/v7e-m/nofp\libg.a(lib_a-init.o)
 .ARM.attributes
                0x000004f7       0x2e c:/progra~1/jetbra~1/gcc-ar~1/bin/../lib/gcc/arm-none-eabi/8.3.1/../../../../arm-none-eabi/lib/thumb/v7e-m/nofp\libg.a(lib_a-memset.o)
 .ARM.attributes
                0x00000525       0x1c c:/progra~1/jetbra~1/gcc-ar~1/bin/../lib/gcc/arm-none-eabi/8.3.1/../../../../arm-none-eabi/lib/thumb/v7e-m/nofp\libg.a(lib_a-strlen.o)
 .ARM.attributes
                0x00000541       0x2e c:/progra~1/jetbra~1/gcc-ar~1/bin/../lib/gcc/arm-none-eabi/8.3.1/../../../../arm-none-eabi/lib/thumb/v7e-m/nofp\libg.a(lib_a-vsprintf.o)
 .ARM.attributes
                0x0000056f       0x2e c:/progra~1/jetbra~1/gcc-ar~1/bin/../lib/gcc/arm-none-eabi/8.3.1/../../../../arm-none-eabi/lib/thumb/v7e-m/nofp\libg.a(lib_a-__call_atexit.o)
 .ARM.attributes
                0x0000059d       0x2e c:/progra~1/jetbra~1/gcc-ar~1/bin/../lib/gcc/arm-none-eabi/8.3.1/../../../../arm-none-eabi/lib/thumb/v7e-m/nofp\libg.a(lib_a-atexit.o)
 .ARM.attributes
                0x000005cb       0x2e c:/progra~1/jetbra~1/gcc-ar~1/bin/../lib/gcc/arm-none-eabi/8.3.1/../../../../arm-none-eabi/lib/thumb/v7e-m/nofp\libg.a(lib_a-fini.o)
 .ARM.attributes
                0x000005f9       0x2e c:/progra~1/jetbra~1/gcc-ar~1/bin/../lib/gcc/arm-none-eabi/8.3.1/../../../../arm-none-eabi/lib/thumb/v7e-m/nofp\libg.a(lib_a-lock.o)
 .ARM.attributes
                0x00000627       0x2e c:/progra~1/jetbra~1/gcc-ar~1/bin/../lib/gcc/arm-none-eabi/8.3.1/../../../../arm-none-eabi/lib/thumb/v7e-m/nofp\libg.a(lib_a-svfprintf.o)
 .ARM.attributes
                0x00000655       0x2e c:/progra~1/jetbra~1/gcc-ar~1/bin/../lib/gcc/arm-none-eabi/8.3.1/../../../../arm-none-eabi/lib/thumb/v7e-m/nofp\libg.a(lib_a-__atexit.o)
 .ARM.attributes
                0x00000683       0x2e c:/progra~1/jetbra~1/gcc-ar~1/bin/../lib/gcc/arm-none-eabi/8.3.1/../../../../arm-none-eabi/lib/thumb/v7e-m/nofp\libg.a(lib_a-dtoa.o)
 .ARM.attributes
                0x000006b1       0x2e c:/progra~1/jetbra~1/gcc-ar~1/bin/../lib/gcc/arm-none-eabi/8.3.1/../../../../arm-none-eabi/lib/thumb/v7e-m/nofp\libg.a(lib_a-freer.o)
 .ARM.attributes
                0x000006df       0x2e c:/progra~1/jetbra~1/gcc-ar~1/bin/../lib/gcc/arm-none-eabi/8.3.1/../../../../arm-none-eabi/lib/thumb/v7e-m/nofp\libg.a(lib_a-localeconv.o)
 .ARM.attributes
                0x0000070d       0x2e c:/progra~1/jetbra~1/gcc-ar~1/bin/../lib/gcc/arm-none-eabi/8.3.1/../../../../arm-none-eabi/lib/thumb/v7e-m/nofp\libg.a(lib_a-mallocr.o)
 .ARM.attributes
                0x0000073b       0x1c c:/progra~1/jetbra~1/gcc-ar~1/bin/../lib/gcc/arm-none-eabi/8.3.1/../../../../arm-none-eabi/lib/thumb/v7e-m/nofp\libg.a(lib_a-memchr.o)
 .ARM.attributes
                0x00000757       0x1c c:/progra~1/jetbra~1/gcc-ar~1/bin/../lib/gcc/arm-none-eabi/8.3.1/../../../../arm-none-eabi/lib/thumb/v7e-m/nofp\libg.a(lib_a-memcpy.o)
 .ARM.attributes
                0x00000773       0x2e c:/progra~1/jetbra~1/gcc-ar~1/bin/../lib/gcc/arm-none-eabi/8.3.1/../../../../arm-none-eabi/lib/thumb/v7e-m/nofp\libg.a(lib_a-mlock.o)
 .ARM.attributes
                0x000007a1       0x2e c:/progra~1/jetbra~1/gcc-ar~1/bin/../lib/gcc/arm-none-eabi/8.3.1/../../../../arm-none-eabi/lib/thumb/v7e-m/nofp\libg.a(lib_a-mprec.o)
 .ARM.attributes
                0x000007cf       0x2e c:/progra~1/jetbra~1/gcc-ar~1/bin/../lib/gcc/arm-none-eabi/8.3.1/../../../../arm-none-eabi/lib/thumb/v7e-m/nofp\libg.a(lib_a-s_frexp.o)
 .ARM.attributes
                0x000007fd       0x2e c:/progra~1/jetbra~1/gcc-ar~1/bin/../lib/gcc/arm-none-eabi/8.3.1/../../../../arm-none-eabi/lib/thumb/v7e-m/nofp\libg.a(lib_a-sbrkr.o)
 .ARM.attributes
                0x0000082b       0x2e c:/progra~1/jetbra~1/gcc-ar~1/bin/../lib/gcc/arm-none-eabi/8.3.1/../../../../arm-none-eabi/lib/thumb/v7e-m/nofp\libg.a(lib_a-strncpy.o)
 .ARM.attributes
                0x00000859       0x2e c:/progra~1/jetbra~1/gcc-ar~1/bin/../lib/gcc/arm-none-eabi/8.3.1/../../../../arm-none-eabi/lib/thumb/v7e-m/nofp\libg.a(lib_a-svfiprintf.o)
 .ARM.attributes
                0x00000887       0x2e c:/progra~1/jetbra~1/gcc-ar~1/bin/../lib/gcc/arm-none-eabi/8.3.1/../../../../arm-none-eabi/lib/thumb/v7e-m/nofp\libg.a(lib_a-callocr.o)
 .ARM.attributes
                0x000008b5       0x2e c:/progra~1/jetbra~1/gcc-ar~1/bin/../lib/gcc/arm-none-eabi/8.3.1/../../../../arm-none-eabi/lib/thumb/v7e-m/nofp\libg.a(lib_a-locale.o)
 .ARM.attributes
                0x000008e3       0x2e c:/progra~1/jetbra~1/gcc-ar~1/bin/../lib/gcc/arm-none-eabi/8.3.1/../../../../arm-none-eabi/lib/thumb/v7e-m/nofp\libg.a(lib_a-mbtowc_r.o)
 .ARM.attributes
                0x00000911       0x2e c:/progra~1/jetbra~1/gcc-ar~1/bin/../lib/gcc/arm-none-eabi/8.3.1/../../../../arm-none-eabi/lib/thumb/v7e-m/nofp\libg.a(lib_a-memmove.o)
 .ARM.attributes
                0x0000093f       0x2e c:/progra~1/jetbra~1/gcc-ar~1/bin/../lib/gcc/arm-none-eabi/8.3.1/../../../../arm-none-eabi/lib/thumb/v7e-m/nofp\libg.a(lib_a-reallocr.o)
 .ARM.attributes
                0x0000096d       0x2e c:/progra~1/jetbra~1/gcc-ar~1/bin/../lib/gcc/arm-none-eabi/8.3.1/../../../../arm-none-eabi/lib/thumb/v7e-m/nofp\libg.a(lib_a-reent.o)
 .ARM.attributes
                0x0000099b       0x2e c:/progra~1/jetbra~1/gcc-ar~1/bin/../lib/gcc/arm-none-eabi/8.3.1/../../../../arm-none-eabi/lib/thumb/v7e-m/nofp\libg.a(lib_a-wctomb_r.o)
 .ARM.attributes
                0x000009c9       0x2e c:/progra~1/jetbra~1/gcc-ar~1/bin/../lib/gcc/arm-none-eabi/8.3.1/../../../../arm-none-eabi/lib/thumb/v7e-m/nofp\libg.a(lib_a-ctype_.o)
 .ARM.attributes
                0x000009f7       0x1e c:/progra~1/jetbra~1/gcc-ar~1/bin/../lib/gcc/arm-none-eabi/8.3.1/thumb/v7e-m/nofp\libgcc.a(_arm_cmpdf2.o)
 .ARM.attributes
                0x00000a15       0x1e c:/progra~1/jetbra~1/gcc-ar~1/bin/../lib/gcc/arm-none-eabi/8.3.1/thumb/v7e-m/nofp\libgcc.a(_arm_unorddf2.o)
 .ARM.attributes
                0x00000a33       0x1e c:/progra~1/jetbra~1/gcc-ar~1/bin/../lib/gcc/arm-none-eabi/8.3.1/thumb/v7e-m/nofp\libgcc.a(_arm_fixdfsi.o)
 .ARM.attributes
                0x00000a51       0x1e c:/progra~1/jetbra~1/gcc-ar~1/bin/../lib/gcc/arm-none-eabi/8.3.1/thumb/v7e-m/nofp/crtn.o
OUTPUT(TestLCDi2c.elf elf32-littlearm)

.debug_info     0x00000000    0x150ed
 .debug_info    0x00000000      0x715 CMakeFiles/TestLCDi2c.elf.dir/Core/Src/DHT.c.obj
 .debug_info    0x00000715      0x8cd CMakeFiles/TestLCDi2c.elf.dir/Core/Src/Timer_Delay.c.obj
 .debug_info    0x00000fe2     0x166a CMakeFiles/TestLCDi2c.elf.dir/Core/Src/lcd16x2_i2c.c.obj
 .debug_info    0x0000264c     0x18ac CMakeFiles/TestLCDi2c.elf.dir/Core/Src/main.c.obj
 .debug_info    0x00003ef8     0x1327 CMakeFiles/TestLCDi2c.elf.dir/Core/Src/mg811.c.obj
 .debug_info    0x0000521f     0x137e CMakeFiles/TestLCDi2c.elf.dir/Core/Src/stm32f4xx_hal_msp.c.obj
 .debug_info    0x0000659d      0x74e CMakeFiles/TestLCDi2c.elf.dir/Core/Src/stm32f4xx_it.c.obj
 .debug_info    0x00006ceb      0xa3a CMakeFiles/TestLCDi2c.elf.dir/Core/Src/sysmem.c.obj
 .debug_info    0x00007725      0x5e5 CMakeFiles/TestLCDi2c.elf.dir/Core/Src/system_stm32f4xx.c.obj
 .debug_info    0x00007d0a       0x22 CMakeFiles/TestLCDi2c.elf.dir/Core/Startup/startup_stm32f411vetx.s.obj
 .debug_info    0x00007d2c      0xa0b CMakeFiles/TestLCDi2c.elf.dir/Drivers/STM32F4xx_HAL_Driver/Src/stm32f4xx_hal.c.obj
 .debug_info    0x00008737      0xf6d CMakeFiles/TestLCDi2c.elf.dir/Drivers/STM32F4xx_HAL_Driver/Src/stm32f4xx_hal_adc.c.obj
 .debug_info    0x000096a4      0xd71 CMakeFiles/TestLCDi2c.elf.dir/Drivers/STM32F4xx_HAL_Driver/Src/stm32f4xx_hal_adc_ex.c.obj
 .debug_info    0x0000a415     0x10d6 CMakeFiles/TestLCDi2c.elf.dir/Drivers/STM32F4xx_HAL_Driver/Src/stm32f4xx_hal_cortex.c.obj
 .debug_info    0x0000b4eb      0x893 CMakeFiles/TestLCDi2c.elf.dir/Drivers/STM32F4xx_HAL_Driver/Src/stm32f4xx_hal_gpio.c.obj
 .debug_info    0x0000bd7e     0x3936 CMakeFiles/TestLCDi2c.elf.dir/Drivers/STM32F4xx_HAL_Driver/Src/stm32f4xx_hal_i2c.c.obj
 .debug_info    0x0000f6b4      0xb85 CMakeFiles/TestLCDi2c.elf.dir/Drivers/STM32F4xx_HAL_Driver/Src/stm32f4xx_hal_rcc.c.obj
 .debug_info    0x00010239     0x3785 CMakeFiles/TestLCDi2c.elf.dir/Drivers/STM32F4xx_HAL_Driver/Src/stm32f4xx_hal_tim.c.obj
 .debug_info    0x000139be     0x172f CMakeFiles/TestLCDi2c.elf.dir/Drivers/STM32F4xx_HAL_Driver/Src/stm32f4xx_hal_tim_ex.c.obj

.debug_abbrev   0x00000000     0x2b91
 .debug_abbrev  0x00000000      0x266 CMakeFiles/TestLCDi2c.elf.dir/Core/Src/DHT.c.obj
 .debug_abbrev  0x00000266      0x1d8 CMakeFiles/TestLCDi2c.elf.dir/Core/Src/Timer_Delay.c.obj
 .debug_abbrev  0x0000043e      0x339 CMakeFiles/TestLCDi2c.elf.dir/Core/Src/lcd16x2_i2c.c.obj
 .debug_abbrev  0x00000777      0x2c2 CMakeFiles/TestLCDi2c.elf.dir/Core/Src/main.c.obj
 .debug_abbrev  0x00000a39      0x34c CMakeFiles/TestLCDi2c.elf.dir/Core/Src/mg811.c.obj
 .debug_abbrev  0x00000d85      0x209 CMakeFiles/TestLCDi2c.elf.dir/Core/Src/stm32f4xx_hal_msp.c.obj
 .debug_abbrev  0x00000f8e      0x164 CMakeFiles/TestLCDi2c.elf.dir/Core/Src/stm32f4xx_it.c.obj
 .debug_abbrev  0x000010f2      0x23e CMakeFiles/TestLCDi2c.elf.dir/Core/Src/sysmem.c.obj
 .debug_abbrev  0x00001330      0x148 CMakeFiles/TestLCDi2c.elf.dir/Core/Src/system_stm32f4xx.c.obj
 .debug_abbrev  0x00001478       0x12 CMakeFiles/TestLCDi2c.elf.dir/Core/Startup/startup_stm32f411vetx.s.obj
 .debug_abbrev  0x0000148a      0x24a CMakeFiles/TestLCDi2c.elf.dir/Drivers/STM32F4xx_HAL_Driver/Src/stm32f4xx_hal.c.obj
 .debug_abbrev  0x000016d4      0x235 CMakeFiles/TestLCDi2c.elf.dir/Drivers/STM32F4xx_HAL_Driver/Src/stm32f4xx_hal_adc.c.obj
 .debug_abbrev  0x00001909      0x27f CMakeFiles/TestLCDi2c.elf.dir/Drivers/STM32F4xx_HAL_Driver/Src/stm32f4xx_hal_adc_ex.c.obj
 .debug_abbrev  0x00001b88      0x39b CMakeFiles/TestLCDi2c.elf.dir/Drivers/STM32F4xx_HAL_Driver/Src/stm32f4xx_hal_cortex.c.obj
 .debug_abbrev  0x00001f23      0x21c CMakeFiles/TestLCDi2c.elf.dir/Drivers/STM32F4xx_HAL_Driver/Src/stm32f4xx_hal_gpio.c.obj
 .debug_abbrev  0x0000213f      0x2bc CMakeFiles/TestLCDi2c.elf.dir/Drivers/STM32F4xx_HAL_Driver/Src/stm32f4xx_hal_i2c.c.obj
 .debug_abbrev  0x000023fb      0x2ae CMakeFiles/TestLCDi2c.elf.dir/Drivers/STM32F4xx_HAL_Driver/Src/stm32f4xx_hal_rcc.c.obj
 .debug_abbrev  0x000026a9      0x269 CMakeFiles/TestLCDi2c.elf.dir/Drivers/STM32F4xx_HAL_Driver/Src/stm32f4xx_hal_tim.c.obj
 .debug_abbrev  0x00002912      0x27f CMakeFiles/TestLCDi2c.elf.dir/Drivers/STM32F4xx_HAL_Driver/Src/stm32f4xx_hal_tim_ex.c.obj

.debug_loc      0x00000000     0xc7cd
 .debug_loc     0x00000000      0x188 CMakeFiles/TestLCDi2c.elf.dir/Core/Src/DHT.c.obj
 .debug_loc     0x00000188      0x2cb CMakeFiles/TestLCDi2c.elf.dir/Core/Src/lcd16x2_i2c.c.obj
 .debug_loc     0x00000453       0x9a CMakeFiles/TestLCDi2c.elf.dir/Core/Src/main.c.obj
 .debug_loc     0x000004ed      0x1f1 CMakeFiles/TestLCDi2c.elf.dir/Core/Src/mg811.c.obj
 .debug_loc     0x000006de       0xeb CMakeFiles/TestLCDi2c.elf.dir/Core/Src/stm32f4xx_hal_msp.c.obj
 .debug_loc     0x000007c9       0x64 CMakeFiles/TestLCDi2c.elf.dir/Core/Src/sysmem.c.obj
 .debug_loc     0x0000082d      0x16c CMakeFiles/TestLCDi2c.elf.dir/Core/Src/system_stm32f4xx.c.obj
 .debug_loc     0x00000999      0x141 CMakeFiles/TestLCDi2c.elf.dir/Drivers/STM32F4xx_HAL_Driver/Src/stm32f4xx_hal.c.obj
 .debug_loc     0x00000ada      0xab2 CMakeFiles/TestLCDi2c.elf.dir/Drivers/STM32F4xx_HAL_Driver/Src/stm32f4xx_hal_adc.c.obj
 .debug_loc     0x0000158c      0xa1d CMakeFiles/TestLCDi2c.elf.dir/Drivers/STM32F4xx_HAL_Driver/Src/stm32f4xx_hal_adc_ex.c.obj
 .debug_loc     0x00001fa9      0x700 CMakeFiles/TestLCDi2c.elf.dir/Drivers/STM32F4xx_HAL_Driver/Src/stm32f4xx_hal_cortex.c.obj
 .debug_loc     0x000026a9      0x50f CMakeFiles/TestLCDi2c.elf.dir/Drivers/STM32F4xx_HAL_Driver/Src/stm32f4xx_hal_gpio.c.obj
 .debug_loc     0x00002bb8     0x3f39 CMakeFiles/TestLCDi2c.elf.dir/Drivers/STM32F4xx_HAL_Driver/Src/stm32f4xx_hal_i2c.c.obj
 .debug_loc     0x00006af1      0x558 CMakeFiles/TestLCDi2c.elf.dir/Drivers/STM32F4xx_HAL_Driver/Src/stm32f4xx_hal_rcc.c.obj
 .debug_loc     0x00007049     0x43d7 CMakeFiles/TestLCDi2c.elf.dir/Drivers/STM32F4xx_HAL_Driver/Src/stm32f4xx_hal_tim.c.obj
 .debug_loc     0x0000b420     0x13ad CMakeFiles/TestLCDi2c.elf.dir/Drivers/STM32F4xx_HAL_Driver/Src/stm32f4xx_hal_tim_ex.c.obj

.debug_aranges  0x00000000      0xe58
 .debug_aranges
                0x00000000       0x48 CMakeFiles/TestLCDi2c.elf.dir/Core/Src/DHT.c.obj
 .debug_aranges
                0x00000048       0x30 CMakeFiles/TestLCDi2c.elf.dir/Core/Src/Timer_Delay.c.obj
 .debug_aranges
                0x00000078       0x88 CMakeFiles/TestLCDi2c.elf.dir/Core/Src/lcd16x2_i2c.c.obj
 .debug_aranges
                0x00000100       0x68 CMakeFiles/TestLCDi2c.elf.dir/Core/Src/main.c.obj
 .debug_aranges
                0x00000168       0x48 CMakeFiles/TestLCDi2c.elf.dir/Core/Src/mg811.c.obj
 .debug_aranges
                0x000001b0       0x50 CMakeFiles/TestLCDi2c.elf.dir/Core/Src/stm32f4xx_hal_msp.c.obj
 .debug_aranges
                0x00000200       0x68 CMakeFiles/TestLCDi2c.elf.dir/Core/Src/stm32f4xx_it.c.obj
 .debug_aranges
                0x00000268       0x20 CMakeFiles/TestLCDi2c.elf.dir/Core/Src/sysmem.c.obj
 .debug_aranges
                0x00000288       0x28 CMakeFiles/TestLCDi2c.elf.dir/Core/Src/system_stm32f4xx.c.obj
 .debug_aranges
                0x000002b0       0x28 CMakeFiles/TestLCDi2c.elf.dir/Core/Startup/startup_stm32f411vetx.s.obj
 .debug_aranges
                0x000002d8       0xf0 CMakeFiles/TestLCDi2c.elf.dir/Drivers/STM32F4xx_HAL_Driver/Src/stm32f4xx_hal.c.obj
 .debug_aranges
                0x000003c8       0xe8 CMakeFiles/TestLCDi2c.elf.dir/Drivers/STM32F4xx_HAL_Driver/Src/stm32f4xx_hal_adc.c.obj
 .debug_aranges
                0x000004b0       0x90 CMakeFiles/TestLCDi2c.elf.dir/Drivers/STM32F4xx_HAL_Driver/Src/stm32f4xx_hal_adc_ex.c.obj
 .debug_aranges
                0x00000540       0xa8 CMakeFiles/TestLCDi2c.elf.dir/Drivers/STM32F4xx_HAL_Driver/Src/stm32f4xx_hal_cortex.c.obj
 .debug_aranges
                0x000005e8       0x58 CMakeFiles/TestLCDi2c.elf.dir/Drivers/STM32F4xx_HAL_Driver/Src/stm32f4xx_hal_gpio.c.obj
 .debug_aranges
                0x00000640      0x298 CMakeFiles/TestLCDi2c.elf.dir/Drivers/STM32F4xx_HAL_Driver/Src/stm32f4xx_hal_i2c.c.obj
 .debug_aranges
                0x000008d8       0x88 CMakeFiles/TestLCDi2c.elf.dir/Drivers/STM32F4xx_HAL_Driver/Src/stm32f4xx_hal_rcc.c.obj
 .debug_aranges
                0x00000960      0x3a8 CMakeFiles/TestLCDi2c.elf.dir/Drivers/STM32F4xx_HAL_Driver/Src/stm32f4xx_hal_tim.c.obj
 .debug_aranges
                0x00000d08      0x150 CMakeFiles/TestLCDi2c.elf.dir/Drivers/STM32F4xx_HAL_Driver/Src/stm32f4xx_hal_tim_ex.c.obj

.debug_ranges   0x00000000      0xdc0
 .debug_ranges  0x00000000       0x38 CMakeFiles/TestLCDi2c.elf.dir/Core/Src/DHT.c.obj
 .debug_ranges  0x00000038       0x20 CMakeFiles/TestLCDi2c.elf.dir/Core/Src/Timer_Delay.c.obj
 .debug_ranges  0x00000058       0x78 CMakeFiles/TestLCDi2c.elf.dir/Core/Src/lcd16x2_i2c.c.obj
 .debug_ranges  0x000000d0       0x58 CMakeFiles/TestLCDi2c.elf.dir/Core/Src/main.c.obj
 .debug_ranges  0x00000128       0x50 CMakeFiles/TestLCDi2c.elf.dir/Core/Src/mg811.c.obj
 .debug_ranges  0x00000178       0x40 CMakeFiles/TestLCDi2c.elf.dir/Core/Src/stm32f4xx_hal_msp.c.obj
 .debug_ranges  0x000001b8       0x58 CMakeFiles/TestLCDi2c.elf.dir/Core/Src/stm32f4xx_it.c.obj
 .debug_ranges  0x00000210       0x10 CMakeFiles/TestLCDi2c.elf.dir/Core/Src/sysmem.c.obj
 .debug_ranges  0x00000220       0x18 CMakeFiles/TestLCDi2c.elf.dir/Core/Src/system_stm32f4xx.c.obj
 .debug_ranges  0x00000238       0x20 CMakeFiles/TestLCDi2c.elf.dir/Core/Startup/startup_stm32f411vetx.s.obj
 .debug_ranges  0x00000258       0xe0 CMakeFiles/TestLCDi2c.elf.dir/Drivers/STM32F4xx_HAL_Driver/Src/stm32f4xx_hal.c.obj
 .debug_ranges  0x00000338       0xd8 CMakeFiles/TestLCDi2c.elf.dir/Drivers/STM32F4xx_HAL_Driver/Src/stm32f4xx_hal_adc.c.obj
 .debug_ranges  0x00000410       0x80 CMakeFiles/TestLCDi2c.elf.dir/Drivers/STM32F4xx_HAL_Driver/Src/stm32f4xx_hal_adc_ex.c.obj
 .debug_ranges  0x00000490       0xe0 CMakeFiles/TestLCDi2c.elf.dir/Drivers/STM32F4xx_HAL_Driver/Src/stm32f4xx_hal_cortex.c.obj
 .debug_ranges  0x00000570       0x48 CMakeFiles/TestLCDi2c.elf.dir/Drivers/STM32F4xx_HAL_Driver/Src/stm32f4xx_hal_gpio.c.obj
 .debug_ranges  0x000005b8      0x2a0 CMakeFiles/TestLCDi2c.elf.dir/Drivers/STM32F4xx_HAL_Driver/Src/stm32f4xx_hal_i2c.c.obj
 .debug_ranges  0x00000858       0x90 CMakeFiles/TestLCDi2c.elf.dir/Drivers/STM32F4xx_HAL_Driver/Src/stm32f4xx_hal_rcc.c.obj
 .debug_ranges  0x000008e8      0x398 CMakeFiles/TestLCDi2c.elf.dir/Drivers/STM32F4xx_HAL_Driver/Src/stm32f4xx_hal_tim.c.obj
 .debug_ranges  0x00000c80      0x140 CMakeFiles/TestLCDi2c.elf.dir/Drivers/STM32F4xx_HAL_Driver/Src/stm32f4xx_hal_tim_ex.c.obj

.debug_line     0x00000000     0xf8aa
 .debug_line    0x00000000      0x495 CMakeFiles/TestLCDi2c.elf.dir/Core/Src/DHT.c.obj
 .debug_line    0x00000495      0x3d3 CMakeFiles/TestLCDi2c.elf.dir/Core/Src/Timer_Delay.c.obj
 .debug_line    0x00000868      0x619 CMakeFiles/TestLCDi2c.elf.dir/Core/Src/lcd16x2_i2c.c.obj
 .debug_line    0x00000e81      0x6fa CMakeFiles/TestLCDi2c.elf.dir/Core/Src/main.c.obj
 .debug_line    0x0000157b      0x4ba CMakeFiles/TestLCDi2c.elf.dir/Core/Src/mg811.c.obj
 .debug_line    0x00001a35      0x461 CMakeFiles/TestLCDi2c.elf.dir/Core/Src/stm32f4xx_hal_msp.c.obj
 .debug_line    0x00001e96      0x360 CMakeFiles/TestLCDi2c.elf.dir/Core/Src/stm32f4xx_it.c.obj
 .debug_line    0x000021f6      0x1cb CMakeFiles/TestLCDi2c.elf.dir/Core/Src/sysmem.c.obj
 .debug_line    0x000023c1      0x2fc CMakeFiles/TestLCDi2c.elf.dir/Core/Src/system_stm32f4xx.c.obj
 .debug_line    0x000026bd       0xaa CMakeFiles/TestLCDi2c.elf.dir/Core/Startup/startup_stm32f411vetx.s.obj
 .debug_line    0x00002767      0x5d4 CMakeFiles/TestLCDi2c.elf.dir/Drivers/STM32F4xx_HAL_Driver/Src/stm32f4xx_hal.c.obj
 .debug_line    0x00002d3b     0x1003 CMakeFiles/TestLCDi2c.elf.dir/Drivers/STM32F4xx_HAL_Driver/Src/stm32f4xx_hal_adc.c.obj
 .debug_line    0x00003d3e      0xc9e CMakeFiles/TestLCDi2c.elf.dir/Drivers/STM32F4xx_HAL_Driver/Src/stm32f4xx_hal_adc_ex.c.obj
 .debug_line    0x000049dc      0x80d CMakeFiles/TestLCDi2c.elf.dir/Drivers/STM32F4xx_HAL_Driver/Src/stm32f4xx_hal_cortex.c.obj
 .debug_line    0x000051e9      0x75b CMakeFiles/TestLCDi2c.elf.dir/Drivers/STM32F4xx_HAL_Driver/Src/stm32f4xx_hal_gpio.c.obj
 .debug_line    0x00005944     0x4ee0 CMakeFiles/TestLCDi2c.elf.dir/Drivers/STM32F4xx_HAL_Driver/Src/stm32f4xx_hal_i2c.c.obj
 .debug_line    0x0000a824      0xb6a CMakeFiles/TestLCDi2c.elf.dir/Drivers/STM32F4xx_HAL_Driver/Src/stm32f4xx_hal_rcc.c.obj
 .debug_line    0x0000b38e     0x3400 CMakeFiles/TestLCDi2c.elf.dir/Drivers/STM32F4xx_HAL_Driver/Src/stm32f4xx_hal_tim.c.obj
 .debug_line    0x0000e78e     0x111c CMakeFiles/TestLCDi2c.elf.dir/Drivers/STM32F4xx_HAL_Driver/Src/stm32f4xx_hal_tim_ex.c.obj

.debug_str      0x00000000     0x4a9a
 .debug_str     0x00000000      0x406 CMakeFiles/TestLCDi2c.elf.dir/Core/Src/DHT.c.obj
                                0x470 (size before relaxing)
 .debug_str     0x00000406      0x59b CMakeFiles/TestLCDi2c.elf.dir/Core/Src/Timer_Delay.c.obj
                                0x8aa (size before relaxing)
 .debug_str     0x000009a1      0x880 CMakeFiles/TestLCDi2c.elf.dir/Core/Src/lcd16x2_i2c.c.obj
                                0xe0c (size before relaxing)
 .debug_str     0x00001221      0x547 CMakeFiles/TestLCDi2c.elf.dir/Core/Src/main.c.obj
                               0x1165 (size before relaxing)
 .debug_str     0x00001768      0x10d CMakeFiles/TestLCDi2c.elf.dir/Core/Src/mg811.c.obj
                                0xc24 (size before relaxing)
 .debug_str     0x00001875      0x4cf CMakeFiles/TestLCDi2c.elf.dir/Core/Src/stm32f4xx_hal_msp.c.obj
                               0x114f (size before relaxing)
 .debug_str     0x00001d44       0xef CMakeFiles/TestLCDi2c.elf.dir/Core/Src/stm32f4xx_it.c.obj
                                0x775 (size before relaxing)
 .debug_str     0x00001e33       0xb9 CMakeFiles/TestLCDi2c.elf.dir/Core/Src/sysmem.c.obj
                                0x672 (size before relaxing)
 .debug_str     0x00001eec       0xd4 CMakeFiles/TestLCDi2c.elf.dir/Core/Src/system_stm32f4xx.c.obj
                                0x481 (size before relaxing)
 .debug_str     0x00001fc0       0x5b CMakeFiles/TestLCDi2c.elf.dir/Core/Startup/startup_stm32f411vetx.s.obj
                                 0x95 (size before relaxing)
 .debug_str     0x0000201b      0x2cf CMakeFiles/TestLCDi2c.elf.dir/Drivers/STM32F4xx_HAL_Driver/Src/stm32f4xx_hal.c.obj
                                0xabb (size before relaxing)
 .debug_str     0x000022ea      0x293 CMakeFiles/TestLCDi2c.elf.dir/Drivers/STM32F4xx_HAL_Driver/Src/stm32f4xx_hal_adc.c.obj
                                0xa69 (size before relaxing)
 .debug_str     0x0000257d      0x304 CMakeFiles/TestLCDi2c.elf.dir/Drivers/STM32F4xx_HAL_Driver/Src/stm32f4xx_hal_adc_ex.c.obj
                                0xacc (size before relaxing)
 .debug_str     0x00002881      0x445 CMakeFiles/TestLCDi2c.elf.dir/Drivers/STM32F4xx_HAL_Driver/Src/stm32f4xx_hal_cortex.c.obj
                                0xbe8 (size before relaxing)
 .debug_str     0x00002cc6      0x128 CMakeFiles/TestLCDi2c.elf.dir/Drivers/STM32F4xx_HAL_Driver/Src/stm32f4xx_hal_gpio.c.obj
                                0x618 (size before relaxing)
 .debug_str     0x00002dee      0x8a5 CMakeFiles/TestLCDi2c.elf.dir/Drivers/STM32F4xx_HAL_Driver/Src/stm32f4xx_hal_i2c.c.obj
                               0x1140 (size before relaxing)
 .debug_str     0x00003693      0x184 CMakeFiles/TestLCDi2c.elf.dir/Drivers/STM32F4xx_HAL_Driver/Src/stm32f4xx_hal_rcc.c.obj
                                0x7f6 (size before relaxing)
 .debug_str     0x00003817      0xd86 CMakeFiles/TestLCDi2c.elf.dir/Drivers/STM32F4xx_HAL_Driver/Src/stm32f4xx_hal_tim.c.obj
                               0x15e3 (size before relaxing)
 .debug_str     0x0000459d      0x4fd CMakeFiles/TestLCDi2c.elf.dir/Drivers/STM32F4xx_HAL_Driver/Src/stm32f4xx_hal_tim_ex.c.obj
                                0xdfb (size before relaxing)

.comment        0x00000000       0x76
 .comment       0x00000000       0x76 CMakeFiles/TestLCDi2c.elf.dir/Core/Src/DHT.c.obj
                                 0x77 (size before relaxing)
 .comment       0x00000076       0x77 CMakeFiles/TestLCDi2c.elf.dir/Core/Src/Timer_Delay.c.obj
 .comment       0x00000076       0x77 CMakeFiles/TestLCDi2c.elf.dir/Core/Src/lcd16x2_i2c.c.obj
 .comment       0x00000076       0x77 CMakeFiles/TestLCDi2c.elf.dir/Core/Src/main.c.obj
 .comment       0x00000076       0x77 CMakeFiles/TestLCDi2c.elf.dir/Core/Src/mg811.c.obj
 .comment       0x00000076       0x77 CMakeFiles/TestLCDi2c.elf.dir/Core/Src/stm32f4xx_hal_msp.c.obj
 .comment       0x00000076       0x77 CMakeFiles/TestLCDi2c.elf.dir/Core/Src/stm32f4xx_it.c.obj
 .comment       0x00000076       0x77 CMakeFiles/TestLCDi2c.elf.dir/Core/Src/sysmem.c.obj
 .comment       0x00000076       0x77 CMakeFiles/TestLCDi2c.elf.dir/Core/Src/system_stm32f4xx.c.obj
 .comment       0x00000076       0x77 CMakeFiles/TestLCDi2c.elf.dir/Drivers/STM32F4xx_HAL_Driver/Src/stm32f4xx_hal.c.obj
 .comment       0x00000076       0x77 CMakeFiles/TestLCDi2c.elf.dir/Drivers/STM32F4xx_HAL_Driver/Src/stm32f4xx_hal_adc.c.obj
 .comment       0x00000076       0x77 CMakeFiles/TestLCDi2c.elf.dir/Drivers/STM32F4xx_HAL_Driver/Src/stm32f4xx_hal_adc_ex.c.obj
 .comment       0x00000076       0x77 CMakeFiles/TestLCDi2c.elf.dir/Drivers/STM32F4xx_HAL_Driver/Src/stm32f4xx_hal_cortex.c.obj
 .comment       0x00000076       0x77 CMakeFiles/TestLCDi2c.elf.dir/Drivers/STM32F4xx_HAL_Driver/Src/stm32f4xx_hal_gpio.c.obj
 .comment       0x00000076       0x77 CMakeFiles/TestLCDi2c.elf.dir/Drivers/STM32F4xx_HAL_Driver/Src/stm32f4xx_hal_i2c.c.obj
 .comment       0x00000076       0x77 CMakeFiles/TestLCDi2c.elf.dir/Drivers/STM32F4xx_HAL_Driver/Src/stm32f4xx_hal_rcc.c.obj
 .comment       0x00000076       0x77 CMakeFiles/TestLCDi2c.elf.dir/Drivers/STM32F4xx_HAL_Driver/Src/stm32f4xx_hal_tim.c.obj
 .comment       0x00000076       0x77 CMakeFiles/TestLCDi2c.elf.dir/Drivers/STM32F4xx_HAL_Driver/Src/stm32f4xx_hal_tim_ex.c.obj

.debug_frame    0x00000000     0x3398
 .debug_frame   0x00000000       0xb4 CMakeFiles/TestLCDi2c.elf.dir/Core/Src/DHT.c.obj
 .debug_frame   0x000000b4       0x60 CMakeFiles/TestLCDi2c.elf.dir/Core/Src/Timer_Delay.c.obj
 .debug_frame   0x00000114      0x18c CMakeFiles/TestLCDi2c.elf.dir/Core/Src/lcd16x2_i2c.c.obj
 .debug_frame   0x000002a0      0x124 CMakeFiles/TestLCDi2c.elf.dir/Core/Src/main.c.obj
 .debug_frame   0x000003c4       0x9c CMakeFiles/TestLCDi2c.elf.dir/Core/Src/mg811.c.obj
 .debug_frame   0x00000460       0xc8 CMakeFiles/TestLCDi2c.elf.dir/Core/Src/stm32f4xx_hal_msp.c.obj
 .debug_frame   0x00000528       0xc0 CMakeFiles/TestLCDi2c.elf.dir/Core/Src/stm32f4xx_it.c.obj
 .debug_frame   0x000005e8       0x28 CMakeFiles/TestLCDi2c.elf.dir/Core/Src/sysmem.c.obj
 .debug_frame   0x00000610       0x30 CMakeFiles/TestLCDi2c.elf.dir/Core/Src/system_stm32f4xx.c.obj
 .debug_frame   0x00000640      0x1ec CMakeFiles/TestLCDi2c.elf.dir/Drivers/STM32F4xx_HAL_Driver/Src/stm32f4xx_hal.c.obj
 .debug_frame   0x0000082c      0x27c CMakeFiles/TestLCDi2c.elf.dir/Drivers/STM32F4xx_HAL_Driver/Src/stm32f4xx_hal_adc.c.obj
 .debug_frame   0x00000aa8      0x18c CMakeFiles/TestLCDi2c.elf.dir/Drivers/STM32F4xx_HAL_Driver/Src/stm32f4xx_hal_adc_ex.c.obj
 .debug_frame   0x00000c34      0x15c CMakeFiles/TestLCDi2c.elf.dir/Drivers/STM32F4xx_HAL_Driver/Src/stm32f4xx_hal_cortex.c.obj
 .debug_frame   0x00000d90       0xd8 CMakeFiles/TestLCDi2c.elf.dir/Drivers/STM32F4xx_HAL_Driver/Src/stm32f4xx_hal_gpio.c.obj
 .debug_frame   0x00000e68      0x91c CMakeFiles/TestLCDi2c.elf.dir/Drivers/STM32F4xx_HAL_Driver/Src/stm32f4xx_hal_i2c.c.obj
 .debug_frame   0x00001784      0x178 CMakeFiles/TestLCDi2c.elf.dir/Drivers/STM32F4xx_HAL_Driver/Src/stm32f4xx_hal_rcc.c.obj
 .debug_frame   0x000018fc      0xa90 CMakeFiles/TestLCDi2c.elf.dir/Drivers/STM32F4xx_HAL_Driver/Src/stm32f4xx_hal_tim.c.obj
 .debug_frame   0x0000238c      0x3b4 CMakeFiles/TestLCDi2c.elf.dir/Drivers/STM32F4xx_HAL_Driver/Src/stm32f4xx_hal_tim_ex.c.obj
 .debug_frame   0x00002740       0xac c:/progra~1/jetbra~1/gcc-ar~1/bin/../lib/gcc/arm-none-eabi/8.3.1/thumb/v7e-m/nofp\libgcc.a(_arm_addsubdf3.o)
 .debug_frame   0x000027ec       0x50 c:/progra~1/jetbra~1/gcc-ar~1/bin/../lib/gcc/arm-none-eabi/8.3.1/thumb/v7e-m/nofp\libgcc.a(_arm_muldivdf3.o)
 .debug_frame   0x0000283c       0x24 c:/progra~1/jetbra~1/gcc-ar~1/bin/../lib/gcc/arm-none-eabi/8.3.1/thumb/v7e-m/nofp\libgcc.a(_arm_truncdfsf2.o)
 .debug_frame   0x00002860       0x2c c:/progra~1/jetbra~1/gcc-ar~1/bin/../lib/gcc/arm-none-eabi/8.3.1/thumb/v7e-m/nofp\libgcc.a(_aeabi_uldivmod.o)
 .debug_frame   0x0000288c       0x34 c:/progra~1/jetbra~1/gcc-ar~1/bin/../lib/gcc/arm-none-eabi/8.3.1/thumb/v7e-m/nofp\libgcc.a(_udivmoddi4.o)
 .debug_frame   0x000028c0       0x20 c:/progra~1/jetbra~1/gcc-ar~1/bin/../lib/gcc/arm-none-eabi/8.3.1/../../../../arm-none-eabi/lib/thumb/v7e-m/nofp\libg.a(lib_a-errno.o)
 .debug_frame   0x000028e0       0x2c c:/progra~1/jetbra~1/gcc-ar~1/bin/../lib/gcc/arm-none-eabi/8.3.1/../../../../arm-none-eabi/lib/thumb/v7e-m/nofp\libg.a(lib_a-init.o)
 .debug_frame   0x0000290c       0x38 c:/progra~1/jetbra~1/gcc-ar~1/bin/../lib/gcc/arm-none-eabi/8.3.1/../../../../arm-none-eabi/lib/thumb/v7e-m/nofp\libg.a(lib_a-memset.o)
 .debug_frame   0x00002944       0x4c c:/progra~1/jetbra~1/gcc-ar~1/bin/../lib/gcc/arm-none-eabi/8.3.1/../../../../arm-none-eabi/lib/thumb/v7e-m/nofp\libg.a(lib_a-vsprintf.o)
 .debug_frame   0x00002990       0x5c c:/progra~1/jetbra~1/gcc-ar~1/bin/../lib/gcc/arm-none-eabi/8.3.1/../../../../arm-none-eabi/lib/thumb/v7e-m/nofp\libg.a(lib_a-__call_atexit.o)
 .debug_frame   0x000029ec       0x20 c:/progra~1/jetbra~1/gcc-ar~1/bin/../lib/gcc/arm-none-eabi/8.3.1/../../../../arm-none-eabi/lib/thumb/v7e-m/nofp\libg.a(lib_a-atexit.o)
 .debug_frame   0x00002a0c       0x34 c:/progra~1/jetbra~1/gcc-ar~1/bin/../lib/gcc/arm-none-eabi/8.3.1/../../../../arm-none-eabi/lib/thumb/v7e-m/nofp\libg.a(lib_a-fini.o)
 .debug_frame   0x00002a40       0xb0 c:/progra~1/jetbra~1/gcc-ar~1/bin/../lib/gcc/arm-none-eabi/8.3.1/../../../../arm-none-eabi/lib/thumb/v7e-m/nofp\libg.a(lib_a-lock.o)
 .debug_frame   0x00002af0       0x44 c:/progra~1/jetbra~1/gcc-ar~1/bin/../lib/gcc/arm-none-eabi/8.3.1/../../../../arm-none-eabi/lib/thumb/v7e-m/nofp\libg.a(lib_a-svfprintf.o)
 .debug_frame   0x00002b34       0x30 c:/progra~1/jetbra~1/gcc-ar~1/bin/../lib/gcc/arm-none-eabi/8.3.1/../../../../arm-none-eabi/lib/thumb/v7e-m/nofp\libg.a(lib_a-__atexit.o)
 .debug_frame   0x00002b64       0x8c c:/progra~1/jetbra~1/gcc-ar~1/bin/../lib/gcc/arm-none-eabi/8.3.1/../../../../arm-none-eabi/lib/thumb/v7e-m/nofp\libg.a(lib_a-dtoa.o)
 .debug_frame   0x00002bf0       0x8c c:/progra~1/jetbra~1/gcc-ar~1/bin/../lib/gcc/arm-none-eabi/8.3.1/../../../../arm-none-eabi/lib/thumb/v7e-m/nofp\libg.a(lib_a-freer.o)
 .debug_frame   0x00002c7c       0x40 c:/progra~1/jetbra~1/gcc-ar~1/bin/../lib/gcc/arm-none-eabi/8.3.1/../../../../arm-none-eabi/lib/thumb/v7e-m/nofp\libg.a(lib_a-localeconv.o)
 .debug_frame   0x00002cbc       0x4c c:/progra~1/jetbra~1/gcc-ar~1/bin/../lib/gcc/arm-none-eabi/8.3.1/../../../../arm-none-eabi/lib/thumb/v7e-m/nofp\libg.a(lib_a-mallocr.o)
 .debug_frame   0x00002d08       0x30 c:/progra~1/jetbra~1/gcc-ar~1/bin/../lib/gcc/arm-none-eabi/8.3.1/../../../../arm-none-eabi/lib/thumb/v7e-m/nofp\libg.a(lib_a-mlock.o)
 .debug_frame   0x00002d38      0x260 c:/progra~1/jetbra~1/gcc-ar~1/bin/../lib/gcc/arm-none-eabi/8.3.1/../../../../arm-none-eabi/lib/thumb/v7e-m/nofp\libg.a(lib_a-mprec.o)
 .debug_frame   0x00002f98       0x30 c:/progra~1/jetbra~1/gcc-ar~1/bin/../lib/gcc/arm-none-eabi/8.3.1/../../../../arm-none-eabi/lib/thumb/v7e-m/nofp\libg.a(lib_a-s_frexp.o)
 .debug_frame   0x00002fc8       0x2c c:/progra~1/jetbra~1/gcc-ar~1/bin/../lib/gcc/arm-none-eabi/8.3.1/../../../../arm-none-eabi/lib/thumb/v7e-m/nofp\libg.a(lib_a-sbrkr.o)
 .debug_frame   0x00002ff4       0x38 c:/progra~1/jetbra~1/gcc-ar~1/bin/../lib/gcc/arm-none-eabi/8.3.1/../../../../arm-none-eabi/lib/thumb/v7e-m/nofp\libg.a(lib_a-strncpy.o)
 .debug_frame   0x0000302c       0x78 c:/progra~1/jetbra~1/gcc-ar~1/bin/../lib/gcc/arm-none-eabi/8.3.1/../../../../arm-none-eabi/lib/thumb/v7e-m/nofp\libg.a(lib_a-svfiprintf.o)
 .debug_frame   0x000030a4       0x28 c:/progra~1/jetbra~1/gcc-ar~1/bin/../lib/gcc/arm-none-eabi/8.3.1/../../../../arm-none-eabi/lib/thumb/v7e-m/nofp\libg.a(lib_a-callocr.o)
 .debug_frame   0x000030cc       0x54 c:/progra~1/jetbra~1/gcc-ar~1/bin/../lib/gcc/arm-none-eabi/8.3.1/../../../../arm-none-eabi/lib/thumb/v7e-m/nofp\libg.a(lib_a-locale.o)
 .debug_frame   0x00003120       0x4c c:/progra~1/jetbra~1/gcc-ar~1/bin/../lib/gcc/arm-none-eabi/8.3.1/../../../../arm-none-eabi/lib/thumb/v7e-m/nofp\libg.a(lib_a-mbtowc_r.o)
 .debug_frame   0x0000316c       0x40 c:/progra~1/jetbra~1/gcc-ar~1/bin/../lib/gcc/arm-none-eabi/8.3.1/../../../../arm-none-eabi/lib/thumb/v7e-m/nofp\libg.a(lib_a-memmove.o)
 .debug_frame   0x000031ac       0x48 c:/progra~1/jetbra~1/gcc-ar~1/bin/../lib/gcc/arm-none-eabi/8.3.1/../../../../arm-none-eabi/lib/thumb/v7e-m/nofp\libg.a(lib_a-reallocr.o)
 .debug_frame   0x000031f4       0x60 c:/progra~1/jetbra~1/gcc-ar~1/bin/../lib/gcc/arm-none-eabi/8.3.1/../../../../arm-none-eabi/lib/thumb/v7e-m/nofp\libg.a(lib_a-reent.o)
 .debug_frame   0x00003254       0x3c c:/progra~1/jetbra~1/gcc-ar~1/bin/../lib/gcc/arm-none-eabi/8.3.1/../../../../arm-none-eabi/lib/thumb/v7e-m/nofp\libg.a(lib_a-wctomb_r.o)