Archive member included to satisfy reference by file (symbol)

c:/progra~1/jetbra~1/gcc-ar~1/bin/../lib/gcc/arm-none-eabi/8.3.1/thumb/v7e-m/nofp\libgcc.a(_arm_addsubdf3.o)
                              CMakeFiles/TestLCDi2c.elf.dir/Core/Src/mg811.c.obj (__aeabi_dsub)
c:/progra~1/jetbra~1/gcc-ar~1/bin/../lib/gcc/arm-none-eabi/8.3.1/thumb/v7e-m/nofp\libgcc.a(_arm_muldivdf3.o)
                              CMakeFiles/TestLCDi2c.elf.dir/Core/Src/mg811.c.obj (__aeabi_dmul)
c:/progra~1/jetbra~1/gcc-ar~1/bin/../lib/gcc/arm-none-eabi/8.3.1/thumb/v7e-m/nofp\libgcc.a(_arm_truncdfsf2.o)
                              CMakeFiles/TestLCDi2c.elf.dir/Core/Src/DHT.c.obj (__aeabi_d2f)
c:/progra~1/jetbra~1/gcc-ar~1/bin/../lib/gcc/arm-none-eabi/8.3.1/thumb/v7e-m/nofp\libgcc.a(_aeabi_uldivmod.o)
                              CMakeFiles/TestLCDi2c.elf.dir/Drivers/STM32F4xx_HAL_Driver/Src/stm32f4xx_hal_rcc.c.obj (__aeabi_uldivmod)
c:/progra~1/jetbra~1/gcc-ar~1/bin/../lib/gcc/arm-none-eabi/8.3.1/thumb/v7e-m/nofp\libgcc.a(_udivmoddi4.o)
                              c:/progra~1/jetbra~1/gcc-ar~1/bin/../lib/gcc/arm-none-eabi/8.3.1/thumb/v7e-m/nofp\libgcc.a(_aeabi_uldivmod.o) (__udivmoddi4)
c:/progra~1/jetbra~1/gcc-ar~1/bin/../lib/gcc/arm-none-eabi/8.3.1/thumb/v7e-m/nofp\libgcc.a(_dvmd_tls.o)
                              c:/progra~1/jetbra~1/gcc-ar~1/bin/../lib/gcc/arm-none-eabi/8.3.1/thumb/v7e-m/nofp\libgcc.a(_aeabi_uldivmod.o) (__aeabi_ldiv0)
c:/progra~1/jetbra~1/gcc-ar~1/bin/../lib/gcc/arm-none-eabi/8.3.1/../../../../arm-none-eabi/lib/thumb/v7e-m/nofp\libg.a(lib_a-errno.o)
                              CMakeFiles/TestLCDi2c.elf.dir/Core/Src/syscalls.c.obj (__errno)
c:/progra~1/jetbra~1/gcc-ar~1/bin/../lib/gcc/arm-none-eabi/8.3.1/../../../../arm-none-eabi/lib/thumb/v7e-m/nofp\libg.a(lib_a-exit.o)
                              c:/progra~1/jetbra~1/gcc-ar~1/bin/../lib/gcc/arm-none-eabi/8.3.1/../../../../arm-none-eabi/lib/thumb/v7e-m/nofp/crt0.o (exit)
c:/progra~1/jetbra~1/gcc-ar~1/bin/../lib/gcc/arm-none-eabi/8.3.1/../../../../arm-none-eabi/lib/thumb/v7e-m/nofp\libg.a(lib_a-impure.o)
                              c:/progra~1/jetbra~1/gcc-ar~1/bin/../lib/gcc/arm-none-eabi/8.3.1/../../../../arm-none-eabi/lib/thumb/v7e-m/nofp\libg.a(lib_a-exit.o) (_global_impure_ptr)
c:/progra~1/jetbra~1/gcc-ar~1/bin/../lib/gcc/arm-none-eabi/8.3.1/../../../../arm-none-eabi/lib/thumb/v7e-m/nofp\libg.a(lib_a-init.o)
                              c:/progra~1/jetbra~1/gcc-ar~1/bin/../lib/gcc/arm-none-eabi/8.3.1/../../../../arm-none-eabi/lib/thumb/v7e-m/nofp/crt0.o (__libc_init_array)
c:/progra~1/jetbra~1/gcc-ar~1/bin/../lib/gcc/arm-none-eabi/8.3.1/../../../../arm-none-eabi/lib/thumb/v7e-m/nofp\libg.a(lib_a-memset.o)
                              c:/progra~1/jetbra~1/gcc-ar~1/bin/../lib/gcc/arm-none-eabi/8.3.1/../../../../arm-none-eabi/lib/thumb/v7e-m/nofp/crt0.o (memset)
c:/progra~1/jetbra~1/gcc-ar~1/bin/../lib/gcc/arm-none-eabi/8.3.1/../../../../arm-none-eabi/lib/thumb/v7e-m/nofp\libg.a(lib_a-strlen.o)
                              CMakeFiles/TestLCDi2c.elf.dir/Core/Src/lcd16x2_i2c.c.obj (strlen)
c:/progra~1/jetbra~1/gcc-ar~1/bin/../lib/gcc/arm-none-eabi/8.3.1/../../../../arm-none-eabi/lib/thumb/v7e-m/nofp\libg.a(lib_a-vsprintf.o)
                              CMakeFiles/TestLCDi2c.elf.dir/Core/Src/lcd16x2_i2c.c.obj (vsprintf)
c:/progra~1/jetbra~1/gcc-ar~1/bin/../lib/gcc/arm-none-eabi/8.3.1/../../../../arm-none-eabi/lib/thumb/v7e-m/nofp\libg.a(lib_a-__call_atexit.o)
                              c:/progra~1/jetbra~1/gcc-ar~1/bin/../lib/gcc/arm-none-eabi/8.3.1/../../../../arm-none-eabi/lib/thumb/v7e-m/nofp\libg.a(lib_a-exit.o) (__call_exitprocs)
c:/progra~1/jetbra~1/gcc-ar~1/bin/../lib/gcc/arm-none-eabi/8.3.1/../../../../arm-none-eabi/lib/thumb/v7e-m/nofp\libg.a(lib_a-atexit.o)
                              c:/progra~1/jetbra~1/gcc-ar~1/bin/../lib/gcc/arm-none-eabi/8.3.1/../../../../arm-none-eabi/lib/thumb/v7e-m/nofp\libg.a(lib_a-__call_atexit.o) (atexit)
c:/progra~1/jetbra~1/gcc-ar~1/bin/../lib/gcc/arm-none-eabi/8.3.1/../../../../arm-none-eabi/lib/thumb/v7e-m/nofp\libg.a(lib_a-fini.o)
                              c:/progra~1/jetbra~1/gcc-ar~1/bin/../lib/gcc/arm-none-eabi/8.3.1/../../../../arm-none-eabi/lib/thumb/v7e-m/nofp\libg.a(lib_a-__call_atexit.o) (__libc_fini_array)
c:/progra~1/jetbra~1/gcc-ar~1/bin/../lib/gcc/arm-none-eabi/8.3.1/../../../../arm-none-eabi/lib/thumb/v7e-m/nofp\libg.a(lib_a-lock.o)
                              c:/progra~1/jetbra~1/gcc-ar~1/bin/../lib/gcc/arm-none-eabi/8.3.1/../../../../arm-none-eabi/lib/thumb/v7e-m/nofp\libg.a(lib_a-__call_atexit.o) (__retarget_lock_acquire_recursive)
c:/progra~1/jetbra~1/gcc-ar~1/bin/../lib/gcc/arm-none-eabi/8.3.1/../../../../arm-none-eabi/lib/thumb/v7e-m/nofp\libg.a(lib_a-svfprintf.o)
[...]
Memory Configuration

Name             Origin             Length             Attributes
RAM              0x20000000         0x00020000         xrw
FLASH            0x08000000         0x00080000         xr
*default*        0x00000000         0xffffffff

Linker script and memory map

LOAD c:/progra~1/jetbra~1/gcc-ar~1/bin/../lib/gcc/arm-none-eabi/8.3.1/thumb/v7e-m/nofp/crti.o
LOAD c:/progra~1/jetbra~1/gcc-ar~1/bin/../lib/gcc/arm-none-eabi/8.3.1/thumb/v7e-m/nofp/crtbegin.o
LOAD c:/progra~1/jetbra~1/gcc-ar~1/bin/../lib/gcc/arm-none-eabi/8.3.1/../../../../arm-none-eabi/lib/thumb/v7e-m/nofp/crt0.o
LOAD CMakeFiles/TestLCDi2c.elf.dir/Core/Src/DHT.c.obj
LOAD CMakeFiles/TestLCDi2c.elf.dir/Core/Src/Timer_Delay.c.obj
LOAD CMakeFiles/TestLCDi2c.elf.dir/Core/Src/lcd16x2_i2c.c.obj
LOAD CMakeFiles/TestLCDi2c.elf.dir/Core/Src/main.c.obj
LOAD CMakeFiles/TestLCDi2c.elf.dir/Core/Src/mg811.c.obj
LOAD CMakeFiles/TestLCDi2c.elf.dir/Core/Src/stm32f4xx_hal_msp.c.obj
LOAD CMakeFiles/TestLCDi2c.elf.dir/Core/Src/stm32f4xx_it.c.obj
LOAD CMakeFiles/TestLCDi2c.elf.dir/Core/Src/syscalls.c.obj
LOAD CMakeFiles/TestLCDi2c.elf.dir/Core/Src/sysmem.c.obj
LOAD CMakeFiles/TestLCDi2c.elf.dir/Core/Src/system_stm32f4xx.c.obj
LOAD CMakeFiles/TestLCDi2c.elf.dir/Core/Startup/startup_stm32f411vetx.s.obj
LOAD CMakeFiles/TestLCDi2c.elf.dir/Drivers/STM32F4xx_HAL_Driver/Src/stm32f4xx_hal.c.obj
LOAD CMakeFiles/TestLCDi2c.elf.dir/Drivers/STM32F4xx_HAL_Driver/Src/stm32f4xx_hal_adc.c.obj
LOAD CMakeFiles/TestLCDi2c.elf.dir/Drivers/STM32F4xx_HAL_Driver/Src/stm32f4xx_hal_adc_ex.c.obj
LOAD CMakeFiles/TestLCDi2c.elf.dir/Drivers/STM32F4xx_HAL_Driver/Src/stm32f4xx_hal_cortex.c.obj
LOAD CMakeFiles/TestLCDi2c.elf.dir/Drivers/STM32F4xx_HAL_Driver/Src/stm32f4xx_hal_dma.c.obj
LOAD CMakeFiles/TestLCDi2c.elf.dir/Drivers/STM32F4xx_HAL_Driver/Src/stm32f4xx_hal_dma_ex.c.obj
LOAD CMakeFiles/TestLCDi2c.elf.dir/Drivers/STM32F4xx_HAL_Driver/Src/stm32f4xx_hal_exti.c.obj
LOAD CMakeFiles/TestLCDi2c.elf.dir/Drivers/STM32F4xx_HAL_Driver/Src/stm32f4xx_hal_flash.c.obj
LOAD CMakeFiles/TestLCDi2c.elf.dir/Drivers/STM32F4xx_HAL_Driver/Src/stm32f4xx_hal_flash_ex.c.obj
LOAD CMakeFiles/TestLCDi2c.elf.dir/Drivers/STM32F4xx_HAL_Driver/Src/stm32f4xx_hal_flash_ramfunc.c.obj
LOAD CMakeFiles/TestLCDi2c.elf.dir/Drivers/STM32F4xx_HAL_Driver/Src/stm32f4xx_hal_gpio.c.obj
LOAD CMakeFiles/TestLCDi2c.elf.dir/Drivers/STM32F4xx_HAL_Driver/Src/stm32f4xx_hal_i2c.c.obj
LOAD CMakeFiles/TestLCDi2c.elf.dir/Drivers/STM32F4xx_HAL_Driver/Src/stm32f4xx_hal_i2c_ex.c.obj
LOAD CMakeFiles/TestLCDi2c.elf.dir/Drivers/STM32F4xx_HAL_Driver/Src/stm32f4xx_hal_pwr.c.obj
LOAD CMakeFiles/TestLCDi2c.elf.dir/Drivers/STM32F4xx_HAL_Driver/Src/stm32f4xx_hal_pwr_ex.c.obj
LOAD CMakeFiles/TestLCDi2c.elf.dir/Drivers/STM32F4xx_HAL_Driver/Src/stm32f4xx_hal_rcc.c.obj
LOAD CMakeFiles/TestLCDi2c.elf.dir/Drivers/STM32F4xx_HAL_Driver/Src/stm32f4xx_hal_rcc_ex.c.obj
LOAD CMakeFiles/TestLCDi2c.elf.dir/Drivers/STM32F4xx_HAL_Driver/Src/stm32f4xx_hal_tim.c.obj
LOAD CMakeFiles/TestLCDi2c.elf.dir/Drivers/STM32F4xx_HAL_Driver/Src/stm32f4xx_hal_tim_ex.c.obj
START GROUP
LOAD c:/progra~1/jetbra~1/gcc-ar~1/bin/../lib/gcc/arm-none-eabi/8.3.1/thumb/v7e-m/nofp\libgcc.a
LOAD c:/progra~1/jetbra~1/gcc-ar~1/bin/../lib/gcc/arm-none-eabi/8.3.1/../../../../arm-none-eabi/lib/thumb/v7e-m/nofp\libg.a
LOAD c:/progra~1/jetbra~1/gcc-ar~1/bin/../lib/gcc/arm-none-eabi/8.3.1/../../../../arm-none-eabi/lib/thumb/v7e-m/nofp\libc.a
END GROUP
LOAD c:/progra~1/jetbra~1/gcc-ar~1/bin/../lib/gcc/arm-none-eabi/8.3.1/thumb/v7e-m/nofp/crtend.o
LOAD c:/progra~1/jetbra~1/gcc-ar~1/bin/../lib/gcc/arm-none-eabi/8.3.1/thumb/v7e-m/nofp/crtn.o
                0x20020000                _estack = (ORIGIN (RAM) + LENGTH (RAM))
                0x00000200                _Min_Heap_Size = 0x200
                0x00000400                _Min_Stack_Size = 0x400

.isr_vector     0x08000000      0x198
                0x08000000                . = ALIGN (0x4)
 *(.isr_vector)
 .isr_vector    0x08000000      0x198 CMakeFiles/TestLCDi2c.elf.dir/Core/Startup/startup_stm32f411vetx.s.obj
                0x08000000                g_pfnVectors
                0x08000198                . = ALIGN (0x4)

.text           0x080001c0     0x8514
                0x080001c0                . = ALIGN (0x4)
 *(.text)
 .text          0x080001c0       0x40 c:/progra~1/jetbra~1/gcc-ar~1/bin/../lib/gcc/arm-none-eabi/8.3.1/thumb/v7e-m/nofp/crtbegin.o
 .text          0x08000200      0x378 c:/progra~1/jetbra~1/gcc-ar~1/bin/../lib/gcc/arm-none-eabi/8.3.1/thumb/v7e-m/nofp\libgcc.a(_arm_addsubdf3.o)
                0x08000200                __aeabi_drsub
                0x08000208                __aeabi_dsub
                0x08000208                __subdf3
                0x0800020c                __aeabi_dadd
                0x0800020c                __adddf3
                0x08000484                __floatunsidf
                0x08000484                __aeabi_ui2d
                0x080004a4                __floatsidf
                0x080004a4                __aeabi_i2d
                0x080004c8                __aeabi_f2d
                0x080004c8                __extendsfdf2
                0x0800050c                __floatundidf
                0x0800050c                __aeabi_ul2d
                0x0800051c                __floatdidf
                0x0800051c                __aeabi_l2d
 .text          0x08000578      0x424 c:/progra~1/jetbra~1/gcc-ar~1/bin/../lib/gcc/arm-none-eabi/8.3.1/thumb/v7e-m/nofp\libgcc.a(_arm_muldivdf3.o)
                0x08000578                __aeabi_dmul
                0x08000578                __muldf3
                0x080007cc                __divdf3
                0x080007cc                __aeabi_ddiv
 .text          0x0800099c       0xa0 c:/progra~1/jetbra~1/gcc-ar~1/bin/../lib/gcc/arm-none-eabi/8.3.1/thumb/v7e-m/nofp\libgcc.a(_arm_truncdfsf2.o)
                0x0800099c                __truncdfsf2
                0x0800099c                __aeabi_d2f
 .text          0x08000a3c       0x30 c:/progra~1/jetbra~1/gcc-ar~1/bin/../lib/gcc/arm-none-eabi/8.3.1/thumb/v7e-m/nofp\libgcc.a(_aeabi_uldivmod.o)
                0x08000a3c                __aeabi_uldivmod
 .text          0x08000a6c      0x2d0 c:/progra~1/jetbra~1/gcc-ar~1/bin/../lib/gcc/arm-none-eabi/8.3.1/thumb/v7e-m/nofp\libgcc.a(_udivmoddi4.o)
                0x08000a6c                __udivmoddi4
 .text          0x08000d3c        0x4 c:/progra~1/jetbra~1/gcc-ar~1/bin/../lib/gcc/arm-none-eabi/8.3.1/thumb/v7e-m/nofp\libgcc.a(_dvmd_tls.o)
                0x08000d3c                __aeabi_idiv0
                0x08000d3c                __aeabi_ldiv0
 .text          0x08000d40       0xdc c:/progra~1/jetbra~1/gcc-ar~1/bin/../lib/gcc/arm-none-eabi/8.3.1/../../../../arm-none-eabi/lib/thumb/v7e-m/nofp\libg.a(lib_a-strlen.o)
                0x08000d40                strlen
 *fill*         0x08000e1c        0x4 
 .text          0x08000e20       0xa0 c:/progra~1/jetbra~1/gcc-ar~1/bin/../lib/gcc/arm-none-eabi/8.3.1/../../../../arm-none-eabi/lib/thumb/v7e-m/nofp\libg.a(lib_a-memchr.o)
                0x08000e20                memchr
 .text          0x08000ec0      0x134 c:/progra~1/jetbra~1/gcc-ar~1/bin/../lib/gcc/arm-none-eabi/8.3.1/../../../../arm-none-eabi/lib/thumb/v7e-m/nofp\libg.a(lib_a-memcpy.o)
                0x08000ec0                memcpy
 .text          0x08000ff4      0x110 c:/progra~1/jetbra~1/gcc-ar~1/bin/../lib/gcc/arm-none-eabi/8.3.1/thumb/v7e-m/nofp\libgcc.a(_arm_cmpdf2.o)
                0x08000ff4                __gtdf2
                0x08000ff4                __gedf2
                0x08000ffc                __ltdf2
                0x08000ffc                __ledf2
                0x08001004                __nedf2
                0x08001004                __eqdf2
                0x08001004                __cmpdf2
                0x08001080                __aeabi_cdrcmple
                0x08001090                __aeabi_cdcmpeq
                0x08001090                __aeabi_cdcmple
                0x080010a0                __aeabi_dcmpeq
                0x080010b4                __aeabi_dcmplt
                0x080010c8                __aeabi_dcmple
                0x080010dc                __aeabi_dcmpge
                0x080010f0                __aeabi_dcmpgt
 .text          0x08001104       0x2c c:/progra~1/jetbra~1/gcc-ar~1/bin/../lib/gcc/arm-none-eabi/8.3.1/thumb/v7e-m/nofp\libgcc.a(_arm_unorddf2.o)
                0x08001104                __unorddf2
                0x08001104                __aeabi_dcmpun
 .text          0x08001130       0x50 c:/progra~1/jetbra~1/gcc-ar~1/bin/../lib/gcc/arm-none-eabi/8.3.1/thumb/v7e-m/nofp\libgcc.a(_arm_fixdfsi.o)
                0x08001130                __aeabi_d2iz
                0x08001130                __fixdfsi
 *(.text*)
 .text.Set_Pin_Output
                0x08001180       0x1e CMakeFiles/TestLCDi2c.elf.dir/Core/Src/DHT.c.obj
                0x08001180                Set_Pin_Output
 .text.Set_Pin_Input
                0x0800119e       0x1c CMakeFiles/TestLCDi2c.elf.dir/Core/Src/DHT.c.obj
                0x0800119e                Set_Pin_Input
 *fill*         0x080011ba        0x2 
 .text.DHT_Start
                0x080011bc       0x34 CMakeFiles/TestLCDi2c.elf.dir/Core/Src/DHT.c.obj
                0x080011bc                DHT_Start
 .text.DHT_Check_Response
                0x080011f0       0x3c CMakeFiles/TestLCDi2c.elf.dir/Core/Src/DHT.c.obj
                0x080011f0                DHT_Check_Response
 .text.DHT_Read
                0x0800122c       0x5c CMakeFiles/TestLCDi2c.elf.dir/Core/Src/DHT.c.obj
                0x0800122c                DHT_Read
 .text.DHT_GetData
                0x08001288       0xb0 CMakeFiles/TestLCDi2c.elf.dir/Core/Src/DHT.c.obj
                0x08001288                DHT_GetData
 .text.TimerDelay_Init
                0x08001338       0x90 CMakeFiles/TestLCDi2c.elf.dir/Core/Src/Timer_Delay.c.obj
                0x08001338                TimerDelay_Init
 .text.delay_us
                0x080013c8       0x28 CMakeFiles/TestLCDi2c.elf.dir/Core/Src/Timer_Delay.c.obj
                0x080013c8                delay_us
 .text.lcd16x2_i2c_sendCommand
                0x080013f0       0x50 CMakeFiles/TestLCDi2c.elf.dir/Core/Src/lcd16x2_i2c.c.obj
 .text.lcd16x2_i2c_sendData
                0x08001440       0x50 CMakeFiles/TestLCDi2c.elf.dir/Core/Src/lcd16x2_i2c.c.obj
 .text.lcd16x2_i2c_setCursor
                0x08001490       0x1c CMakeFiles/TestLCDi2c.elf.dir/Core/Src/lcd16x2_i2c.c.obj
                0x08001490                lcd16x2_i2c_setCursor
 .text.lcd16x2_i2c_clear
                0x080014ac       0x10 CMakeFiles/TestLCDi2c.elf.dir/Core/Src/lcd16x2_i2c.c.obj
                0x080014ac                lcd16x2_i2c_clear
 .text.lcd16x2_i2c_printf
                0x080014bc       0x40 CMakeFiles/TestLCDi2c.elf.dir/Core/Src/lcd16x2_i2c.c.obj
                0x080014bc                lcd16x2_i2c_printf
 .text.lcd16x2_i2c_create_char
                0x080014fc       0x24 CMakeFiles/TestLCDi2c.elf.dir/Core/Src/lcd16x2_i2c.c.obj
                0x080014fc                lcd16x2_i2c_create_char
 .text.lcd16x2_i2c_create_custom_chars
                0x08001520       0x20 CMakeFiles/TestLCDi2c.elf.dir/Core/Src/lcd16x2_i2c.c.obj
                0x08001520                lcd16x2_i2c_create_custom_chars
 .text.lcd16x2_i2c_init
                0x08001540       0xc8 CMakeFiles/TestLCDi2c.elf.dir/Core/Src/lcd16x2_i2c.c.obj
                0x08001540                lcd16x2_i2c_init
 .text.lcd16x2_i2c_print_custom_char
                0x08001608        0x8 CMakeFiles/TestLCDi2c.elf.dir/Core/Src/lcd16x2_i2c.c.obj
                0x08001608                lcd16x2_i2c_print_custom_char
 .text.MX_GPIO_Init
                0x08001610       0xa4 CMakeFiles/TestLCDi2c.elf.dir/Core/Src/main.c.obj
 .text.MX_I2C1_Init
                0x080016b4       0x34 CMakeFiles/TestLCDi2c.elf.dir/Core/Src/main.c.obj
 .text.MX_TIM3_Init
                0x080016e8       0x54 CMakeFiles/TestLCDi2c.elf.dir/Core/Src/main.c.obj
 .text.MX_ADC1_Init
                0x0800173c       0x58 CMakeFiles/TestLCDi2c.elf.dir/Core/Src/main.c.obj
 .text.Display_Temp
                0x08001794       0x38 CMakeFiles/TestLCDi2c.elf.dir/Core/Src/main.c.obj
                0x08001794                Display_Temp
 .text.Display_Hum
                0x080017cc       0x30 CMakeFiles/TestLCDi2c.elf.dir/Core/Src/main.c.obj
                0x080017cc                Display_Hum
 .text.Display_CO2
                0x080017fc       0x44 CMakeFiles/TestLCDi2c.elf.dir/Core/Src/main.c.obj
                0x080017fc                Display_CO2
 .text.SystemClock_Config
                0x08001840       0x8c CMakeFiles/TestLCDi2c.elf.dir/Core/Src/main.c.obj
                0x08001840                SystemClock_Config
 *fill*         0x080018cc        0x4 
 .text.main     0x080018d0       0xb0 CMakeFiles/TestLCDi2c.elf.dir/Core/Src/main.c.obj
                0x080018d0                main
 .text.Error_Handler
                0x08001980        0x2 CMakeFiles/TestLCDi2c.elf.dir/Core/Src/main.c.obj
                0x08001980                Error_Handler
 *fill*         0x08001982        0x2 
 .text.HAL_ADC_ConvCpltCallback
                0x08001984       0x18 CMakeFiles/TestLCDi2c.elf.dir/Core/Src/mg811.c.obj
                0x08001984                HAL_ADC_ConvCpltCallback
 .text.readPin  0x0800199c       0x14 CMakeFiles/TestLCDi2c.elf.dir/Core/Src/mg811.c.obj
                0x0800199c                readPin
 .text.MG811_Read
                0x080019b0       0xf0 CMakeFiles/TestLCDi2c.elf.dir/Core/Src/mg811.c.obj
                0x080019b0                MG811_Read
 .text.MG811_Calibrate
                0x08001aa0       0x2c CMakeFiles/TestLCDi2c.elf.dir/Core/Src/mg811.c.obj
                0x08001aa0                MG811_Calibrate
 *fill*         0x08001acc        0x4 
 .text.MG811_Init
                0x08001ad0       0x2c CMakeFiles/TestLCDi2c.elf.dir/Core/Src/mg811.c.obj
                0x08001ad0                MG811_Init
 .text.HAL_MspInit
                0x08001afc       0x40 CMakeFiles/TestLCDi2c.elf.dir/Core/Src/stm32f4xx_hal_msp.c.obj
                0x08001afc                HAL_MspInit
 .text.HAL_ADC_MspInit
                0x08001b3c       0x78 CMakeFiles/TestLCDi2c.elf.dir/Core/Src/stm32f4xx_hal_msp.c.obj
                0x08001b3c                HAL_ADC_MspInit
 .text.HAL_I2C_MspInit
                0x08001bb4       0x70 CMakeFiles/TestLCDi2c.elf.dir/Core/Src/stm32f4xx_hal_msp.c.obj
                0x08001bb4                HAL_I2C_MspInit
 .text.HAL_TIM_Base_MspInit
                0x08001c24       0x30 CMakeFiles/TestLCDi2c.elf.dir/Core/Src/stm32f4xx_hal_msp.c.obj
                0x08001c24                HAL_TIM_Base_MspInit
 .text.NMI_Handler
                0x08001c54        0x2 CMakeFiles/TestLCDi2c.elf.dir/Core/Src/stm32f4xx_it.c.obj
                0x08001c54                NMI_Handler
 .text.HardFault_Handler
                0x08001c56        0x2 CMakeFiles/TestLCDi2c.elf.dir/Core/Src/stm32f4xx_it.c.obj
                0x08001c56                HardFault_Handler
 .text.MemManage_Handler
                0x08001c58        0x2 CMakeFiles/TestLCDi2c.elf.dir/Core/Src/stm32f4xx_it.c.obj
                0x08001c58                MemManage_Handler
 .text.BusFault_Handler
                0x08001c5a        0x2 CMakeFiles/TestLCDi2c.elf.dir/Core/Src/stm32f4xx_it.c.obj
                0x08001c5a                BusFault_Handler
 .text.UsageFault_Handler
                0x08001c5c        0x2 CMakeFiles/TestLCDi2c.elf.dir/Core/Src/stm32f4xx_it.c.obj
                0x08001c5c                UsageFault_Handler
 .text.SVC_Handler
                0x08001c5e        0x2 CMakeFiles/TestLCDi2c.elf.dir/Core/Src/stm32f4xx_it.c.obj
                0x08001c5e                SVC_Handler
 .text.DebugMon_Handler
                0x08001c60        0x2 CMakeFiles/TestLCDi2c.elf.dir/Core/Src/stm32f4xx_it.c.obj
                0x08001c60                DebugMon_Handler
 .text.PendSV_Handler
                0x08001c62        0x2 CMakeFiles/TestLCDi2c.elf.dir/Core/Src/stm32f4xx_it.c.obj
                0x08001c62                PendSV_Handler
 .text.SysTick_Handler
                0x08001c64        0x8 CMakeFiles/TestLCDi2c.elf.dir/Core/Src/stm32f4xx_it.c.obj
                0x08001c64                SysTick_Handler
 .text.ADC_IRQHandler
                0x08001c6c       0x10 CMakeFiles/TestLCDi2c.elf.dir/Core/Src/stm32f4xx_it.c.obj
                0x08001c6c                ADC_IRQHandler
 .text._sbrk    0x08001c7c       0x48 CMakeFiles/TestLCDi2c.elf.dir/Core/Src/sysmem.c.obj
                0x08001c7c                _sbrk
 .text.SystemInit
                0x08001cc4       0x10 CMakeFiles/TestLCDi2c.elf.dir/Core/Src/system_stm32f4xx.c.obj
                0x08001cc4                SystemInit
 .text.Reset_Handler
                0x08001cd4       0x50 CMakeFiles/TestLCDi2c.elf.dir/Core/Startup/startup_stm32f411vetx.s.obj
                0x08001cd4                Reset_Handler
 .text.Default_Handler
                0x08001d24        0x2 CMakeFiles/TestLCDi2c.elf.dir/Core/Startup/startup_stm32f411vetx.s.obj
                0x08001d24                RTC_Alarm_IRQHandler
                0x08001d24                EXTI2_IRQHandler
                0x08001d24                SPI4_IRQHandler
                0x08001d24                TIM1_CC_IRQHandler
                0x08001d24                DMA2_Stream5_IRQHandler
                0x08001d24                DMA1_Stream5_IRQHandler
                0x08001d24                PVD_IRQHandler
                0x08001d24                SDIO_IRQHandler
                0x08001d24                TAMP_STAMP_IRQHandler
                0x08001d24                EXTI3_IRQHandler
                0x08001d24                TIM1_UP_TIM10_IRQHandler
                0x08001d24                I2C3_ER_IRQHandler
                0x08001d24                EXTI0_IRQHandler
                0x08001d24                I2C2_EV_IRQHandler
                0x08001d24                DMA1_Stream2_IRQHandler
                0x08001d24                FPU_IRQHandler
                0x08001d24                DMA2_Stream2_IRQHandler
                0x08001d24                SPI1_IRQHandler
                0x08001d24                TIM1_BRK_TIM9_IRQHandler
                0x08001d24                DMA2_Stream3_IRQHandler
                0x08001d24                USART6_IRQHandler
                0x08001d24                DMA2_Stream0_IRQHandler
                0x08001d24                TIM4_IRQHandler
                0x08001d24                I2C1_EV_IRQHandler
                0x08001d24                DMA1_Stream6_IRQHandler
                0x08001d24                DMA1_Stream1_IRQHandler
                0x08001d24                TIM3_IRQHandler
                0x08001d24                RCC_IRQHandler
                0x08001d24                Default_Handler
                0x08001d24                EXTI15_10_IRQHandler
                0x08001d24                DMA1_Stream7_IRQHandler
                0x08001d24                SPI5_IRQHandler
                0x08001d24                TIM5_IRQHandler
                0x08001d24                DMA2_Stream7_IRQHandler
                0x08001d24                I2C3_EV_IRQHandler
                0x08001d24                EXTI9_5_IRQHandler
                0x08001d24                RTC_WKUP_IRQHandler
                0x08001d24                SPI2_IRQHandler
                0x08001d24                DMA1_Stream0_IRQHandler
                0x08001d24                EXTI4_IRQHandler
                0x08001d24                WWDG_IRQHandler
                0x08001d24                TIM2_IRQHandler
                0x08001d24                OTG_FS_WKUP_IRQHandler
                0x08001d24                TIM1_TRG_COM_TIM11_IRQHandler
                0x08001d24                EXTI1_IRQHandler
                0x08001d24                USART2_IRQHandler
                0x08001d24                I2C2_ER_IRQHandler
                0x08001d24                DMA2_Stream1_IRQHandler
                0x08001d24                FLASH_IRQHandler
                0x08001d24                DMA2_Stream4_IRQHandler
                0x08001d24                USART1_IRQHandler
                0x08001d24                OTG_FS_IRQHandler
                0x08001d24                SPI3_IRQHandler
                0x08001d24                DMA1_Stream4_IRQHandler
                0x08001d24                I2C1_ER_IRQHandler
                0x08001d24                DMA2_Stream6_IRQHandler
                0x08001d24                DMA1_Stream3_IRQHandler
 *fill*         0x08001d26        0x2 
 .text.HAL_InitTick
                0x08001d28       0x4c CMakeFiles/TestLCDi2c.elf.dir/Drivers/STM32F4xx_HAL_Driver/Src/stm32f4xx_hal.c.obj
                0x08001d28                HAL_InitTick
 .text.HAL_Init
                0x08001d74       0x34 CMakeFiles/TestLCDi2c.elf.dir/Drivers/STM32F4xx_HAL_Driver/Src/stm32f4xx_hal.c.obj
                0x08001d74                HAL_Init
 .text.HAL_IncTick
                0x08001da8       0x18 CMakeFiles/TestLCDi2c.elf.dir/Drivers/STM32F4xx_HAL_Driver/Src/stm32f4xx_hal.c.obj
                0x08001da8                HAL_IncTick
 .text.HAL_GetTick
                0x08001dc0        0xc CMakeFiles/TestLCDi2c.elf.dir/Drivers/STM32F4xx_HAL_Driver/Src/stm32f4xx_hal.c.obj
                0x08001dc0                HAL_GetTick
 .text.HAL_Delay
                0x08001dcc       0x28 CMakeFiles/TestLCDi2c.elf.dir/Drivers/STM32F4xx_HAL_Driver/Src/stm32f4xx_hal.c.obj
                0x08001dcc                HAL_Delay
 .text.ADC_Init
                0x08001df4      0x134 CMakeFiles/TestLCDi2c.elf.dir/Drivers/STM32F4xx_HAL_Driver/Src/stm32f4xx_hal_adc.c.obj
 .text.HAL_ADC_Init
                0x08001f28       0x56 CMakeFiles/TestLCDi2c.elf.dir/Drivers/STM32F4xx_HAL_Driver/Src/stm32f4xx_hal_adc.c.obj
                0x08001f28                HAL_ADC_Init
 *fill*         0x08001f7e        0x2 
 .text.HAL_ADC_Start_IT
                0x08001f80      0x108 CMakeFiles/TestLCDi2c.elf.dir/Drivers/STM32F4xx_HAL_Driver/Src/stm32f4xx_hal_adc.c.obj
                0x08001f80                HAL_ADC_Start_IT
 .text.HAL_ADC_GetValue
                0x08002088        0x6 CMakeFiles/TestLCDi2c.elf.dir/Drivers/STM32F4xx_HAL_Driver/Src/stm32f4xx_hal_adc.c.obj
                0x08002088                HAL_ADC_GetValue
 .text.HAL_ADC_LevelOutOfWindowCallback
                0x0800208e        0x2 CMakeFiles/TestLCDi2c.elf.dir/Drivers/STM32F4xx_HAL_Driver/Src/stm32f4xx_hal_adc.c.obj
                0x0800208e                HAL_ADC_LevelOutOfWindowCallback
 .text.HAL_ADC_ErrorCallback
                0x08002090        0x2 CMakeFiles/TestLCDi2c.elf.dir/Drivers/STM32F4xx_HAL_Driver/Src/stm32f4xx_hal_adc.c.obj
                0x08002090                HAL_ADC_ErrorCallback
 .text.HAL_ADC_IRQHandler
                0x08002092      0x14e CMakeFiles/TestLCDi2c.elf.dir/Drivers/STM32F4xx_HAL_Driver/Src/stm32f4xx_hal_adc.c.obj
                0x08002092                HAL_ADC_IRQHandler
 .text.HAL_ADC_ConfigChannel
                0x080021e0      0x1a4 CMakeFiles/TestLCDi2c.elf.dir/Drivers/STM32F4xx_HAL_Driver/Src/stm32f4xx_hal_adc.c.obj
                0x080021e0                HAL_ADC_ConfigChannel
 .text.HAL_ADCEx_InjectedConvCpltCallback
                0x08002384        0x2 CMakeFiles/TestLCDi2c.elf.dir/Drivers/STM32F4xx_HAL_Driver/Src/stm32f4xx_hal_adc_ex.c.obj
                0x08002384                HAL_ADCEx_InjectedConvCpltCallback
 *fill*         0x08002386        0x2 
 .text.HAL_NVIC_SetPriorityGrouping
                0x08002388       0x24 CMakeFiles/TestLCDi2c.elf.dir/Drivers/STM32F4xx_HAL_Driver/Src/stm32f4xx_hal_cortex.c.obj
                0x08002388                HAL_NVIC_SetPriorityGrouping
 .text.HAL_NVIC_SetPriority
                0x080023ac       0x68 CMakeFiles/TestLCDi2c.elf.dir/Drivers/STM32F4xx_HAL_Driver/Src/stm32f4xx_hal_cortex.c.obj
                0x080023ac                HAL_NVIC_SetPriority
 .text.HAL_NVIC_EnableIRQ
                0x08002414       0x1c CMakeFiles/TestLCDi2c.elf.dir/Drivers/STM32F4xx_HAL_Driver/Src/stm32f4xx_hal_cortex.c.obj
                0x08002414                HAL_NVIC_EnableIRQ
 .text.HAL_SYSTICK_Config
                0x08002430       0x2c CMakeFiles/TestLCDi2c.elf.dir/Drivers/STM32F4xx_HAL_Driver/Src/stm32f4xx_hal_cortex.c.obj
                0x08002430                HAL_SYSTICK_Config
 .text.HAL_GPIO_Init
                0x0800245c      0x1a4 CMakeFiles/TestLCDi2c.elf.dir/Drivers/STM32F4xx_HAL_Driver/Src/stm32f4xx_hal_gpio.c.obj
                0x0800245c                HAL_GPIO_Init
 .text.HAL_GPIO_ReadPin
                0x08002600        0xe CMakeFiles/TestLCDi2c.elf.dir/Drivers/STM32F4xx_HAL_Driver/Src/stm32f4xx_hal_gpio.c.obj
                0x08002600                HAL_GPIO_ReadPin
 .text.HAL_GPIO_WritePin
                0x0800260e        0xc CMakeFiles/TestLCDi2c.elf.dir/Drivers/STM32F4xx_HAL_Driver/Src/stm32f4xx_hal_gpio.c.obj
                0x0800260e                HAL_GPIO_WritePin
 .text.I2C_IsAcknowledgeFailed
                0x0800261a       0x32 CMakeFiles/TestLCDi2c.elf.dir/Drivers/STM32F4xx_HAL_Driver/Src/stm32f4xx_hal_i2c.c.obj
 .text.I2C_WaitOnFlagUntilTimeout
                0x0800264c       0x70 CMakeFiles/TestLCDi2c.elf.dir/Drivers/STM32F4xx_HAL_Driver/Src/stm32f4xx_hal_i2c.c.obj
 .text.I2C_WaitOnMasterAddressFlagUntilTimeout
                0x080026bc       0xa4 CMakeFiles/TestLCDi2c.elf.dir/Drivers/STM32F4xx_HAL_Driver/Src/stm32f4xx_hal_i2c.c.obj
 .text.I2C_MasterRequestWrite
                0x08002760       0xb8 CMakeFiles/TestLCDi2c.elf.dir/Drivers/STM32F4xx_HAL_Driver/Src/stm32f4xx_hal_i2c.c.obj
 .text.I2C_WaitOnTXEFlagUntilTimeout
                0x08002818       0x54 CMakeFiles/TestLCDi2c.elf.dir/Drivers/STM32F4xx_HAL_Driver/Src/stm32f4xx_hal_i2c.c.obj
 .text.I2C_WaitOnBTFFlagUntilTimeout
                0x0800286c       0x54 CMakeFiles/TestLCDi2c.elf.dir/Drivers/STM32F4xx_HAL_Driver/Src/stm32f4xx_hal_i2c.c.obj
 .text.HAL_I2C_Init
                0x080028c0      0x1b8 CMakeFiles/TestLCDi2c.elf.dir/Drivers/STM32F4xx_HAL_Driver/Src/stm32f4xx_hal_i2c.c.obj
                0x080028c0                HAL_I2C_Init
 .text.HAL_I2C_Master_Transmit
                0x08002a78      0x170 CMakeFiles/TestLCDi2c.elf.dir/Drivers/STM32F4xx_HAL_Driver/Src/stm32f4xx_hal_i2c.c.obj
                0x08002a78                HAL_I2C_Master_Transmit
 .text.HAL_I2C_IsDeviceReady
                0x08002be8      0x194 CMakeFiles/TestLCDi2c.elf.dir/Drivers/STM32F4xx_HAL_Driver/Src/stm32f4xx_hal_i2c.c.obj
                0x08002be8                HAL_I2C_IsDeviceReady
 .text.HAL_RCC_OscConfig
                0x08002d7c      0x3ec CMakeFiles/TestLCDi2c.elf.dir/Drivers/STM32F4xx_HAL_Driver/Src/stm32f4xx_hal_rcc.c.obj
                0x08002d7c                HAL_RCC_OscConfig
 .text.HAL_RCC_GetSysClockFreq
                0x08003168       0xd4 CMakeFiles/TestLCDi2c.elf.dir/Drivers/STM32F4xx_HAL_Driver/Src/stm32f4xx_hal_rcc.c.obj
                0x08003168                HAL_RCC_GetSysClockFreq
 .text.HAL_RCC_ClockConfig
                0x0800323c      0x160 CMakeFiles/TestLCDi2c.elf.dir/Drivers/STM32F4xx_HAL_Driver/Src/stm32f4xx_hal_rcc.c.obj
                0x0800323c                HAL_RCC_ClockConfig
 .text.HAL_RCC_GetHCLKFreq
                0x0800339c        0xc CMakeFiles/TestLCDi2c.elf.dir/Drivers/STM32F4xx_HAL_Driver/Src/stm32f4xx_hal_rcc.c.obj
                0x0800339c                HAL_RCC_GetHCLKFreq
 .text.HAL_RCC_GetPCLK1Freq
                0x080033a8       0x20 CMakeFiles/TestLCDi2c.elf.dir/Drivers/STM32F4xx_HAL_Driver/Src/stm32f4xx_hal_rcc.c.obj
                0x080033a8                HAL_RCC_GetPCLK1Freq
 .text.TIM_TI1_ConfigInputStage
                0x080033c8       0x24 CMakeFiles/TestLCDi2c.elf.dir/Drivers/STM32F4xx_HAL_Driver/Src/stm32f4xx_hal_tim.c.obj
 .text.TIM_TI2_ConfigInputStage
                0x080033ec       0x26 CMakeFiles/TestLCDi2c.elf.dir/Drivers/STM32F4xx_HAL_Driver/Src/stm32f4xx_hal_tim.c.obj
 .text.TIM_ITRx_SetConfig
                0x08003412       0x10 CMakeFiles/TestLCDi2c.elf.dir/Drivers/STM32F4xx_HAL_Driver/Src/stm32f4xx_hal_tim.c.obj
 .text.HAL_TIM_Base_Start
                0x08003422       0x24 CMakeFiles/TestLCDi2c.elf.dir/Drivers/STM32F4xx_HAL_Driver/Src/stm32f4xx_hal_tim.c.obj
                0x08003422                HAL_TIM_Base_Start
 *fill*         0x08003446        0x2 
 .text.TIM_Base_SetConfig
                0x08003448       0x9c CMakeFiles/TestLCDi2c.elf.dir/Drivers/STM32F4xx_HAL_Driver/Src/stm32f4xx_hal_tim.c.obj
                0x08003448                TIM_Base_SetConfig
 .text.HAL_TIM_Base_Init
                0x080034e4       0x34 CMakeFiles/TestLCDi2c.elf.dir/Drivers/STM32F4xx_HAL_Driver/Src/stm32f4xx_hal_tim.c.obj
                0x080034e4                HAL_TIM_Base_Init
 .text.TIM_ETR_SetConfig
                0x08003518       0x16 CMakeFiles/TestLCDi2c.elf.dir/Drivers/STM32F4xx_HAL_Driver/Src/stm32f4xx_hal_tim.c.obj
                0x08003518                TIM_ETR_SetConfig
 .text.HAL_TIM_ConfigClockSource
                0x0800352e       0xdc CMakeFiles/TestLCDi2c.elf.dir/Drivers/STM32F4xx_HAL_Driver/Src/stm32f4xx_hal_tim.c.obj
                0x0800352e                HAL_TIM_ConfigClockSource
 *fill*         0x0800360a        0x2 
 .text.HAL_TIMEx_MasterConfigSynchronization
                0x0800360c       0x78 CMakeFiles/TestLCDi2c.elf.dir/Drivers/STM32F4xx_HAL_Driver/Src/stm32f4xx_hal_tim_ex.c.obj
                0x0800360c                HAL_TIMEx_MasterConfigSynchronization
 .text.__errno  0x08003684        0xc c:/progra~1/jetbra~1/gcc-ar~1/bin/../lib/gcc/arm-none-eabi/8.3.1/../../../../arm-none-eabi/lib/thumb/v7e-m/nofp\libg.a(lib_a-errno.o)
                0x08003684                __errno
 .text.__libc_init_array
                0x08003690       0x48 c:/progra~1/jetbra~1/gcc-ar~1/bin/../lib/gcc/arm-none-eabi/8.3.1/../../../../arm-none-eabi/lib/thumb/v7e-m/nofp\libg.a(lib_a-init.o)
                0x08003690                __libc_init_array
 .text.memset   0x080036d8       0xa0 c:/progra~1/jetbra~1/gcc-ar~1/bin/../lib/gcc/arm-none-eabi/8.3.1/../../../../arm-none-eabi/lib/thumb/v7e-m/nofp\libg.a(lib_a-memset.o)
                0x080036d8                memset
 .text._vsprintf_r
                0x08003778       0x28 c:/progra~1/jetbra~1/gcc-ar~1/bin/../lib/gcc/arm-none-eabi/8.3.1/../../../../arm-none-eabi/lib/thumb/v7e-m/nofp\libg.a(lib_a-vsprintf.o)
                0x08003778                _vsprintf_r
 .text.vsprintf
                0x080037a0       0x18 c:/progra~1/jetbra~1/gcc-ar~1/bin/../lib/gcc/arm-none-eabi/8.3.1/../../../../arm-none-eabi/lib/thumb/v7e-m/nofp\libg.a(lib_a-vsprintf.o)
                0x080037a0                vsprintf
 .text.startup.register_fini
                0x080037b8       0x14 c:/progra~1/jetbra~1/gcc-ar~1/bin/../lib/gcc/arm-none-eabi/8.3.1/../../../../arm-none-eabi/lib/thumb/v7e-m/nofp\libg.a(lib_a-__call_atexit.o)
 .text.atexit   0x080037cc        0xc c:/progra~1/jetbra~1/gcc-ar~1/bin/../lib/gcc/arm-none-eabi/8.3.1/../../../../arm-none-eabi/lib/thumb/v7e-m/nofp\libg.a(lib_a-atexit.o)
                0x080037cc                atexit
 .text.__libc_fini_array
                0x080037d8       0x34 c:/progra~1/jetbra~1/gcc-ar~1/bin/../lib/gcc/arm-none-eabi/8.3.1/../../../../arm-none-eabi/lib/thumb/v7e-m/nofp\libg.a(lib_a-fini.o)
                0x080037d8                __libc_fini_array
 .text.__retarget_lock_acquire_recursive
                0x0800380c        0x4 c:/progra~1/jetbra~1/gcc-ar~1/bin/../lib/gcc/arm-none-eabi/8.3.1/../../../../arm-none-eabi/lib/thumb/v7e-m/nofp\libg.a(lib_a-lock.o)
                0x0800380c                __retarget_lock_acquire_recursive
 .text.__retarget_lock_release_recursive
                0x08003810        0x4 c:/progra~1/jetbra~1/gcc-ar~1/bin/../lib/gcc/arm-none-eabi/8.3.1/../../../../arm-none-eabi/lib/thumb/v7e-m/nofp\libg.a(lib_a-lock.o)
                0x08003810                __retarget_lock_release_recursive
 .text._svfprintf_r
                0x08003814     0x19e0 c:/progra~1/jetbra~1/gcc-ar~1/bin/../lib/gcc/arm-none-eabi/8.3.1/../../../../arm-none-eabi/lib/thumb/v7e-m/nofp\libg.a(lib_a-svfprintf.o)
                0x08003814                _svfprintf_r
 .text.__register_exitproc
                0x080051f4       0x88 c:/progra~1/jetbra~1/gcc-ar~1/bin/../lib/gcc/arm-none-eabi/8.3.1/../../../../arm-none-eabi/lib/thumb/v7e-m/nofp\libg.a(lib_a-__atexit.o)
                0x080051f4                __register_exitproc
 .text.quorem   0x0800527c      0x124 c:/progra~1/jetbra~1/gcc-ar~1/bin/../lib/gcc/arm-none-eabi/8.3.1/../../../../arm-none-eabi/lib/thumb/v7e-m/nofp\libg.a(lib_a-dtoa.o)
 .text._dtoa_r  0x080053a0      0xe60 c:/progra~1/jetbra~1/gcc-ar~1/bin/../lib/gcc/arm-none-eabi/8.3.1/../../../../arm-none-eabi/lib/thumb/v7e-m/nofp\libg.a(lib_a-dtoa.o)
                0x080053a0                _dtoa_r
 .text._malloc_trim_r
                0x08006200       0xa0 c:/progra~1/jetbra~1/gcc-ar~1/bin/../lib/gcc/arm-none-eabi/8.3.1/../../../../arm-none-eabi/lib/thumb/v7e-m/nofp\libg.a(lib_a-freer.o)
                0x08006200                _malloc_trim_r
 .text._free_r  0x080062a0      0x1f4 c:/progra~1/jetbra~1/gcc-ar~1/bin/../lib/gcc/arm-none-eabi/8.3.1/../../../../arm-none-eabi/lib/thumb/v7e-m/nofp\libg.a(lib_a-freer.o)
                0x080062a0                _free_r
 .text._localeconv_r
                0x08006494        0x8 c:/progra~1/jetbra~1/gcc-ar~1/bin/../lib/gcc/arm-none-eabi/8.3.1/../../../../arm-none-eabi/lib/thumb/v7e-m/nofp\libg.a(lib_a-localeconv.o)
                0x08006494                _localeconv_r
 .text._malloc_r
                0x0800649c      0x570 c:/progra~1/jetbra~1/gcc-ar~1/bin/../lib/gcc/arm-none-eabi/8.3.1/../../../../arm-none-eabi/lib/thumb/v7e-m/nofp\libg.a(lib_a-mallocr.o)
                0x0800649c                _malloc_r
 .text.__malloc_lock
                0x08006a0c        0xc c:/progra~1/jetbra~1/gcc-ar~1/bin/../lib/gcc/arm-none-eabi/8.3.1/../../../../arm-none-eabi/lib/thumb/v7e-m/nofp\libg.a(lib_a-mlock.o)
                0x08006a0c                __malloc_lock
 .text.__malloc_unlock
                0x08006a18        0xc c:/progra~1/jetbra~1/gcc-ar~1/bin/../lib/gcc/arm-none-eabi/8.3.1/../../../../arm-none-eabi/lib/thumb/v7e-m/nofp\libg.a(lib_a-mlock.o)
                0x08006a18                __malloc_unlock
 .text._Balloc  0x08006a24       0x4c c:/progra~1/jetbra~1/gcc-ar~1/bin/../lib/gcc/arm-none-eabi/8.3.1/../../../../arm-none-eabi/lib/thumb/v7e-m/nofp\libg.a(lib_a-mprec.o)
                0x08006a24                _Balloc
 .text._Bfree   0x08006a70       0x14 c:/progra~1/jetbra~1/gcc-ar~1/bin/../lib/gcc/arm-none-eabi/8.3.1/../../../../arm-none-eabi/lib/thumb/v7e-m/nofp\libg.a(lib_a-mprec.o)
                0x08006a70                _Bfree
 .text.__multadd
                0x08006a84       0x8c c:/progra~1/jetbra~1/gcc-ar~1/bin/../lib/gcc/arm-none-eabi/8.3.1/../../../../arm-none-eabi/lib/thumb/v7e-m/nofp\libg.a(lib_a-mprec.o)
                0x08006a84                __multadd
 .text.__hi0bits
                0x08006b10       0x40 c:/progra~1/jetbra~1/gcc-ar~1/bin/../lib/gcc/arm-none-eabi/8.3.1/../../../../arm-none-eabi/lib/thumb/v7e-m/nofp\libg.a(lib_a-mprec.o)
                0x08006b10                __hi0bits
 .text.__lo0bits
                0x08006b50       0x60 c:/progra~1/jetbra~1/gcc-ar~1/bin/../lib/gcc/arm-none-eabi/8.3.1/../../../../arm-none-eabi/lib/thumb/v7e-m/nofp\libg.a(lib_a-mprec.o)
                0x08006b50                __lo0bits
 .text.__i2b    0x08006bb0       0x14 c:/progra~1/jetbra~1/gcc-ar~1/bin/../lib/gcc/arm-none-eabi/8.3.1/../../../../arm-none-eabi/lib/thumb/v7e-m/nofp\libg.a(lib_a-mprec.o)
                0x08006bb0                __i2b
 .text.__multiply
                0x08006bc4      0x130 c:/progra~1/jetbra~1/gcc-ar~1/bin/../lib/gcc/arm-none-eabi/8.3.1/../../../../arm-none-eabi/lib/thumb/v7e-m/nofp\libg.a(lib_a-mprec.o)
                0x08006bc4                __multiply
 .text.__pow5mult
                0x08006cf4       0xa0 c:/progra~1/jetbra~1/gcc-ar~1/bin/../lib/gcc/arm-none-eabi/8.3.1/../../../../arm-none-eabi/lib/thumb/v7e-m/nofp\libg.a(lib_a-mprec.o)
                0x08006cf4                __pow5mult
 .text.__lshift
                0x08006d94       0xb4 c:/progra~1/jetbra~1/gcc-ar~1/bin/../lib/gcc/arm-none-eabi/8.3.1/../../../../arm-none-eabi/lib/thumb/v7e-m/nofp\libg.a(lib_a-mprec.o)
                0x08006d94                __lshift
 .text.__mcmp   0x08006e48       0x38 c:/progra~1/jetbra~1/gcc-ar~1/bin/../lib/gcc/arm-none-eabi/8.3.1/../../../../arm-none-eabi/lib/thumb/v7e-m/nofp\libg.a(lib_a-mprec.o)
                0x08006e48                __mcmp
 .text.__mdiff  0x08006e80       0xf8 c:/progra~1/jetbra~1/gcc-ar~1/bin/../lib/gcc/arm-none-eabi/8.3.1/../../../../arm-none-eabi/lib/thumb/v7e-m/nofp\libg.a(lib_a-mprec.o)
                0x08006e80                __mdiff
 .text.__d2b    0x08006f78       0xac c:/progra~1/jetbra~1/gcc-ar~1/bin/../lib/gcc/arm-none-eabi/8.3.1/../../../../arm-none-eabi/lib/thumb/v7e-m/nofp\libg.a(lib_a-mprec.o)
                0x08006f78                __d2b
 .text.frexp    0x08007024       0x70 c:/progra~1/jetbra~1/gcc-ar~1/bin/../lib/gcc/arm-none-eabi/8.3.1/../../../../arm-none-eabi/lib/thumb/v7e-m/nofp\libg.a(lib_a-s_frexp.o)
                0x08007024                frexp
 .text._sbrk_r  0x08007094       0x24 c:/progra~1/jetbra~1/gcc-ar~1/bin/../lib/gcc/arm-none-eabi/8.3.1/../../../../arm-none-eabi/lib/thumb/v7e-m/nofp\libg.a(lib_a-sbrkr.o)
                0x08007094                _sbrk_r
 .text.strncpy  0x080070b8       0x74 c:/progra~1/jetbra~1/gcc-ar~1/bin/../lib/gcc/arm-none-eabi/8.3.1/../../../../arm-none-eabi/lib/thumb/v7e-m/nofp\libg.a(lib_a-strncpy.o)
                0x080070b8                strncpy
 .text.__ssprint_r
                0x0800712c       0xf8 c:/progra~1/jetbra~1/gcc-ar~1/bin/../lib/gcc/arm-none-eabi/8.3.1/../../../../arm-none-eabi/lib/thumb/v7e-m/nofp\libg.a(lib_a-svfiprintf.o)
                0x0800712c                __ssprint_r
 .text._calloc_r
                0x08007224       0x60 c:/progra~1/jetbra~1/gcc-ar~1/bin/../lib/gcc/arm-none-eabi/8.3.1/../../../../arm-none-eabi/lib/thumb/v7e-m/nofp\libg.a(lib_a-callocr.o)
                0x08007224                _calloc_r
 .text.__ascii_mbtowc
                0x08007284       0x2c c:/progra~1/jetbra~1/gcc-ar~1/bin/../lib/gcc/arm-none-eabi/8.3.1/../../../../arm-none-eabi/lib/thumb/v7e-m/nofp\libg.a(lib_a-mbtowc_r.o)
                0x08007284                __ascii_mbtowc
 .text.memmove  0x080072b0       0xd0 c:/progra~1/jetbra~1/gcc-ar~1/bin/../lib/gcc/arm-none-eabi/8.3.1/../../../../arm-none-eabi/lib/thumb/v7e-m/nofp\libg.a(lib_a-memmove.o)
                0x080072b0                memmove
 .text._realloc_r
                0x08007380      0x36c c:/progra~1/jetbra~1/gcc-ar~1/bin/../lib/gcc/arm-none-eabi/8.3.1/../../../../arm-none-eabi/lib/thumb/v7e-m/nofp\libg.a(lib_a-reallocr.o)
                0x08007380                _realloc_r
 .text.__ascii_wctomb
                0x080076ec       0x1c c:/progra~1/jetbra~1/gcc-ar~1/bin/../lib/gcc/arm-none-eabi/8.3.1/../../../../arm-none-eabi/lib/thumb/v7e-m/nofp\libg.a(lib_a-wctomb_r.o)
                0x080076ec                __ascii_wctomb
 .text.pow      0x08007708      0x17c c:/progra~1/jetbra~1/gcc-ar~1/bin/../lib/gcc/arm-none-eabi/8.3.1/../../../../arm-none-eabi/lib/thumb/v7e-m/nofp\libm.a(lib_a-w_pow.o)
                0x08007708                pow
 *fill*         0x08007884        0x4 
 .text.__ieee754_pow
                0x08007888      0xa8c c:/progra~1/jetbra~1/gcc-ar~1/bin/../lib/gcc/arm-none-eabi/8.3.1/../../../../arm-none-eabi/lib/thumb/v7e-m/nofp\libm.a(lib_a-e_pow.o)
                0x08007888                __ieee754_pow
 .text.__ieee754_sqrt
                0x08008314      0x17c c:/progra~1/jetbra~1/gcc-ar~1/bin/../lib/gcc/arm-none-eabi/8.3.1/../../../../arm-none-eabi/lib/thumb/v7e-m/nofp\libm.a(lib_a-e_sqrt.o)
                0x08008314                __ieee754_sqrt
 .text.fabs     0x08008490        0x8 c:/progra~1/jetbra~1/gcc-ar~1/bin/../lib/gcc/arm-none-eabi/8.3.1/../../../../arm-none-eabi/lib/thumb/v7e-m/nofp\libm.a(lib_a-s_fabs.o)
                0x08008490                fabs
 .text.finite   0x08008498        0xc c:/progra~1/jetbra~1/gcc-ar~1/bin/../lib/gcc/arm-none-eabi/8.3.1/../../../../arm-none-eabi/lib/thumb/v7e-m/nofp\libm.a(lib_a-s_finite.o)
                0x08008498                finite
 .text.nan      0x080084a4        0xc c:/progra~1/jetbra~1/gcc-ar~1/bin/../lib/gcc/arm-none-eabi/8.3.1/../../../../arm-none-eabi/lib/thumb/v7e-m/nofp\libm.a(lib_a-s_nan.o)
                0x080084a4                nan
 .text.rint     0x080084b0      0x118 c:/progra~1/jetbra~1/gcc-ar~1/bin/../lib/gcc/arm-none-eabi/8.3.1/../../../../arm-none-eabi/lib/thumb/v7e-m/nofp\libm.a(lib_a-s_rint.o)
                0x080084b0                rint
 .text.scalbn   0x080085c8       0xf4 c:/progra~1/jetbra~1/gcc-ar~1/bin/../lib/gcc/arm-none-eabi/8.3.1/../../../../arm-none-eabi/lib/thumb/v7e-m/nofp\libm.a(lib_a-s_scalbn.o)
                0x080085c8                scalbn
 *(.glue_7)
 .glue_7        0x080086bc        0x0 linker stubs
 *(.glue_7t)
 .glue_7t       0x080086bc        0x0 linker stubs
 *(.eh_frame)
 .eh_frame      0x080086bc        0x0 c:/progra~1/jetbra~1/gcc-ar~1/bin/../lib/gcc/arm-none-eabi/8.3.1/thumb/v7e-m/nofp/crtbegin.o
 *(.init)
 .init          0x080086bc        0x4 c:/progra~1/jetbra~1/gcc-ar~1/bin/../lib/gcc/arm-none-eabi/8.3.1/thumb/v7e-m/nofp/crti.o
                0x080086bc                _init
 .init          0x080086c0        0x8 c:/progra~1/jetbra~1/gcc-ar~1/bin/../lib/gcc/arm-none-eabi/8.3.1/thumb/v7e-m/nofp/crtn.o
 *(.fini)
 .fini          0x080086c8        0x4 c:/progra~1/jetbra~1/gcc-ar~1/bin/../lib/gcc/arm-none-eabi/8.3.1/thumb/v7e-m/nofp/crti.o
                0x080086c8                _fini
 .fini          0x080086cc        0x8 c:/progra~1/jetbra~1/gcc-ar~1/bin/../lib/gcc/arm-none-eabi/8.3.1/thumb/v7e-m/nofp/crtn.o
                0x080086d4                . = ALIGN (0x4)
                0x080086d4                _etext = .

.vfp11_veneer   0x080086d4        0x0
 .vfp11_veneer  0x080086d4        0x0 linker stubs

.v4_bx          0x080086d4        0x0
 .v4_bx         0x080086d4        0x0 linker stubs

.iplt           0x080086d4        0x0
 .iplt          0x080086d4        0x0 c:/progra~1/jetbra~1/gcc-ar~1/bin/../lib/gcc/arm-none-eabi/8.3.1/thumb/v7e-m/nofp/crtbegin.o

.rodata         0x080086d8      0x2e8
                0x080086d8                . = ALIGN (0x4)
 *(.rodata)
 *(.rodata*)
 .rodata.Display_CO2.str1.4
                0x080086d8        0x3 CMakeFiles/TestLCDi2c.elf.dir/Core/Src/main.c.obj
                                  0x7 (size before relaxing)
 *fill*         0x080086db        0x1 
 .rodata.Display_Hum.str1.4
                0x080086dc        0x9 CMakeFiles/TestLCDi2c.elf.dir/Core/Src/main.c.obj
 *fill*         0x080086e5        0x3 
 .rodata.Display_Temp.str1.4
                0x080086e8       0x13 CMakeFiles/TestLCDi2c.elf.dir/Core/Src/main.c.obj
 *fill*         0x080086fb        0x1 
 .rodata.main.str1.4
                0x080086fc       0x10 CMakeFiles/TestLCDi2c.elf.dir/Core/Src/main.c.obj
 .rodata.AHBPrescTable
                0x0800870c       0x10 CMakeFiles/TestLCDi2c.elf.dir/Core/Src/system_stm32f4xx.c.obj
                0x0800870c                AHBPrescTable
 .rodata.APBPrescTable
                0x0800871c        0x8 CMakeFiles/TestLCDi2c.elf.dir/Core/Src/system_stm32f4xx.c.obj
                0x0800871c                APBPrescTable
 .rodata._global_impure_ptr
                0x08008724        0x4 c:/progra~1/jetbra~1/gcc-ar~1/bin/../lib/gcc/arm-none-eabi/8.3.1/../../../../arm-none-eabi/lib/thumb/v7e-m/nofp\libg.a(lib_a-impure.o)
                0x08008724                _global_impure_ptr
 .rodata._svfprintf_r.str1.4
                0x08008728       0x42 c:/progra~1/jetbra~1/gcc-ar~1/bin/../lib/gcc/arm-none-eabi/8.3.1/../../../../arm-none-eabi/lib/thumb/v7e-m/nofp\libg.a(lib_a-svfprintf.o)
 *fill*         0x0800876a        0x2 
 .rodata.blanks.7355
                0x0800876c       0x10 c:/progra~1/jetbra~1/gcc-ar~1/bin/../lib/gcc/arm-none-eabi/8.3.1/../../../../arm-none-eabi/lib/thumb/v7e-m/nofp\libg.a(lib_a-svfprintf.o)
 .rodata.zeroes.7356
                0x0800877c       0x10 c:/progra~1/jetbra~1/gcc-ar~1/bin/../lib/gcc/arm-none-eabi/8.3.1/../../../../arm-none-eabi/lib/thumb/v7e-m/nofp\libg.a(lib_a-svfprintf.o)
 .rodata._dtoa_r.str1.4
                0x0800878c        0xd c:/progra~1/jetbra~1/gcc-ar~1/bin/../lib/gcc/arm-none-eabi/8.3.1/../../../../arm-none-eabi/lib/thumb/v7e-m/nofp\libg.a(lib_a-dtoa.o)
                                 0x12 (size before relaxing)
 *fill*         0x08008799        0x7 
 .rodata.__mprec_bigtens
                0x080087a0       0x28 c:/progra~1/jetbra~1/gcc-ar~1/bin/../lib/gcc/arm-none-eabi/8.3.1/../../../../arm-none-eabi/lib/thumb/v7e-m/nofp\libg.a(lib_a-mprec.o)
                0x080087a0                __mprec_bigtens
 .rodata.__mprec_tens
                0x080087c8       0xc8 c:/progra~1/jetbra~1/gcc-ar~1/bin/../lib/gcc/arm-none-eabi/8.3.1/../../../../arm-none-eabi/lib/thumb/v7e-m/nofp\libg.a(lib_a-mprec.o)
                0x080087c8                __mprec_tens
 .rodata.p05.6125
                0x08008890        0xc c:/progra~1/jetbra~1/gcc-ar~1/bin/../lib/gcc/arm-none-eabi/8.3.1/../../../../arm-none-eabi/lib/thumb/v7e-m/nofp\libg.a(lib_a-mprec.o)
 .rodata._setlocale_r.str1.4
                0x0800889c        0xa c:/progra~1/jetbra~1/gcc-ar~1/bin/../lib/gcc/arm-none-eabi/8.3.1/../../../../arm-none-eabi/lib/thumb/v7e-m/nofp\libg.a(lib_a-locale.o)
                                  0xd (size before relaxing)
 *fill*         0x080088a6        0x2 
 .rodata.str1.4
                0x080088a8        0x4 c:/progra~1/jetbra~1/gcc-ar~1/bin/../lib/gcc/arm-none-eabi/8.3.1/../../../../arm-none-eabi/lib/thumb/v7e-m/nofp\libg.a(lib_a-locale.o)
                                  0x2 (size before relaxing)
 .rodata._ctype_
                0x080088ac      0x101 c:/progra~1/jetbra~1/gcc-ar~1/bin/../lib/gcc/arm-none-eabi/8.3.1/../../../../arm-none-eabi/lib/thumb/v7e-m/nofp\libg.a(lib_a-ctype_.o)
                0x080088ac                _ctype_
 .rodata.__ieee754_pow.str1.4
                0x080089ad        0x1 c:/progra~1/jetbra~1/gcc-ar~1/bin/../lib/gcc/arm-none-eabi/8.3.1/../../../../arm-none-eabi/lib/thumb/v7e-m/nofp\libm.a(lib_a-e_pow.o)
 *fill*         0x080089ad        0x3 
 .rodata.TWO52  0x080089b0       0x10 c:/progra~1/jetbra~1/gcc-ar~1/bin/../lib/gcc/arm-none-eabi/8.3.1/../../../../arm-none-eabi/lib/thumb/v7e-m/nofp\libm.a(lib_a-s_rint.o)
                0x080089c0                . = ALIGN (0x4)

.ARM.extab      0x080089c0        0x0
                0x080089c0                . = ALIGN (0x4)
 *(.ARM.extab* .gnu.linkonce.armextab.*)
                0x080089c0                . = ALIGN (0x4)

.ARM            0x080089c0        0x8
                0x080089c0                . = ALIGN (0x4)
                0x080089c0                __exidx_start = .
 *(.ARM.exidx*)
 .ARM.exidx     0x080089c0        0x8 c:/progra~1/jetbra~1/gcc-ar~1/bin/../lib/gcc/arm-none-eabi/8.3.1/thumb/v7e-m/nofp\libgcc.a(_udivmoddi4.o)
                0x080089c8                __exidx_end = .
                0x080089c8                . = ALIGN (0x4)

.rel.dyn        0x080089c8        0x0
 .rel.iplt      0x080089c8        0x0 c:/progra~1/jetbra~1/gcc-ar~1/bin/../lib/gcc/arm-none-eabi/8.3.1/thumb/v7e-m/nofp/crtbegin.o

.preinit_array  0x080089c8        0x0
                0x080089c8                . = ALIGN (0x4)
                0x080089c8                PROVIDE (__preinit_array_start = .)
 *(.preinit_array*)
                0x080089c8                PROVIDE (__preinit_array_end = .)
                0x080089c8                . = ALIGN (0x4)

.init_array     0x080089c8        0x8
                0x080089c8                . = ALIGN (0x4)
                0x080089c8                PROVIDE (__init_array_start = .)
 *(SORT_BY_NAME(.init_array.*))
 .init_array.00000
                0x080089c8        0x4 c:/progra~1/jetbra~1/gcc-ar~1/bin/../lib/gcc/arm-none-eabi/8.3.1/../../../../arm-none-eabi/lib/thumb/v7e-m/nofp\libg.a(lib_a-__call_atexit.o)
 *(.init_array*)
 .init_array    0x080089cc        0x4 c:/progra~1/jetbra~1/gcc-ar~1/bin/../lib/gcc/arm-none-eabi/8.3.1/thumb/v7e-m/nofp/crtbegin.o
                0x080089d0                PROVIDE (__init_array_end = .)
                0x080089d0                . = ALIGN (0x4)

.fini_array     0x080089d0        0x4
                0x080089d0                . = ALIGN (0x4)
                0x080089d0                PROVIDE (__fini_array_start = .)
 *(SORT_BY_NAME(.fini_array.*))
 *(.fini_array*)
 .fini_array    0x080089d0        0x4 c:/progra~1/jetbra~1/gcc-ar~1/bin/../lib/gcc/arm-none-eabi/8.3.1/thumb/v7e-m/nofp/crtbegin.o
                0x080089d4                PROVIDE (__fini_array_end = .)
                0x080089d4                . = ALIGN (0x4)
                0x080089d4                _sidata = LOADADDR (.data)

.data           0x20000000      0xa04 load address 0x080089d4
                0x20000000                . = ALIGN (0x4)
                0x20000000                _sdata = .
 *(.data)
 *(.data*)
 .data.customChars
                0x20000000       0x48 CMakeFiles/TestLCDi2c.elf.dir/Core/Src/lcd16x2_i2c.c.obj
                0x20000000                customChars
 .data.SystemCoreClock
                0x20000048        0x4 CMakeFiles/TestLCDi2c.elf.dir/Core/Src/system_stm32f4xx.c.obj
                0x20000048                SystemCoreClock
 .data.uwTickFreq
                0x2000004c        0x1 CMakeFiles/TestLCDi2c.elf.dir/Drivers/STM32F4xx_HAL_Driver/Src/stm32f4xx_hal.c.obj
                0x2000004c                uwTickFreq
 *fill*         0x2000004d        0x3 
 .data.uwTickPrio
                0x20000050        0x4 CMakeFiles/TestLCDi2c.elf.dir/Drivers/STM32F4xx_HAL_Driver/Src/stm32f4xx_hal.c.obj
                0x20000050                uwTickPrio
 .data._impure_ptr
                0x20000054        0x4 c:/progra~1/jetbra~1/gcc-ar~1/bin/../lib/gcc/arm-none-eabi/8.3.1/../../../../arm-none-eabi/lib/thumb/v7e-m/nofp\libg.a(lib_a-impure.o)
                0x20000054                _impure_ptr
 .data.impure_data
                0x20000058      0x428 c:/progra~1/jetbra~1/gcc-ar~1/bin/../lib/gcc/arm-none-eabi/8.3.1/../../../../arm-none-eabi/lib/thumb/v7e-m/nofp\libg.a(lib_a-impure.o)
 .data.__atexit_recursive_mutex
                0x20000480        0x4 c:/progra~1/jetbra~1/gcc-ar~1/bin/../lib/gcc/arm-none-eabi/8.3.1/../../../../arm-none-eabi/lib/thumb/v7e-m/nofp\libg.a(lib_a-__call_atexit.o)
                0x20000480                __atexit_recursive_mutex
 .data.__malloc_av_
                0x20000484      0x408 c:/progra~1/jetbra~1/gcc-ar~1/bin/../lib/gcc/arm-none-eabi/8.3.1/../../../../arm-none-eabi/lib/thumb/v7e-m/nofp\libg.a(lib_a-mallocr.o)
                0x20000484                __malloc_av_
 .data.__malloc_sbrk_base
                0x2000088c        0x4 c:/progra~1/jetbra~1/gcc-ar~1/bin/../lib/gcc/arm-none-eabi/8.3.1/../../../../arm-none-eabi/lib/thumb/v7e-m/nofp\libg.a(lib_a-mallocr.o)
                0x2000088c                __malloc_sbrk_base
 .data.__malloc_trim_threshold
                0x20000890        0x4 c:/progra~1/jetbra~1/gcc-ar~1/bin/../lib/gcc/arm-none-eabi/8.3.1/../../../../arm-none-eabi/lib/thumb/v7e-m/nofp\libg.a(lib_a-mallocr.o)
                0x20000890                __malloc_trim_threshold
 .data.__global_locale
                0x20000894      0x16c c:/progra~1/jetbra~1/gcc-ar~1/bin/../lib/gcc/arm-none-eabi/8.3.1/../../../../arm-none-eabi/lib/thumb/v7e-m/nofp\libg.a(lib_a-locale.o)
                0x20000894                __global_locale
 .data.__fdlib_version
                0x20000a00        0x1 c:/progra~1/jetbra~1/gcc-ar~1/bin/../lib/gcc/arm-none-eabi/8.3.1/../../../../arm-none-eabi/lib/thumb/v7e-m/nofp\libm.a(lib_a-s_lib_ver.o)
                0x20000a00                __fdlib_version
                0x20000a04                . = ALIGN (0x4)
 *fill*         0x20000a01        0x3 
                0x20000a04                _edata = .

.igot.plt       0x20000a04        0x0 load address 0x080093d8
 .igot.plt      0x20000a04        0x0 c:/progra~1/jetbra~1/gcc-ar~1/bin/../lib/gcc/arm-none-eabi/8.3.1/thumb/v7e-m/nofp/crtbegin.o
                0x20000a04                . = ALIGN (0x4)

.bss            0x20000a08      0x1e4 load address 0x080093d8
                0x20000a08                _sbss = .
                0x20000a08                __bss_start__ = _sbss
 *(.bss)
 .bss           0x20000a08       0x1c c:/progra~1/jetbra~1/gcc-ar~1/bin/../lib/gcc/arm-none-eabi/8.3.1/thumb/v7e-m/nofp/crtbegin.o
 *(.bss*)
 .bss.Presence  0x20000a24        0x1 CMakeFiles/TestLCDi2c.elf.dir/Core/Src/DHT.c.obj
                0x20000a24                Presence
 .bss.Rh_byte1  0x20000a25        0x1 CMakeFiles/TestLCDi2c.elf.dir/Core/Src/DHT.c.obj
                0x20000a25                Rh_byte1
 .bss.Rh_byte2  0x20000a26        0x1 CMakeFiles/TestLCDi2c.elf.dir/Core/Src/DHT.c.obj
                0x20000a26                Rh_byte2
 *fill*         0x20000a27        0x1 
 .bss.SUM       0x20000a28        0x2 CMakeFiles/TestLCDi2c.elf.dir/Core/Src/DHT.c.obj
                0x20000a28                SUM
 .bss.Temp_byte1
                0x20000a2a        0x1 CMakeFiles/TestLCDi2c.elf.dir/Core/Src/DHT.c.obj
                0x20000a2a                Temp_byte1
 .bss.Temp_byte2
                0x20000a2b        0x1 CMakeFiles/TestLCDi2c.elf.dir/Core/Src/DHT.c.obj
                0x20000a2b                Temp_byte2
 .bss.HTIMx     0x20000a2c       0x40 CMakeFiles/TestLCDi2c.elf.dir/Core/Src/Timer_Delay.c.obj
 .bss.gu32_ticks
                0x20000a6c        0x4 CMakeFiles/TestLCDi2c.elf.dir/Core/Src/Timer_Delay.c.obj
 .bss.LCD_I2C_SLAVE_ADDRESS
                0x20000a70        0x1 CMakeFiles/TestLCDi2c.elf.dir/Core/Src/lcd16x2_i2c.c.obj
 *fill*         0x20000a71        0x3 
 .bss.lcd16x2_i2cHandle
                0x20000a74        0x4 CMakeFiles/TestLCDi2c.elf.dir/Core/Src/lcd16x2_i2c.c.obj
 .bss.DHT22     0x20000a78        0x8 CMakeFiles/TestLCDi2c.elf.dir/Core/Src/main.c.obj
                0x20000a78                DHT22
 .bss.MG811_CO2Sensor
                0x20000a80       0x28 CMakeFiles/TestLCDi2c.elf.dir/Core/Src/main.c.obj
                0x20000a80                MG811_CO2Sensor
 .bss.hadc1     0x20000aa8       0x48 CMakeFiles/TestLCDi2c.elf.dir/Core/Src/main.c.obj
                0x20000aa8                hadc1
 .bss.hi2c1     0x20000af0       0x54 CMakeFiles/TestLCDi2c.elf.dir/Core/Src/main.c.obj
                0x20000af0                hi2c1
 .bss.htim3     0x20000b44       0x40 CMakeFiles/TestLCDi2c.elf.dir/Core/Src/main.c.obj
                0x20000b44                htim3
 .bss.adc_value
                0x20000b84        0x2 CMakeFiles/TestLCDi2c.elf.dir/Core/Src/mg811.c.obj
                0x20000b84                adc_value
 *fill*         0x20000b86        0x2 
 .bss.__sbrk_heap_end
                0x20000b88        0x4 CMakeFiles/TestLCDi2c.elf.dir/Core/Src/sysmem.c.obj
 .bss.uwTick    0x20000b8c        0x4 CMakeFiles/TestLCDi2c.elf.dir/Drivers/STM32F4xx_HAL_Driver/Src/stm32f4xx_hal.c.obj
                0x20000b8c                uwTick
 .bss.__malloc_current_mallinfo
                0x20000b90       0x28 c:/progra~1/jetbra~1/gcc-ar~1/bin/../lib/gcc/arm-none-eabi/8.3.1/../../../../arm-none-eabi/lib/thumb/v7e-m/nofp\libg.a(lib_a-mallocr.o)
                0x20000b90                __malloc_current_mallinfo
 .bss.__malloc_max_sbrked_mem
                0x20000bb8        0x4 c:/progra~1/jetbra~1/gcc-ar~1/bin/../lib/gcc/arm-none-eabi/8.3.1/../../../../arm-none-eabi/lib/thumb/v7e-m/nofp\libg.a(lib_a-mallocr.o)
                0x20000bb8                __malloc_max_sbrked_mem
 .bss.__malloc_max_total_mem
                0x20000bbc        0x4 c:/progra~1/jetbra~1/gcc-ar~1/bin/../lib/gcc/arm-none-eabi/8.3.1/../../../../arm-none-eabi/lib/thumb/v7e-m/nofp\libg.a(lib_a-mallocr.o)
                0x20000bbc                __malloc_max_total_mem
 .bss.__malloc_top_pad
                0x20000bc0        0x4 c:/progra~1/jetbra~1/gcc-ar~1/bin/../lib/gcc/arm-none-eabi/8.3.1/../../../../arm-none-eabi/lib/thumb/v7e-m/nofp\libg.a(lib_a-mallocr.o)
                0x20000bc0                __malloc_top_pad
 *(COMMON)
 COMMON         0x20000bc4       0x21 c:/progra~1/jetbra~1/gcc-ar~1/bin/../lib/gcc/arm-none-eabi/8.3.1/../../../../arm-none-eabi/lib/thumb/v7e-m/nofp\libg.a(lib_a-lock.o)
                0x20000bc4                __lock___atexit_recursive_mutex
                0x20000bc8                __lock___arc4random_mutex
                0x20000bcc                __lock___env_recursive_mutex
                0x20000bd0                __lock___sinit_recursive_mutex
                0x20000bd4                __lock___malloc_recursive_mutex
                0x20000bd8                __lock___at_quick_exit_mutex
                0x20000bdc                __lock___dd_hash_mutex
                0x20000be0                __lock___tz_mutex
                0x20000be4                __lock___sfp_recursive_mutex
 *fill*         0x20000be5        0x3 
 COMMON         0x20000be8        0x4 c:/progra~1/jetbra~1/gcc-ar~1/bin/../lib/gcc/arm-none-eabi/8.3.1/../../../../arm-none-eabi/lib/thumb/v7e-m/nofp\libg.a(lib_a-reent.o)
                0x20000be8                errno
                0x20000bec                . = ALIGN (0x4)
                0x20000bec                _ebss = .
                0x20000bec                __bss_end__ = _ebss

._user_heap_stack
                0x20000bec      0x604 load address 0x080093d8
                0x20000bf0                . = ALIGN (0x8)
 *fill*         0x20000bec        0x4 
                [!provide]                PROVIDE (end = .)
                0x20000bf0                PROVIDE (_end = .)
                0x20000df0                . = (. + _Min_Heap_Size)
 *fill*         0x20000bf0      0x200 
                0x200011f0                . = (. + _Min_Stack_Size)
 *fill*         0x20000df0      0x400 
                0x200011f0                . = ALIGN (0x8)

/DISCARD/
 libc.a(*)
 libm.a(*)
 libgcc.a(*)

.ARM.attributes
                0x00000000       0x2a
 *(.ARM.attributes)
 .ARM.attributes
                0x00000000       0x1e c:/progra~1/jetbra~1/gcc-ar~1/bin/../lib/gcc/arm-none-eabi/8.3.1/thumb/v7e-m/nofp/crti.o
 .ARM.attributes
                0x0000001e       0x2e c:/progra~1/jetbra~1/gcc-ar~1/bin/../lib/gcc/arm-none-eabi/8.3.1/thumb/v7e-m/nofp/crtbegin.o
 .ARM.attributes
                0x0000004c       0x2e CMakeFiles/TestLCDi2c.elf.dir/Core/Src/DHT.c.obj
 .ARM.attributes
                0x0000007a       0x2e CMakeFiles/TestLCDi2c.elf.dir/Core/Src/Timer_Delay.c.obj
 .ARM.attributes
                0x000000a8       0x2e CMakeFiles/TestLCDi2c.elf.dir/Core/Src/lcd16x2_i2c.c.obj
 .ARM.attributes
                0x000000d6       0x2e CMakeFiles/TestLCDi2c.elf.dir/Core/Src/main.c.obj
 .ARM.attributes
                0x00000104       0x2e CMakeFiles/TestLCDi2c.elf.dir/Core/Src/mg811.c.obj
 .ARM.attributes
                0x00000132       0x2e CMakeFiles/TestLCDi2c.elf.dir/Core/Src/stm32f4xx_hal_msp.c.obj
 .ARM.attributes
                0x00000160       0x2e CMakeFiles/TestLCDi2c.elf.dir/Core/Src/stm32f4xx_it.c.obj
 .ARM.attributes
                0x0000018e       0x2e CMakeFiles/TestLCDi2c.elf.dir/Core/Src/sysmem.c.obj
 .ARM.attributes
                0x000001bc       0x2e CMakeFiles/TestLCDi2c.elf.dir/Core/Src/system_stm32f4xx.c.obj
 .ARM.attributes
                0x000001ea       0x21 CMakeFiles/TestLCDi2c.elf.dir/Core/Startup/startup_stm32f411vetx.s.obj
 .ARM.attributes
                0x0000020b       0x2e CMakeFiles/TestLCDi2c.elf.dir/Drivers/STM32F4xx_HAL_Driver/Src/stm32f4xx_hal.c.obj
 .ARM.attributes
                0x00000239       0x2e CMakeFiles/TestLCDi2c.elf.dir/Drivers/STM32F4xx_HAL_Driver/Src/stm32f4xx_hal_adc.c.obj
 .ARM.attributes
                0x00000267       0x2e CMakeFiles/TestLCDi2c.elf.dir/Drivers/STM32F4xx_HAL_Driver/Src/stm32f4xx_hal_adc_ex.c.obj
 .ARM.attributes
                0x00000295       0x2e CMakeFiles/TestLCDi2c.elf.dir/Drivers/STM32F4xx_HAL_Driver/Src/stm32f4xx_hal_cortex.c.obj
 .ARM.attributes
                0x000002c3       0x2e CMakeFiles/TestLCDi2c.elf.dir/Drivers/STM32F4xx_HAL_Driver/Src/stm32f4xx_hal_gpio.c.obj
 .ARM.attributes
                0x000002f1       0x2e CMakeFiles/TestLCDi2c.elf.dir/Drivers/STM32F4xx_HAL_Driver/Src/stm32f4xx_hal_i2c.c.obj
 .ARM.attributes
                0x0000031f       0x2e CMakeFiles/TestLCDi2c.elf.dir/Drivers/STM32F4xx_HAL_Driver/Src/stm32f4xx_hal_rcc.c.obj
 .ARM.attributes
                0x0000034d       0x2e CMakeFiles/TestLCDi2c.elf.dir/Drivers/STM32F4xx_HAL_Driver/Src/stm32f4xx_hal_tim.c.obj
 .ARM.attributes
                0x0000037b       0x2e CMakeFiles/TestLCDi2c.elf.dir/Drivers/STM32F4xx_HAL_Driver/Src/stm32f4xx_hal_tim_ex.c.obj
 .ARM.attributes
                0x000003a9       0x1e c:/progra~1/jetbra~1/gcc-ar~1/bin/../lib/gcc/arm-none-eabi/8.3.1/thumb/v7e-m/nofp\libgcc.a(_arm_addsubdf3.o)
 .ARM.attributes
                0x000003c7       0x1e c:/progra~1/jetbra~1/gcc-ar~1/bin/../lib/gcc/arm-none-eabi/8.3.1/thumb/v7e-m/nofp\libgcc.a(_arm_muldivdf3.o)
 .ARM.attributes
                0x000003e5       0x1e c:/progra~1/jetbra~1/gcc-ar~1/bin/../lib/gcc/arm-none-eabi/8.3.1/thumb/v7e-m/nofp\libgcc.a(_arm_truncdfsf2.o)
 .ARM.attributes
                0x00000403       0x1e c:/progra~1/jetbra~1/gcc-ar~1/bin/../lib/gcc/arm-none-eabi/8.3.1/thumb/v7e-m/nofp\libgcc.a(_aeabi_uldivmod.o)
 .ARM.attributes
                0x00000421       0x2e c:/progra~1/jetbra~1/gcc-ar~1/bin/../lib/gcc/arm-none-eabi/8.3.1/thumb/v7e-m/nofp\libgcc.a(_udivmoddi4.o)
 .ARM.attributes
                0x0000044f       0x1e c:/progra~1/jetbra~1/gcc-ar~1/bin/../lib/gcc/arm-none-eabi/8.3.1/thumb/v7e-m/nofp\libgcc.a(_dvmd_tls.o)
 .ARM.attributes
                0x0000046d       0x2e c:/progra~1/jetbra~1/gcc-ar~1/bin/../lib/gcc/arm-none-eabi/8.3.1/../../../../arm-none-eabi/lib/thumb/v7e-m/nofp\libg.a(lib_a-errno.o)
 .ARM.attributes
                0x0000049b       0x2e c:/progra~1/jetbra~1/gcc-ar~1/bin/../lib/gcc/arm-none-eabi/8.3.1/../../../../arm-none-eabi/lib/thumb/v7e-m/nofp\libg.a(lib_a-impure.o)
 .ARM.attributes
                0x000004c9       0x2e c:/progra~1/jetbra~1/gcc-ar~1/bin/../lib/gcc/arm-none-eabi/8.3.1/../../../../arm-none-eabi/lib/thumb/v7e-m/nofp\libg.a(lib_a-init.o)
 .ARM.attributes
                0x000004f7       0x2e c:/progra~1/jetbra~1/gcc-ar~1/bin/../lib/gcc/arm-none-eabi/8.3.1/../../../../arm-none-eabi/lib/thumb/v7e-m/nofp\libg.a(lib_a-memset.o)
 .ARM.attributes
                0x00000525       0x1c c:/progra~1/jetbra~1/gcc-ar~1/bin/../lib/gcc/arm-none-eabi/8.3.1/../../../../arm-none-eabi/lib/thumb/v7e-m/nofp\libg.a(lib_a-strlen.o)
 .ARM.attributes
                0x00000541       0x2e c:/progra~1/jetbra~1/gcc-ar~1/bin/../lib/gcc/arm-none-eabi/8.3.1/../../../../arm-none-eabi/lib/thumb/v7e-m/nofp\libg.a(lib_a-vsprintf.o)
 .ARM.attributes
                0x0000056f       0x2e c:/progra~1/jetbra~1/gcc-ar~1/bin/../lib/gcc/arm-none-eabi/8.3.1/../../../../arm-none-eabi/lib/thumb/v7e-m/nofp\libg.a(lib_a-__call_atexit.o)
 .ARM.attributes
                0x0000059d       0x2e c:/progra~1/jetbra~1/gcc-ar~1/bin/../lib/gcc/arm-none-eabi/8.3.1/../../../../arm-none-eabi/lib/thumb/v7e-m/nofp\libg.a(lib_a-atexit.o)
 .ARM.attributes
                0x000005cb       0x2e c:/progra~1/jetbra~1/gcc-ar~1/bin/../lib/gcc/arm-none-eabi/8.3.1/../../../../arm-none-eabi/lib/thumb/v7e-m/nofp\libg.a(lib_a-fini.o)
 .ARM.attributes
                0x000005f9       0x2e c:/progra~1/jetbra~1/gcc-ar~1/bin/../lib/gcc/arm-none-eabi/8.3.1/../../../../arm-none-eabi/lib/thumb/v7e-m/nofp\libg.a(lib_a-lock.o)
 .ARM.attributes
                0x00000627       0x2e c:/progra~1/jetbra~1/gcc-ar~1/bin/../lib/gcc/arm-none-eabi/8.3.1/../../../../arm-none-eabi/lib/thumb/v7e-m/nofp\libg.a(lib_a-svfprintf.o)
 .ARM.attributes
                0x00000655       0x2e c:/progra~1/jetbra~1/gcc-ar~1/bin/../lib/gcc/arm-none-eabi/8.3.1/../../../../arm-none-eabi/lib/thumb/v7e-m/nofp\libg.a(lib_a-__atexit.o)
 .ARM.attributes
                0x00000683       0x2e c:/progra~1/jetbra~1/gcc-ar~1/bin/../lib/gcc/arm-none-eabi/8.3.1/../../../../arm-none-eabi/lib/thumb/v7e-m/nofp\libg.a(lib_a-dtoa.o)
 .ARM.attributes
                0x000006b1       0x2e c:/progra~1/jetbra~1/gcc-ar~1/bin/../lib/gcc/arm-none-eabi/8.3.1/../../../../arm-none-eabi/lib/thumb/v7e-m/nofp\libg.a(lib_a-freer.o)
 .ARM.attributes
                0x000006df       0x2e c:/progra~1/jetbra~1/gcc-ar~1/bin/../lib/gcc/arm-none-eabi/8.3.1/../../../../arm-none-eabi/lib/thumb/v7e-m/nofp\libg.a(lib_a-localeconv.o)
 .ARM.attributes
                0x0000070d       0x2e c:/progra~1/jetbra~1/gcc-ar~1/bin/../lib/gcc/arm-none-eabi/8.3.1/../../../../arm-none-eabi/lib/thumb/v7e-m/nofp\libg.a(lib_a-mallocr.o)
 .ARM.attributes
                0x0000073b       0x1c c:/progra~1/jetbra~1/gcc-ar~1/bin/../lib/gcc/arm-none-eabi/8.3.1/../../../../arm-none-eabi/lib/thumb/v7e-m/nofp\libg.a(lib_a-memchr.o)
 .ARM.attributes
                0x00000757       0x1c c:/progra~1/jetbra~1/gcc-ar~1/bin/../lib/gcc/arm-none-eabi/8.3.1/../../../../arm-none-eabi/lib/thumb/v7e-m/nofp\libg.a(lib_a-memcpy.o)
 .ARM.attributes
                0x00000773       0x2e c:/progra~1/jetbra~1/gcc-ar~1/bin/../lib/gcc/arm-none-eabi/8.3.1/../../../../arm-none-eabi/lib/thumb/v7e-m/nofp\libg.a(lib_a-mlock.o)
 .ARM.attributes
                0x000007a1       0x2e c:/progra~1/jetbra~1/gcc-ar~1/bin/../lib/gcc/arm-none-eabi/8.3.1/../../../../arm-none-eabi/lib/thumb/v7e-m/nofp\libg.a(lib_a-mprec.o)
 .ARM.attributes
                0x000007cf       0x2e c:/progra~1/jetbra~1/gcc-ar~1/bin/../lib/gcc/arm-none-eabi/8.3.1/../../../../arm-none-eabi/lib/thumb/v7e-m/nofp\libg.a(lib_a-s_frexp.o)
 .ARM.attributes
                0x000007fd       0x2e c:/progra~1/jetbra~1/gcc-ar~1/bin/../lib/gcc/arm-none-eabi/8.3.1/../../../../arm-none-eabi/lib/thumb/v7e-m/nofp\libg.a(lib_a-sbrkr.o)
 .ARM.attributes
                0x0000082b       0x2e c:/progra~1/jetbra~1/gcc-ar~1/bin/../lib/gcc/arm-none-eabi/8.3.1/../../../../arm-none-eabi/lib/thumb/v7e-m/nofp\libg.a(lib_a-strncpy.o)
 .ARM.attributes
                0x00000859       0x2e c:/progra~1/jetbra~1/gcc-ar~1/bin/../lib/gcc/arm-none-eabi/8.3.1/../../../../arm-none-eabi/lib/thumb/v7e-m/nofp\libg.a(lib_a-svfiprintf.o)
 .ARM.attributes
                0x00000887       0x2e c:/progra~1/jetbra~1/gcc-ar~1/bin/../lib/gcc/arm-none-eabi/8.3.1/../../../../arm-none-eabi/lib/thumb/v7e-m/nofp\libg.a(lib_a-callocr.o)
 .ARM.attributes
                0x000008b5       0x2e c:/progra~1/jetbra~1/gcc-ar~1/bin/../lib/gcc/arm-none-eabi/8.3.1/../../../../arm-none-eabi/lib/thumb/v7e-m/nofp\libg.a(lib_a-locale.o)
 .ARM.attributes
                0x000008e3       0x2e c:/progra~1/jetbra~1/gcc-ar~1/bin/../lib/gcc/arm-none-eabi/8.3.1/../../../../arm-none-eabi/lib/thumb/v7e-m/nofp\libg.a(lib_a-mbtowc_r.o)
 .ARM.attributes
                0x00000911       0x2e c:/progra~1/jetbra~1/gcc-ar~1/bin/../lib/gcc/arm-none-eabi/8.3.1/../../../../arm-none-eabi/lib/thumb/v7e-m/nofp\libg.a(lib_a-memmove.o)
 .ARM.attributes
                0x0000093f       0x2e c:/progra~1/jetbra~1/gcc-ar~1/bin/../lib/gcc/arm-none-eabi/8.3.1/../../../../arm-none-eabi/lib/thumb/v7e-m/nofp\libg.a(lib_a-reallocr.o)
 .ARM.attributes
                0x0000096d       0x2e c:/progra~1/jetbra~1/gcc-ar~1/bin/../lib/gcc/arm-none-eabi/8.3.1/../../../../arm-none-eabi/lib/thumb/v7e-m/nofp\libg.a(lib_a-reent.o)
 .ARM.attributes
                0x0000099b       0x2e c:/progra~1/jetbra~1/gcc-ar~1/bin/../lib/gcc/arm-none-eabi/8.3.1/../../../../arm-none-eabi/lib/thumb/v7e-m/nofp\libg.a(lib_a-wctomb_r.o)
 .ARM.attributes
                0x000009c9       0x2e c:/progra~1/jetbra~1/gcc-ar~1/bin/../lib/gcc/arm-none-eabi/8.3.1/../../../../arm-none-eabi/lib/thumb/v7e-m/nofp\libg.a(lib_a-ctype_.o)
 .ARM.attributes
                0x000009f7       0x1e c:/progra~1/jetbra~1/gcc-ar~1/bin/../lib/gcc/arm-none-eabi/8.3.1/thumb/v7e-m/nofp\libgcc.a(_arm_cmpdf2.o)
 .ARM.attributes
                0x00000a15       0x1e c:/progra~1/jetbra~1/gcc-ar~1/bin/../lib/gcc/arm-none-eabi/8.3.1/thumb/v7e-m/nofp\libgcc.a(_arm_unorddf2.o)
 .ARM.attributes
                0x00000a33       0x1e c:/progra~1/jetbra~1/gcc-ar~1/bin/../lib/gcc/arm-none-eabi/8.3.1/thumb/v7e-m/nofp\libgcc.a(_arm_fixdfsi.o)
 .ARM.attributes
                0x00000a51       0x1e c:/progra~1/jetbra~1/gcc-ar~1/bin/../lib/gcc/arm-none-eabi/8.3.1/thumb/v7e-m/nofp/crtn.o
OUTPUT(TestLCDi2c.elf elf32-littlearm)

.debug_info     0x00000000    0x15332
 .debug_info    0x00000000      0x715 CMakeFiles/TestLCDi2c.elf.dir/Core/Src/DHT.c.obj
 .debug_info    0x00000715      0x8cd CMakeFiles/TestLCDi2c.elf.dir/Core/Src/Timer_Delay.c.obj
 .debug_info    0x00000fe2     0x17bd CMakeFiles/TestLCDi2c.elf.dir/Core/Src/lcd16x2_i2c.c.obj
 .debug_info    0x0000279f     0x199e CMakeFiles/TestLCDi2c.elf.dir/Core/Src/main.c.obj
 .debug_info    0x0000413d     0x1327 CMakeFiles/TestLCDi2c.elf.dir/Core/Src/mg811.c.obj
 .debug_info    0x00005464     0x137e CMakeFiles/TestLCDi2c.elf.dir/Core/Src/stm32f4xx_hal_msp.c.obj
 .debug_info    0x000067e2      0x74e CMakeFiles/TestLCDi2c.elf.dir/Core/Src/stm32f4xx_it.c.obj
 .debug_info    0x00006f30      0xa3a CMakeFiles/TestLCDi2c.elf.dir/Core/Src/sysmem.c.obj
 .debug_info    0x0000796a      0x5e5 CMakeFiles/TestLCDi2c.elf.dir/Core/Src/system_stm32f4xx.c.obj
 .debug_info    0x00007f4f       0x22 CMakeFiles/TestLCDi2c.elf.dir/Core/Startup/startup_stm32f411vetx.s.obj
 .debug_info    0x00007f71      0xa0b CMakeFiles/TestLCDi2c.elf.dir/Drivers/STM32F4xx_HAL_Driver/Src/stm32f4xx_hal.c.obj
 .debug_info    0x0000897c      0xf6d CMakeFiles/TestLCDi2c.elf.dir/Drivers/STM32F4xx_HAL_Driver/Src/stm32f4xx_hal_adc.c.obj
 .debug_info    0x000098e9      0xd71 CMakeFiles/TestLCDi2c.elf.dir/Drivers/STM32F4xx_HAL_Driver/Src/stm32f4xx_hal_adc_ex.c.obj
 .debug_info    0x0000a65a     0x10d6 CMakeFiles/TestLCDi2c.elf.dir/Drivers/STM32F4xx_HAL_Driver/Src/stm32f4xx_hal_cortex.c.obj
 .debug_info    0x0000b730      0x893 CMakeFiles/TestLCDi2c.elf.dir/Drivers/STM32F4xx_HAL_Driver/Src/stm32f4xx_hal_gpio.c.obj
 .debug_info    0x0000bfc3     0x3936 CMakeFiles/TestLCDi2c.elf.dir/Drivers/STM32F4xx_HAL_Driver/Src/stm32f4xx_hal_i2c.c.obj
 .debug_info    0x0000f8f9      0xb85 CMakeFiles/TestLCDi2c.elf.dir/Drivers/STM32F4xx_HAL_Driver/Src/stm32f4xx_hal_rcc.c.obj
 .debug_info    0x0001047e     0x3785 CMakeFiles/TestLCDi2c.elf.dir/Drivers/STM32F4xx_HAL_Driver/Src/stm32f4xx_hal_tim.c.obj
 .debug_info    0x00013c03     0x172f CMakeFiles/TestLCDi2c.elf.dir/Drivers/STM32F4xx_HAL_Driver/Src/stm32f4xx_hal_tim_ex.c.obj

.debug_abbrev   0x00000000     0x2c2e
 .debug_abbrev  0x00000000      0x266 CMakeFiles/TestLCDi2c.elf.dir/Core/Src/DHT.c.obj
 .debug_abbrev  0x00000266      0x1d8 CMakeFiles/TestLCDi2c.elf.dir/Core/Src/Timer_Delay.c.obj
 .debug_abbrev  0x0000043e      0x3d0 CMakeFiles/TestLCDi2c.elf.dir/Core/Src/lcd16x2_i2c.c.obj
 .debug_abbrev  0x0000080e      0x2c8 CMakeFiles/TestLCDi2c.elf.dir/Core/Src/main.c.obj
 .debug_abbrev  0x00000ad6      0x34c CMakeFiles/TestLCDi2c.elf.dir/Core/Src/mg811.c.obj
 .debug_abbrev  0x00000e22      0x209 CMakeFiles/TestLCDi2c.elf.dir/Core/Src/stm32f4xx_hal_msp.c.obj
 .debug_abbrev  0x0000102b      0x164 CMakeFiles/TestLCDi2c.elf.dir/Core/Src/stm32f4xx_it.c.obj
 .debug_abbrev  0x0000118f      0x23e CMakeFiles/TestLCDi2c.elf.dir/Core/Src/sysmem.c.obj
 .debug_abbrev  0x000013cd      0x148 CMakeFiles/TestLCDi2c.elf.dir/Core/Src/system_stm32f4xx.c.obj
 .debug_abbrev  0x00001515       0x12 CMakeFiles/TestLCDi2c.elf.dir/Core/Startup/startup_stm32f411vetx.s.obj
 .debug_abbrev  0x00001527      0x24a CMakeFiles/TestLCDi2c.elf.dir/Drivers/STM32F4xx_HAL_Driver/Src/stm32f4xx_hal.c.obj
 .debug_abbrev  0x00001771      0x235 CMakeFiles/TestLCDi2c.elf.dir/Drivers/STM32F4xx_HAL_Driver/Src/stm32f4xx_hal_adc.c.obj
 .debug_abbrev  0x000019a6      0x27f CMakeFiles/TestLCDi2c.elf.dir/Drivers/STM32F4xx_HAL_Driver/Src/stm32f4xx_hal_adc_ex.c.obj
 .debug_abbrev  0x00001c25      0x39b CMakeFiles/TestLCDi2c.elf.dir/Drivers/STM32F4xx_HAL_Driver/Src/stm32f4xx_hal_cortex.c.obj
 .debug_abbrev  0x00001fc0      0x21c CMakeFiles/TestLCDi2c.elf.dir/Drivers/STM32F4xx_HAL_Driver/Src/stm32f4xx_hal_gpio.c.obj
 .debug_abbrev  0x000021dc      0x2bc CMakeFiles/TestLCDi2c.elf.dir/Drivers/STM32F4xx_HAL_Driver/Src/stm32f4xx_hal_i2c.c.obj
 .debug_abbrev  0x00002498      0x2ae CMakeFiles/TestLCDi2c.elf.dir/Drivers/STM32F4xx_HAL_Driver/Src/stm32f4xx_hal_rcc.c.obj
 .debug_abbrev  0x00002746      0x269 CMakeFiles/TestLCDi2c.elf.dir/Drivers/STM32F4xx_HAL_Driver/Src/stm32f4xx_hal_tim.c.obj
 .debug_abbrev  0x000029af      0x27f CMakeFiles/TestLCDi2c.elf.dir/Drivers/STM32F4xx_HAL_Driver/Src/stm32f4xx_hal_tim_ex.c.obj

.debug_loc      0x00000000     0xc87c
 .debug_loc     0x00000000      0x188 CMakeFiles/TestLCDi2c.elf.dir/Core/Src/DHT.c.obj
 .debug_loc     0x00000188      0x37a CMakeFiles/TestLCDi2c.elf.dir/Core/Src/lcd16x2_i2c.c.obj
 .debug_loc     0x00000502       0x9a CMakeFiles/TestLCDi2c.elf.dir/Core/Src/main.c.obj
 .debug_loc     0x0000059c      0x1f1 CMakeFiles/TestLCDi2c.elf.dir/Core/Src/mg811.c.obj
 .debug_loc     0x0000078d       0xeb CMakeFiles/TestLCDi2c.elf.dir/Core/Src/stm32f4xx_hal_msp.c.obj
 .debug_loc     0x00000878       0x64 CMakeFiles/TestLCDi2c.elf.dir/Core/Src/sysmem.c.obj
 .debug_loc     0x000008dc      0x16c CMakeFiles/TestLCDi2c.elf.dir/Core/Src/system_stm32f4xx.c.obj
 .debug_loc     0x00000a48      0x141 CMakeFiles/TestLCDi2c.elf.dir/Drivers/STM32F4xx_HAL_Driver/Src/stm32f4xx_hal.c.obj
 .debug_loc     0x00000b89      0xab2 CMakeFiles/TestLCDi2c.elf.dir/Drivers/STM32F4xx_HAL_Driver/Src/stm32f4xx_hal_adc.c.obj
 .debug_loc     0x0000163b      0xa1d CMakeFiles/TestLCDi2c.elf.dir/Drivers/STM32F4xx_HAL_Driver/Src/stm32f4xx_hal_adc_ex.c.obj
 .debug_loc     0x00002058      0x700 CMakeFiles/TestLCDi2c.elf.dir/Drivers/STM32F4xx_HAL_Driver/Src/stm32f4xx_hal_cortex.c.obj
 .debug_loc     0x00002758      0x50f CMakeFiles/TestLCDi2c.elf.dir/Drivers/STM32F4xx_HAL_Driver/Src/stm32f4xx_hal_gpio.c.obj
 .debug_loc     0x00002c67     0x3f39 CMakeFiles/TestLCDi2c.elf.dir/Drivers/STM32F4xx_HAL_Driver/Src/stm32f4xx_hal_i2c.c.obj
 .debug_loc     0x00006ba0      0x558 CMakeFiles/TestLCDi2c.elf.dir/Drivers/STM32F4xx_HAL_Driver/Src/stm32f4xx_hal_rcc.c.obj
 .debug_loc     0x000070f8     0x43d7 CMakeFiles/TestLCDi2c.elf.dir/Drivers/STM32F4xx_HAL_Driver/Src/stm32f4xx_hal_tim.c.obj
 .debug_loc     0x0000b4cf     0x13ad CMakeFiles/TestLCDi2c.elf.dir/Drivers/STM32F4xx_HAL_Driver/Src/stm32f4xx_hal_tim_ex.c.obj

.debug_aranges  0x00000000      0xe70
 .debug_aranges
                0x00000000       0x48 CMakeFiles/TestLCDi2c.elf.dir/Core/Src/DHT.c.obj
 .debug_aranges
                0x00000048       0x30 CMakeFiles/TestLCDi2c.elf.dir/Core/Src/Timer_Delay.c.obj
 .debug_aranges
                0x00000078       0xa0 CMakeFiles/TestLCDi2c.elf.dir/Core/Src/lcd16x2_i2c.c.obj
 .debug_aranges
                0x00000118       0x68 CMakeFiles/TestLCDi2c.elf.dir/Core/Src/main.c.obj
 .debug_aranges
                0x00000180       0x48 CMakeFiles/TestLCDi2c.elf.dir/Core/Src/mg811.c.obj
 .debug_aranges
                0x000001c8       0x50 CMakeFiles/TestLCDi2c.elf.dir/Core/Src/stm32f4xx_hal_msp.c.obj
 .debug_aranges
                0x00000218       0x68 CMakeFiles/TestLCDi2c.elf.dir/Core/Src/stm32f4xx_it.c.obj
 .debug_aranges
                0x00000280       0x20 CMakeFiles/TestLCDi2c.elf.dir/Core/Src/sysmem.c.obj
 .debug_aranges
                0x000002a0       0x28 CMakeFiles/TestLCDi2c.elf.dir/Core/Src/system_stm32f4xx.c.obj
 .debug_aranges
                0x000002c8       0x28 CMakeFiles/TestLCDi2c.elf.dir/Core/Startup/startup_stm32f411vetx.s.obj
 .debug_aranges
                0x000002f0       0xf0 CMakeFiles/TestLCDi2c.elf.dir/Drivers/STM32F4xx_HAL_Driver/Src/stm32f4xx_hal.c.obj
 .debug_aranges
                0x000003e0       0xe8 CMakeFiles/TestLCDi2c.elf.dir/Drivers/STM32F4xx_HAL_Driver/Src/stm32f4xx_hal_adc.c.obj
 .debug_aranges
                0x000004c8       0x90 CMakeFiles/TestLCDi2c.elf.dir/Drivers/STM32F4xx_HAL_Driver/Src/stm32f4xx_hal_adc_ex.c.obj
 .debug_aranges
                0x00000558       0xa8 CMakeFiles/TestLCDi2c.elf.dir/Drivers/STM32F4xx_HAL_Driver/Src/stm32f4xx_hal_cortex.c.obj
 .debug_aranges
                0x00000600       0x58 CMakeFiles/TestLCDi2c.elf.dir/Drivers/STM32F4xx_HAL_Driver/Src/stm32f4xx_hal_gpio.c.obj
 .debug_aranges
                0x00000658      0x298 CMakeFiles/TestLCDi2c.elf.dir/Drivers/STM32F4xx_HAL_Driver/Src/stm32f4xx_hal_i2c.c.obj
 .debug_aranges
                0x000008f0       0x88 CMakeFiles/TestLCDi2c.elf.dir/Drivers/STM32F4xx_HAL_Driver/Src/stm32f4xx_hal_rcc.c.obj
 .debug_aranges
                0x00000978      0x3a8 CMakeFiles/TestLCDi2c.elf.dir/Drivers/STM32F4xx_HAL_Driver/Src/stm32f4xx_hal_tim.c.obj
 .debug_aranges
                0x00000d20      0x150 CMakeFiles/TestLCDi2c.elf.dir/Drivers/STM32F4xx_HAL_Driver/Src/stm32f4xx_hal_tim_ex.c.obj

.debug_ranges   0x00000000      0xdd8
 .debug_ranges  0x00000000       0x38 CMakeFiles/TestLCDi2c.elf.dir/Core/Src/DHT.c.obj
 .debug_ranges  0x00000038       0x20 CMakeFiles/TestLCDi2c.elf.dir/Core/Src/Timer_Delay.c.obj
 .debug_ranges  0x00000058       0x90 CMakeFiles/TestLCDi2c.elf.dir/Core/Src/lcd16x2_i2c.c.obj
 .debug_ranges  0x000000e8       0x58 CMakeFiles/TestLCDi2c.elf.dir/Core/Src/main.c.obj
 .debug_ranges  0x00000140       0x50 CMakeFiles/TestLCDi2c.elf.dir/Core/Src/mg811.c.obj
 .debug_ranges  0x00000190       0x40 CMakeFiles/TestLCDi2c.elf.dir/Core/Src/stm32f4xx_hal_msp.c.obj
 .debug_ranges  0x000001d0       0x58 CMakeFiles/TestLCDi2c.elf.dir/Core/Src/stm32f4xx_it.c.obj
 .debug_ranges  0x00000228       0x10 CMakeFiles/TestLCDi2c.elf.dir/Core/Src/sysmem.c.obj
 .debug_ranges  0x00000238       0x18 CMakeFiles/TestLCDi2c.elf.dir/Core/Src/system_stm32f4xx.c.obj
 .debug_ranges  0x00000250       0x20 CMakeFiles/TestLCDi2c.elf.dir/Core/Startup/startup_stm32f411vetx.s.obj
 .debug_ranges  0x00000270       0xe0 CMakeFiles/TestLCDi2c.elf.dir/Drivers/STM32F4xx_HAL_Driver/Src/stm32f4xx_hal.c.obj
 .debug_ranges  0x00000350       0xd8 CMakeFiles/TestLCDi2c.elf.dir/Drivers/STM32F4xx_HAL_Driver/Src/stm32f4xx_hal_adc.c.obj
 .debug_ranges  0x00000428       0x80 CMakeFiles/TestLCDi2c.elf.dir/Drivers/STM32F4xx_HAL_Driver/Src/stm32f4xx_hal_adc_ex.c.obj
 .debug_ranges  0x000004a8       0xe0 CMakeFiles/TestLCDi2c.elf.dir/Drivers/STM32F4xx_HAL_Driver/Src/stm32f4xx_hal_cortex.c.obj
 .debug_ranges  0x00000588       0x48 CMakeFiles/TestLCDi2c.elf.dir/Drivers/STM32F4xx_HAL_Driver/Src/stm32f4xx_hal_gpio.c.obj
 .debug_ranges  0x000005d0      0x2a0 CMakeFiles/TestLCDi2c.elf.dir/Drivers/STM32F4xx_HAL_Driver/Src/stm32f4xx_hal_i2c.c.obj
 .debug_ranges  0x00000870       0x90 CMakeFiles/TestLCDi2c.elf.dir/Drivers/STM32F4xx_HAL_Driver/Src/stm32f4xx_hal_rcc.c.obj
 .debug_ranges  0x00000900      0x398 CMakeFiles/TestLCDi2c.elf.dir/Drivers/STM32F4xx_HAL_Driver/Src/stm32f4xx_hal_tim.c.obj
 .debug_ranges  0x00000c98      0x140 CMakeFiles/TestLCDi2c.elf.dir/Drivers/STM32F4xx_HAL_Driver/Src/stm32f4xx_hal_tim_ex.c.obj

.debug_line     0x00000000     0xf992
 .debug_line    0x00000000      0x499 CMakeFiles/TestLCDi2c.elf.dir/Core/Src/DHT.c.obj
 .debug_line    0x00000499      0x3d3 CMakeFiles/TestLCDi2c.elf.dir/Core/Src/Timer_Delay.c.obj
 .debug_line    0x0000086c      0x701 CMakeFiles/TestLCDi2c.elf.dir/Core/Src/lcd16x2_i2c.c.obj
 .debug_line    0x00000f6d      0x6f6 CMakeFiles/TestLCDi2c.elf.dir/Core/Src/main.c.obj
 .debug_line    0x00001663      0x4ba CMakeFiles/TestLCDi2c.elf.dir/Core/Src/mg811.c.obj
 .debug_line    0x00001b1d      0x461 CMakeFiles/TestLCDi2c.elf.dir/Core/Src/stm32f4xx_hal_msp.c.obj
 .debug_line    0x00001f7e      0x360 CMakeFiles/TestLCDi2c.elf.dir/Core/Src/stm32f4xx_it.c.obj
 .debug_line    0x000022de      0x1cb CMakeFiles/TestLCDi2c.elf.dir/Core/Src/sysmem.c.obj
 .debug_line    0x000024a9      0x2fc CMakeFiles/TestLCDi2c.elf.dir/Core/Src/system_stm32f4xx.c.obj
 .debug_line    0x000027a5       0xaa CMakeFiles/TestLCDi2c.elf.dir/Core/Startup/startup_stm32f411vetx.s.obj
 .debug_line    0x0000284f      0x5d4 CMakeFiles/TestLCDi2c.elf.dir/Drivers/STM32F4xx_HAL_Driver/Src/stm32f4xx_hal.c.obj
 .debug_line    0x00002e23     0x1003 CMakeFiles/TestLCDi2c.elf.dir/Drivers/STM32F4xx_HAL_Driver/Src/stm32f4xx_hal_adc.c.obj
 .debug_line    0x00003e26      0xc9e CMakeFiles/TestLCDi2c.elf.dir/Drivers/STM32F4xx_HAL_Driver/Src/stm32f4xx_hal_adc_ex.c.obj
 .debug_line    0x00004ac4      0x80d CMakeFiles/TestLCDi2c.elf.dir/Drivers/STM32F4xx_HAL_Driver/Src/stm32f4xx_hal_cortex.c.obj
 .debug_line    0x000052d1      0x75b CMakeFiles/TestLCDi2c.elf.dir/Drivers/STM32F4xx_HAL_Driver/Src/stm32f4xx_hal_gpio.c.obj
 .debug_line    0x00005a2c     0x4ee0 CMakeFiles/TestLCDi2c.elf.dir/Drivers/STM32F4xx_HAL_Driver/Src/stm32f4xx_hal_i2c.c.obj
 .debug_line    0x0000a90c      0xb6a CMakeFiles/TestLCDi2c.elf.dir/Drivers/STM32F4xx_HAL_Driver/Src/stm32f4xx_hal_rcc.c.obj
 .debug_line    0x0000b476     0x3400 CMakeFiles/TestLCDi2c.elf.dir/Drivers/STM32F4xx_HAL_Driver/Src/stm32f4xx_hal_tim.c.obj
 .debug_line    0x0000e876     0x111c CMakeFiles/TestLCDi2c.elf.dir/Drivers/STM32F4xx_HAL_Driver/Src/stm32f4xx_hal_tim_ex.c.obj

.debug_str      0x00000000     0x4b94
 .debug_str     0x00000000      0x406 CMakeFiles/TestLCDi2c.elf.dir/Core/Src/DHT.c.obj
                                0x470 (size before relaxing)
 .debug_str     0x00000406      0x59b CMakeFiles/TestLCDi2c.elf.dir/Core/Src/Timer_Delay.c.obj
                                0x8aa (size before relaxing)
 .debug_str     0x000009a1      0x93a CMakeFiles/TestLCDi2c.elf.dir/Core/Src/lcd16x2_i2c.c.obj
                                0xec6 (size before relaxing)
 .debug_str     0x000012db      0x587 CMakeFiles/TestLCDi2c.elf.dir/Core/Src/main.c.obj
                               0x11ce (size before relaxing)
 .debug_str     0x00001862      0x10d CMakeFiles/TestLCDi2c.elf.dir/Core/Src/mg811.c.obj
                                0xc24 (size before relaxing)
 .debug_str     0x0000196f      0x4cf CMakeFiles/TestLCDi2c.elf.dir/Core/Src/stm32f4xx_hal_msp.c.obj
                               0x114f (size before relaxing)
 .debug_str     0x00001e3e       0xef CMakeFiles/TestLCDi2c.elf.dir/Core/Src/stm32f4xx_it.c.obj
                                0x775 (size before relaxing)
 .debug_str     0x00001f2d       0xb9 CMakeFiles/TestLCDi2c.elf.dir/Core/Src/sysmem.c.obj
                                0x672 (size before relaxing)
 .debug_str     0x00001fe6       0xd4 CMakeFiles/TestLCDi2c.elf.dir/Core/Src/system_stm32f4xx.c.obj
                                0x481 (size before relaxing)
 .debug_str     0x000020ba       0x5b CMakeFiles/TestLCDi2c.elf.dir/Core/Startup/startup_stm32f411vetx.s.obj
                                 0x95 (size before relaxing)
 .debug_str     0x00002115      0x2cf CMakeFiles/TestLCDi2c.elf.dir/Drivers/STM32F4xx_HAL_Driver/Src/stm32f4xx_hal.c.obj
                                0xabb (size before relaxing)
 .debug_str     0x000023e4      0x293 CMakeFiles/TestLCDi2c.elf.dir/Drivers/STM32F4xx_HAL_Driver/Src/stm32f4xx_hal_adc.c.obj
                                0xa69 (size before relaxing)
 .debug_str     0x00002677      0x304 CMakeFiles/TestLCDi2c.elf.dir/Drivers/STM32F4xx_HAL_Driver/Src/stm32f4xx_hal_adc_ex.c.obj
                                0xacc (size before relaxing)
 .debug_str     0x0000297b      0x445 CMakeFiles/TestLCDi2c.elf.dir/Drivers/STM32F4xx_HAL_Driver/Src/stm32f4xx_hal_cortex.c.obj
                                0xbe8 (size before relaxing)
 .debug_str     0x00002dc0      0x128 CMakeFiles/TestLCDi2c.elf.dir/Drivers/STM32F4xx_HAL_Driver/Src/stm32f4xx_hal_gpio.c.obj
                                0x618 (size before relaxing)
 .debug_str     0x00002ee8      0x8a5 CMakeFiles/TestLCDi2c.elf.dir/Drivers/STM32F4xx_HAL_Driver/Src/stm32f4xx_hal_i2c.c.obj
                               0x1140 (size before relaxing)
 .debug_str     0x0000378d      0x184 CMakeFiles/TestLCDi2c.elf.dir/Drivers/STM32F4xx_HAL_Driver/Src/stm32f4xx_hal_rcc.c.obj
                                0x7f6 (size before relaxing)
 .debug_str     0x00003911      0xd86 CMakeFiles/TestLCDi2c.elf.dir/Drivers/STM32F4xx_HAL_Driver/Src/stm32f4xx_hal_tim.c.obj
                               0x15e3 (size before relaxing)
 .debug_str     0x00004697      0x4fd CMakeFiles/TestLCDi2c.elf.dir/Drivers/STM32F4xx_HAL_Driver/Src/stm32f4xx_hal_tim_ex.c.obj
                                0xdfb (size before relaxing)

.comment        0x00000000       0x76
 .comment       0x00000000       0x76 CMakeFiles/TestLCDi2c.elf.dir/Core/Src/DHT.c.obj
                                 0x77 (size before relaxing)
 .comment       0x00000076       0x77 CMakeFiles/TestLCDi2c.elf.dir/Core/Src/Timer_Delay.c.obj
 .comment       0x00000076       0x77 CMakeFiles/TestLCDi2c.elf.dir/Core/Src/lcd16x2_i2c.c.obj
 .comment       0x00000076       0x77 CMakeFiles/TestLCDi2c.elf.dir/Core/Src/main.c.obj
 .comment       0x00000076       0x77 CMakeFiles/TestLCDi2c.elf.dir/Core/Src/mg811.c.obj
 .comment       0x00000076       0x77 CMakeFiles/TestLCDi2c.elf.dir/Core/Src/stm32f4xx_hal_msp.c.obj
 .comment       0x00000076       0x77 CMakeFiles/TestLCDi2c.elf.dir/Core/Src/stm32f4xx_it.c.obj
 .comment       0x00000076       0x77 CMakeFiles/TestLCDi2c.elf.dir/Core/Src/sysmem.c.obj
 .comment       0x00000076       0x77 CMakeFiles/TestLCDi2c.elf.dir/Core/Src/system_stm32f4xx.c.obj
 .comment       0x00000076       0x77 CMakeFiles/TestLCDi2c.elf.dir/Drivers/STM32F4xx_HAL_Driver/Src/stm32f4xx_hal.c.obj
 .comment       0x00000076       0x77 CMakeFiles/TestLCDi2c.elf.dir/Drivers/STM32F4xx_HAL_Driver/Src/stm32f4xx_hal_adc.c.obj
 .comment       0x00000076       0x77 CMakeFiles/TestLCDi2c.elf.dir/Drivers/STM32F4xx_HAL_Driver/Src/stm32f4xx_hal_adc_ex.c.obj
 .comment       0x00000076       0x77 CMakeFiles/TestLCDi2c.elf.dir/Drivers/STM32F4xx_HAL_Driver/Src/stm32f4xx_hal_cortex.c.obj
 .comment       0x00000076       0x77 CMakeFiles/TestLCDi2c.elf.dir/Drivers/STM32F4xx_HAL_Driver/Src/stm32f4xx_hal_gpio.c.obj
 .comment       0x00000076       0x77 CMakeFiles/TestLCDi2c.elf.dir/Drivers/STM32F4xx_HAL_Driver/Src/stm32f4xx_hal_i2c.c.obj
 .comment       0x00000076       0x77 CMakeFiles/TestLCDi2c.elf.dir/Drivers/STM32F4xx_HAL_Driver/Src/stm32f4xx_hal_rcc.c.obj
 .comment       0x00000076       0x77 CMakeFiles/TestLCDi2c.elf.dir/Drivers/STM32F4xx_HAL_Driver/Src/stm32f4xx_hal_tim.c.obj
 .comment       0x00000076       0x77 CMakeFiles/TestLCDi2c.elf.dir/Drivers/STM32F4xx_HAL_Driver/Src/stm32f4xx_hal_tim_ex.c.obj

.debug_frame    0x00000000     0x33e4
 .debug_frame   0x00000000       0xb4 CMakeFiles/TestLCDi2c.elf.dir/Core/Src/DHT.c.obj
 .debug_frame   0x000000b4       0x60 CMakeFiles/TestLCDi2c.elf.dir/Core/Src/Timer_Delay.c.obj
 .debug_frame   0x00000114      0x1d8 CMakeFiles/TestLCDi2c.elf.dir/Core/Src/lcd16x2_i2c.c.obj
 .debug_frame   0x000002ec      0x124 CMakeFiles/TestLCDi2c.elf.dir/Core/Src/main.c.obj
 .debug_frame   0x00000410       0x9c CMakeFiles/TestLCDi2c.elf.dir/Core/Src/mg811.c.obj
 .debug_frame   0x000004ac       0xc8 CMakeFiles/TestLCDi2c.elf.dir/Core/Src/stm32f4xx_hal_msp.c.obj
 .debug_frame   0x00000574       0xc0 CMakeFiles/TestLCDi2c.elf.dir/Core/Src/stm32f4xx_it.c.obj
 .debug_frame   0x00000634       0x28 CMakeFiles/TestLCDi2c.elf.dir/Core/Src/sysmem.c.obj
 .debug_frame   0x0000065c       0x30 CMakeFiles/TestLCDi2c.elf.dir/Core/Src/system_stm32f4xx.c.obj
 .debug_frame   0x0000068c      0x1ec CMakeFiles/TestLCDi2c.elf.dir/Drivers/STM32F4xx_HAL_Driver/Src/stm32f4xx_hal.c.obj
 .debug_frame   0x00000878      0x27c CMakeFiles/TestLCDi2c.elf.dir/Drivers/STM32F4xx_HAL_Driver/Src/stm32f4xx_hal_adc.c.obj
 .debug_frame   0x00000af4      0x18c CMakeFiles/TestLCDi2c.elf.dir/Drivers/STM32F4xx_HAL_Driver/Src/stm32f4xx_hal_adc_ex.c.obj
 .debug_frame   0x00000c80      0x15c CMakeFiles/TestLCDi2c.elf.dir/Drivers/STM32F4xx_HAL_Driver/Src/stm32f4xx_hal_cortex.c.obj
 .debug_frame   0x00000ddc       0xd8 CMakeFiles/TestLCDi2c.elf.dir/Drivers/STM32F4xx_HAL_Driver/Src/stm32f4xx_hal_gpio.c.obj
 .debug_frame   0x00000eb4      0x91c CMakeFiles/TestLCDi2c.elf.dir/Drivers/STM32F4xx_HAL_Driver/Src/stm32f4xx_hal_i2c.c.obj
 .debug_frame   0x000017d0      0x178 CMakeFiles/TestLCDi2c.elf.dir/Drivers/STM32F4xx_HAL_Driver/Src/stm32f4xx_hal_rcc.c.obj
 .debug_frame   0x00001948      0xa90 CMakeFiles/TestLCDi2c.elf.dir/Drivers/STM32F4xx_HAL_Driver/Src/stm32f4xx_hal_tim.c.obj
 .debug_frame   0x000023d8      0x3b4 CMakeFiles/TestLCDi2c.elf.dir/Drivers/STM32F4xx_HAL_Driver/Src/stm32f4xx_hal_tim_ex.c.obj
 .debug_frame   0x0000278c       0xac c:/progra~1/jetbra~1/gcc-ar~1/bin/../lib/gcc/arm-none-eabi/8.3.1/thumb/v7e-m/nofp\libgcc.a(_arm_addsubdf3.o)
 .debug_frame   0x00002838       0x50 c:/progra~1/jetbra~1/gcc-ar~1/bin/../lib/gcc/arm-none-eabi/8.3.1/thumb/v7e-m/nofp\libgcc.a(_arm_muldivdf3.o)
 .debug_frame   0x00002888       0x24 c:/progra~1/jetbra~1/gcc-ar~1/bin/../lib/gcc/arm-none-eabi/8.3.1/thumb/v7e-m/nofp\libgcc.a(_arm_truncdfsf2.o)
 .debug_frame   0x000028ac       0x2c c:/progra~1/jetbra~1/gcc-ar~1/bin/../lib/gcc/arm-none-eabi/8.3.1/thumb/v7e-m/nofp\libgcc.a(_aeabi_uldivmod.o)
 .debug_frame   0x000028d8       0x34 c:/progra~1/jetbra~1/gcc-ar~1/bin/../lib/gcc/arm-none-eabi/8.3.1/thumb/v7e-m/nofp\libgcc.a(_udivmoddi4.o)
 .debug_frame   0x0000290c       0x20 c:/progra~1/jetbra~1/gcc-ar~1/bin/../lib/gcc/arm-none-eabi/8.3.1/../../../../arm-none-eabi/lib/thumb/v7e-m/nofp\libg.a(lib_a-errno.o)
 .debug_frame   0x0000292c       0x2c c:/progra~1/jetbra~1/gcc-ar~1/bin/../lib/gcc/arm-none-eabi/8.3.1/../../../../arm-none-eabi/lib/thumb/v7e-m/nofp\libg.a(lib_a-init.o)
 .debug_frame   0x00002958       0x38 c:/progra~1/jetbra~1/gcc-ar~1/bin/../lib/gcc/arm-none-eabi/8.3.1/../../../../arm-none-eabi/lib/thumb/v7e-m/nofp\libg.a(lib_a-memset.o)
 .debug_frame   0x00002990       0x4c c:/progra~1/jetbra~1/gcc-ar~1/bin/../lib/gcc/arm-none-eabi/8.3.1/../../../../arm-none-eabi/lib/thumb/v7e-m/nofp\libg.a(lib_a-vsprintf.o)
 .debug_frame   0x000029dc       0x5c c:/progra~1/jetbra~1/gcc-ar~1/bin/../lib/gcc/arm-none-eabi/8.3.1/../../../../arm-none-eabi/lib/thumb/v7e-m/nofp\libg.a(lib_a-__call_atexit.o)
 .debug_frame   0x00002a38       0x20 c:/progra~1/jetbra~1/gcc-ar~1/bin/../lib/gcc/arm-none-eabi/8.3.1/../../../../arm-none-eabi/lib/thumb/v7e-m/nofp\libg.a(lib_a-atexit.o)
 .debug_frame   0x00002a58       0x34 c:/progra~1/jetbra~1/gcc-ar~1/bin/../lib/gcc/arm-none-eabi/8.3.1/../../../../arm-none-eabi/lib/thumb/v7e-m/nofp\libg.a(lib_a-fini.o)
 .debug_frame   0x00002a8c       0xb0 c:/progra~1/jetbra~1/gcc-ar~1/bin/../lib/gcc/arm-none-eabi/8.3.1/../../../../arm-none-eabi/lib/thumb/v7e-m/nofp\libg.a(lib_a-lock.o)
 .debug_frame   0x00002b3c       0x44 c:/progra~1/jetbra~1/gcc-ar~1/bin/../lib/gcc/arm-none-eabi/8.3.1/../../../../arm-none-eabi/lib/thumb/v7e-m/nofp\libg.a(lib_a-svfprintf.o)
 .debug_frame   0x00002b80       0x30 c:/progra~1/jetbra~1/gcc-ar~1/bin/../lib/gcc/arm-none-eabi/8.3.1/../../../../arm-none-eabi/lib/thumb/v7e-m/nofp\libg.a(lib_a-__atexit.o)
 .debug_frame   0x00002bb0       0x8c c:/progra~1/jetbra~1/gcc-ar~1/bin/../lib/gcc/arm-none-eabi/8.3.1/../../../../arm-none-eabi/lib/thumb/v7e-m/nofp\libg.a(lib_a-dtoa.o)
 .debug_frame   0x00002c3c       0x8c c:/progra~1/jetbra~1/gcc-ar~1/bin/../lib/gcc/arm-none-eabi/8.3.1/../../../../arm-none-eabi/lib/thumb/v7e-m/nofp\libg.a(lib_a-freer.o)
 .debug_frame   0x00002cc8       0x40 c:/progra~1/jetbra~1/gcc-ar~1/bin/../lib/gcc/arm-none-eabi/8.3.1/../../../../arm-none-eabi/lib/thumb/v7e-m/nofp\libg.a(lib_a-localeconv.o)
 .debug_frame   0x00002d08       0x4c c:/progra~1/jetbra~1/gcc-ar~1/bin/../lib/gcc/arm-none-eabi/8.3.1/../../../../arm-none-eabi/lib/thumb/v7e-m/nofp\libg.a(lib_a-mallocr.o)
 .debug_frame   0x00002d54       0x30 c:/progra~1/jetbra~1/gcc-ar~1/bin/../lib/gcc/arm-none-eabi/8.3.1/../../../../arm-none-eabi/lib/thumb/v7e-m/nofp\libg.a(lib_a-mlock.o)
 .debug_frame   0x00002d84      0x260 c:/progra~1/jetbra~1/gcc-ar~1/bin/../lib/gcc/arm-none-eabi/8.3.1/../../../../arm-none-eabi/lib/thumb/v7e-m/nofp\libg.a(lib_a-mprec.o)
 .debug_frame   0x00002fe4       0x30 c:/progra~1/jetbra~1/gcc-ar~1/bin/../lib/gcc/arm-none-eabi/8.3.1/../../../../arm-none-eabi/lib/thumb/v7e-m/nofp\libg.a(lib_a-s_frexp.o)
 .debug_frame   0x00003014       0x2c c:/progra~1/jetbra~1/gcc-ar~1/bin/../lib/gcc/arm-none-eabi/8.3.1/../../../../arm-none-eabi/lib/thumb/v7e-m/nofp\libg.a(lib_a-sbrkr.o)
 .debug_frame   0x00003040       0x38 c:/progra~1/jetbra~1/gcc-ar~1/bin/../lib/gcc/arm-none-eabi/8.3.1/../../../../arm-none-eabi/lib/thumb/v7e-m/nofp\libg.a(lib_a-strncpy.o)
 .debug_frame   0x00003078       0x78 c:/progra~1/jetbra~1/gcc-ar~1/bin/../lib/gcc/arm-none-eabi/8.3.1/../../../../arm-none-eabi/lib/thumb/v7e-m/nofp\libg.a(lib_a-svfiprintf.o)
 .debug_frame   0x000030f0       0x28 c:/progra~1/jetbra~1/gcc-ar~1/bin/../lib/gcc/arm-none-eabi/8.3.1/../../../../arm-none-eabi/lib/thumb/v7e-m/nofp\libg.a(lib_a-callocr.o)
 .debug_frame   0x00003118       0x54 c:/progra~1/jetbra~1/gcc-ar~1/bin/../lib/gcc/arm-none-eabi/8.3.1/../../../../arm-none-eabi/lib/thumb/v7e-m/nofp\libg.a(lib_a-locale.o)